Archive member included to satisfy reference by file (symbol)

/opt/devkitpro/libctru/lib/libcitro3d.a(attribs.o)
                              main.o (AttrInfo_Init)
/opt/devkitpro/libctru/lib/libcitro3d.a(base.o)
                              /opt/devkitpro/libctru/lib/libcitro3d.a(attribs.o) (__C3D_Context)
/opt/devkitpro/libctru/lib/libcitro3d.a(buffers.o)
                              main.o (BufInfo_Init)
/opt/devkitpro/libctru/lib/libcitro3d.a(drawArrays.o)
                              main.o (C3D_DrawArrays)
/opt/devkitpro/libctru/lib/libcitro3d.a(effect.o)
                              /opt/devkitpro/libctru/lib/libcitro3d.a(base.o) (C3D_DepthMap)
/opt/devkitpro/libctru/lib/libcitro3d.a(framebuffer.o)
                              /opt/devkitpro/libctru/lib/libcitro3d.a(base.o) (C3Di_FrameBufBind)
/opt/devkitpro/libctru/lib/libcitro3d.a(immediate.o)
                              /opt/devkitpro/libctru/lib/libcitro3d.a(base.o) (C3D_ImmSendAttrib)
/opt/devkitpro/libctru/lib/libcitro3d.a(light.o)
                              main.o (C3D_LightInit)
/opt/devkitpro/libctru/lib/libcitro3d.a(lightenv.o)
                              main.o (C3D_LightEnvInit)
/opt/devkitpro/libctru/lib/libcitro3d.a(lightlut.o)
                              main.o (LightLut_FromFunc)
/opt/devkitpro/libctru/lib/libcitro3d.a(renderqueue.o)
                              /opt/devkitpro/libctru/lib/libcitro3d.a(base.o) (C3Di_RenderQueueEnableVBlank)
/opt/devkitpro/libctru/lib/libcitro3d.a(texenv.o)
                              main.o (C3D_GetTexEnv)
/opt/devkitpro/libctru/lib/libcitro3d.a(texture.o)
                              /opt/devkitpro/libctru/lib/libcitro3d.a(base.o) (C3Di_SetTex)
/opt/devkitpro/libctru/lib/libcitro3d.a(uniforms.o)
                              /opt/devkitpro/libctru/lib/libcitro3d.a(base.o) (C3D_UpdateUniforms)
/opt/devkitpro/libctru/lib/libcitro3d.a(mtx_perspstereotilt.o)
                              main.o (Mtx_PerspStereoTilt)
/opt/devkitpro/libctru/lib/libcitro3d.a(mtx_rotatey.o)
                              main.o (Mtx_RotateY)
/opt/devkitpro/libctru/lib/libcitro3d.a(mtx_scale.o)
                              main.o (Mtx_Scale)
/opt/devkitpro/libctru/lib/libcitro3d.a(mtx_translate.o)
                              main.o (Mtx_Translate)
/opt/devkitpro/libctru/lib/libctru.a(linear.o)
                              main.o (linearAlloc)
/opt/devkitpro/libctru/lib/libctru.a(mem_pool.o)
                              /opt/devkitpro/libctru/lib/libctru.a(linear.o) (MemPool::Allocate(MemChunk&, unsigned long, int))
/opt/devkitpro/libctru/lib/libctru.a(vram.o)
                              /opt/devkitpro/libctru/lib/libcitro3d.a(renderqueue.o) (vramAlloc)
/opt/devkitpro/libctru/lib/libctru.a(console.o)
                              main.o (consoleInit)
/opt/devkitpro/libctru/lib/libctru.a(gfx.o)
                              main.o (gfxSet3D)
/opt/devkitpro/libctru/lib/libctru.a(os.o)
                              /opt/devkitpro/libctru/lib/libcitro3d.a(buffers.o) (osConvertVirtToPhys)
/opt/devkitpro/libctru/lib/libctru.a(gpu.o)
                              /opt/devkitpro/libctru/lib/libcitro3d.a(base.o) (gpuCmdBufOffset)
/opt/devkitpro/libctru/lib/libctru.a(gx.o)
                              /opt/devkitpro/libctru/lib/libcitro3d.a(renderqueue.o) (GX_BindQueue)
/opt/devkitpro/libctru/lib/libctru.a(gxqueue.o)
                              /opt/devkitpro/libctru/lib/libcitro3d.a(renderqueue.o) (gxCmdQueueClear)
/opt/devkitpro/libctru/lib/libctru.a(shaderProgram.o)
                              main.o (shaderInstanceGetUniformLocation)
/opt/devkitpro/libctru/lib/libctru.a(shbin.o)
                              main.o (DVLB_ParseFile)
/opt/devkitpro/libctru/lib/libctru.a(apt.o)
                              /opt/devkitpro/libctru/lib/libcitro3d.a(base.o) (aptHook)
/opt/devkitpro/libctru/lib/libctru.a(gspgpu.o)
                              /opt/devkitpro/libctru/lib/libctru.a(gfx.o) (gspInit)
/opt/devkitpro/libctru/lib/libctru.a(hid.o)
                              main.o (hidScanInput)
/opt/devkitpro/libctru/lib/libctru.a(irrst.o)
                              /opt/devkitpro/libctru/lib/libctru.a(hid.o) (irrstInit)
/opt/devkitpro/libctru/lib/libctru.a(ptmsysm.o)
                              /opt/devkitpro/libctru/lib/libctru.a(os.o) (ptmSysmInit)
/opt/devkitpro/libctru/lib/libctru.a(rbtree_find.o)
                              /opt/devkitpro/libctru/lib/libctru.a(linear.o) (rbtree_find)
/opt/devkitpro/libctru/lib/libctru.a(rbtree_init.o)
                              /opt/devkitpro/libctru/lib/libctru.a(linear.o) (rbtree_init)
/opt/devkitpro/libctru/lib/libctru.a(rbtree_insert.o)
                              /opt/devkitpro/libctru/lib/libctru.a(linear.o) (rbtree_insert)
/opt/devkitpro/libctru/lib/libctru.a(rbtree_remove.o)
                              /opt/devkitpro/libctru/lib/libctru.a(linear.o) (rbtree_remove)
/opt/devkitpro/libctru/lib/libctru.a(rbtree_rotate.o)
[...]
Memory Configuration

Name             Origin             Length             Attributes
*default*        0x00000000         0xffffffff

Linker script and memory map

                0x00000000                        __sync_synchronize = __sync_synchronize_dmb
                0x00100000                        PROVIDE (__start__ = 0x100000)
                0x00100000                        . = __start__

.text           0x00100000    0x1d8c0
 *(.crt0)
 .crt0          0x00100000       0x94 /opt/devkitpro/devkitARM/bin/../lib/gcc/arm-none-eabi/14.2.0/../../../../arm-none-eabi/lib/armv6k/fpu/3dsx_crt0.o
                0x00100000                _start
                0x00100008                __service_ptr
                0x0010000c                __apt_appid
                0x00100010                __heap_size
                0x00100014                __linear_heap_size
                0x00100018                __system_arglist
                0x0010001c                __system_runflags
 *(.init)
 .init          0x00100094        0xc /opt/devkitpro/devkitARM/bin/../lib/gcc/arm-none-eabi/14.2.0/armv6k/fpu/crti.o
                0x00100094                _init
 .init          0x001000a0        0xc /opt/devkitpro/devkitARM/bin/../lib/gcc/arm-none-eabi/14.2.0/armv6k/fpu/crtn.o
                0x001000ac                        . = ALIGN (0x4)
 *(.text)
 .text          0x001000ac      0x240 /opt/devkitpro/devkitARM/bin/../lib/gcc/arm-none-eabi/14.2.0/armv6k/fpu/libgcc.a(_divsi3.o)
                0x001000ac                __aeabi_idiv
                0x001000ac                __divsi3
                0x001002cc                __aeabi_idivmod
 .text          0x001002ec        0x4 /opt/devkitpro/devkitARM/bin/../lib/gcc/arm-none-eabi/14.2.0/armv6k/fpu/libgcc.a(_dvmd_tls.o)
                0x001002ec                __aeabi_ldiv0
                0x001002ec                __aeabi_idiv0
 .text          0x001002f0      0x3c0 /opt/devkitpro/devkitARM/bin/../lib/gcc/arm-none-eabi/14.2.0/armv6k/fpu/libgcc.a(_arm_addsubdf3.o)
                0x001002f0                __aeabi_drsub
                0x001002f8                __subdf3
                0x001002f8                __aeabi_dsub
                0x001002fc                __aeabi_dadd
                0x001002fc                __adddf3
                0x001005a8                __aeabi_ui2d
                0x001005a8                __floatunsidf
                0x001005cc                __floatsidf
                0x001005cc                __aeabi_i2d
                0x001005f4                __extendsfdf2
                0x001005f4                __aeabi_f2d
                0x0010063c                __aeabi_ul2d
                0x0010063c                __floatundidf
                0x00100650                __aeabi_l2d
                0x00100650                __floatdidf
 .text          0x001006b0       0x3c /opt/devkitpro/devkitARM/bin/../lib/gcc/arm-none-eabi/14.2.0/armv6k/fpu/libgcc.a(_aeabi_uldivmod.o)
                0x001006b0                __aeabi_uldivmod
 *fill*         0x001006ec       0x14 
 .text          0x00100700      0x390 /opt/devkitpro/devkitARM/bin/../lib/gcc/arm-none-eabi/14.2.0/../../../../arm-none-eabi/lib/armv6k/fpu/libg.a(libc_a-strcmp.o)
                0x00100708                strcmp
 .text          0x00100a90      0x20c /opt/devkitpro/devkitARM/bin/../lib/gcc/arm-none-eabi/14.2.0/armv6k/fpu/libgcc.a(_udivsi3.o)
                0x00100a90                __udivsi3
                0x00100a90                __aeabi_uidiv
                0x00100c7c                __aeabi_uidivmod
 *(.text.*)
 .text.__do_global_dtors_aux
                0x00100c9c       0x40 /opt/devkitpro/devkitARM/bin/../lib/gcc/arm-none-eabi/14.2.0/armv6k/fpu/crtbegin.o
 .text.frame_dummy
                0x00100cdc       0x2c /opt/devkitpro/devkitARM/bin/../lib/gcc/arm-none-eabi/14.2.0/armv6k/fpu/crtbegin.o
 .text.sceneRender
                0x00100d08      0x190 main.o
 .text.startup.main
                0x00100e98      0x38c main.o
                0x00100e98                main
 .text.AttrInfo_Init
                0x00101224       0x28 /opt/devkitpro/libctru/lib/libcitro3d.a(attribs.o)
                0x00101224                AttrInfo_Init
 .text.AttrInfo_AddLoader
                0x0010124c       0x94 /opt/devkitpro/libctru/lib/libcitro3d.a(attribs.o)
                0x0010124c                AttrInfo_AddLoader
 .text.C3D_GetAttrInfo
                0x001012e0       0x20 /opt/devkitpro/libctru/lib/libcitro3d.a(attribs.o)
                0x001012e0                C3D_GetAttrInfo
 .text.C3Di_AttrInfoBind
                0x00101300       0x80 /opt/devkitpro/libctru/lib/libcitro3d.a(attribs.o)
                0x00101300                C3Di_AttrInfoBind
 .text.C3Di_ProcTexUpdate
                0x00101380        0x4 /opt/devkitpro/libctru/lib/libcitro3d.a(base.o)
                0x00101380                C3Di_ProcTexUpdate
 .text.C3Di_ProcTexDirty
                0x00101384        0x4 /opt/devkitpro/libctru/lib/libcitro3d.a(base.o)
                0x00101384                C3Di_ProcTexDirty
 .text.C3Di_AptEventHook
                0x00101388       0xb4 /opt/devkitpro/libctru/lib/libcitro3d.a(base.o)
 .text.C3Di_GasUpdate
                0x0010143c        0x4 /opt/devkitpro/libctru/lib/libcitro3d.a(base.o)
                0x0010143c                C3Di_GasUpdate
 .text.C3D_Init
                0x00101440      0x1d0 /opt/devkitpro/libctru/lib/libcitro3d.a(base.o)
                0x00101440                C3D_Init
 .text.C3D_SetViewport
                0x00101610       0x98 /opt/devkitpro/libctru/lib/libcitro3d.a(base.o)
                0x00101610                C3D_SetViewport
 .text.C3Di_UpdateContext
                0x001016a8      0x4e8 /opt/devkitpro/libctru/lib/libcitro3d.a(base.o)
                0x001016a8                C3Di_UpdateContext
 .text.C3Di_SplitFrame
                0x00101b90       0xe0 /opt/devkitpro/libctru/lib/libcitro3d.a(base.o)
                0x00101b90                C3Di_SplitFrame
 .text.C3D_GetCmdBufUsage
                0x00101c70       0x10 /opt/devkitpro/libctru/lib/libcitro3d.a(base.o)
                0x00101c70                C3D_GetCmdBufUsage
 .text.C3D_Fini
                0x00101c80       0x44 /opt/devkitpro/libctru/lib/libcitro3d.a(base.o)
                0x00101c80                C3D_Fini
 .text.C3D_BindProgram
                0x00101cc4      0x194 /opt/devkitpro/libctru/lib/libcitro3d.a(base.o)
                0x00101cc4                C3D_BindProgram
 .text.BufInfo_Init
                0x00101e58       0x24 /opt/devkitpro/libctru/lib/libcitro3d.a(buffers.o)
                0x00101e58                BufInfo_Init
 .text.BufInfo_Add
                0x00101e7c       0x80 /opt/devkitpro/libctru/lib/libcitro3d.a(buffers.o)
                0x00101e7c                BufInfo_Add
 .text.C3D_GetBufInfo
                0x00101efc       0x20 /opt/devkitpro/libctru/lib/libcitro3d.a(buffers.o)
                0x00101efc                C3D_GetBufInfo
 .text.C3Di_BufInfoBind
                0x00101f1c       0x48 /opt/devkitpro/libctru/lib/libcitro3d.a(buffers.o)
                0x00101f1c                C3Di_BufInfoBind
 .text.C3D_DrawArrays
                0x00101f64      0x148 /opt/devkitpro/libctru/lib/libcitro3d.a(drawArrays.o)
                0x00101f64                C3D_DrawArrays
 .text.C3D_DepthMap
                0x001020ac       0x40 /opt/devkitpro/libctru/lib/libcitro3d.a(effect.o)
                0x001020ac                C3D_DepthMap
 .text.C3D_CullFace
                0x001020ec       0x1c /opt/devkitpro/libctru/lib/libcitro3d.a(effect.o)
                0x001020ec                C3D_CullFace
 .text.C3D_StencilTest
                0x00102108       0x40 /opt/devkitpro/libctru/lib/libcitro3d.a(effect.o)
                0x00102108                C3D_StencilTest
 .text.C3D_StencilOp
                0x00102148       0x24 /opt/devkitpro/libctru/lib/libcitro3d.a(effect.o)
                0x00102148                C3D_StencilOp
 .text.C3D_BlendingColor
                0x0010216c       0x1c /opt/devkitpro/libctru/lib/libcitro3d.a(effect.o)
                0x0010216c                C3D_BlendingColor
 .text.C3D_EarlyDepthTest
                0x00102188       0x24 /opt/devkitpro/libctru/lib/libcitro3d.a(effect.o)
                0x00102188                C3D_EarlyDepthTest
 .text.C3D_DepthTest
                0x001021ac       0x2c /opt/devkitpro/libctru/lib/libcitro3d.a(effect.o)
                0x001021ac                C3D_DepthTest
 .text.C3D_AlphaTest
                0x001021d8       0x2c /opt/devkitpro/libctru/lib/libcitro3d.a(effect.o)
                0x001021d8                C3D_AlphaTest
 .text.C3D_AlphaBlend
                0x00102204       0x50 /opt/devkitpro/libctru/lib/libcitro3d.a(effect.o)
                0x00102204                C3D_AlphaBlend
 .text.C3D_FragOpMode
                0x00102254       0x30 /opt/devkitpro/libctru/lib/libcitro3d.a(effect.o)
                0x00102254                C3D_FragOpMode
 .text.C3D_FragOpShadow
                0x00102284       0x44 /opt/devkitpro/libctru/lib/libcitro3d.a(effect.o)
                0x00102284                C3D_FragOpShadow
 .text.C3Di_EffectBind
                0x001022c8      0x1ac /opt/devkitpro/libctru/lib/libcitro3d.a(effect.o)
                0x001022c8                C3Di_EffectBind
 .text.C3D_CalcColorBufSize
                0x00102474       0x1c /opt/devkitpro/libctru/lib/libcitro3d.a(framebuffer.o)
                0x00102474                C3D_CalcColorBufSize
 .text.C3D_CalcDepthBufSize
                0x00102490       0x1c /opt/devkitpro/libctru/lib/libcitro3d.a(framebuffer.o)
                0x00102490                C3D_CalcDepthBufSize
 .text.C3D_SetFrameBuf
                0x001024ac       0x44 /opt/devkitpro/libctru/lib/libcitro3d.a(framebuffer.o)
                0x001024ac                C3D_SetFrameBuf
 .text.C3Di_FrameBufBind
                0x001024f0      0x16c /opt/devkitpro/libctru/lib/libcitro3d.a(framebuffer.o)
                0x001024f0                C3Di_FrameBufBind
 .text.C3D_FrameBufClear
                0x0010265c       0xc8 /opt/devkitpro/libctru/lib/libcitro3d.a(framebuffer.o)
                0x0010265c                C3D_FrameBufClear
 .text.C3D_FrameBufTransfer
                0x00102724       0x44 /opt/devkitpro/libctru/lib/libcitro3d.a(framebuffer.o)
                0x00102724                C3D_FrameBufTransfer
 .text.C3D_ImmSendAttrib
                0x00102768       0xa8 /opt/devkitpro/libctru/lib/libcitro3d.a(immediate.o)
                0x00102768                C3D_ImmSendAttrib
 .text.C3Di_LightMtlBlend
                0x00102810       0xdc /opt/devkitpro/libctru/lib/libcitro3d.a(light.o)
                0x00102810                C3Di_LightMtlBlend
 .text.C3D_LightInit
                0x001028ec       0x90 /opt/devkitpro/libctru/lib/libcitro3d.a(light.o)
                0x001028ec                C3D_LightInit
 .text.C3D_LightPosition
                0x0010297c       0x5c /opt/devkitpro/libctru/lib/libcitro3d.a(light.o)
                0x0010297c                C3D_LightPosition
 .text.C3Di_LightEnvUpdate
                0x001029d8      0x3a4 /opt/devkitpro/libctru/lib/libcitro3d.a(lightenv.o)
                0x001029d8                C3Di_LightEnvUpdate
 .text.C3Di_LightEnvDirty
                0x00102d7c       0x9c /opt/devkitpro/libctru/lib/libcitro3d.a(lightenv.o)
                0x00102d7c                C3Di_LightEnvDirty
 .text.C3D_LightEnvInit
                0x00102e18       0x5c /opt/devkitpro/libctru/lib/libcitro3d.a(lightenv.o)
                0x00102e18                C3D_LightEnvInit
 .text.C3D_LightEnvBind
                0x00102e74       0x2c /opt/devkitpro/libctru/lib/libcitro3d.a(lightenv.o)
                0x00102e74                C3D_LightEnvBind
 .text.C3D_LightEnvMaterial
                0x00102ea0       0x84 /opt/devkitpro/libctru/lib/libcitro3d.a(lightenv.o)
                0x00102ea0                C3D_LightEnvMaterial
 .text.C3D_LightEnvLut
                0x00102f24       0xbc /opt/devkitpro/libctru/lib/libcitro3d.a(lightenv.o)
                0x00102f24                C3D_LightEnvLut
 .text.LightLut_FromArray
                0x00102fe0       0xa8 /opt/devkitpro/libctru/lib/libcitro3d.a(lightlut.o)
                0x00102fe0                LightLut_FromArray
 .text.LightLut_FromFunc
                0x00103088       0xcc /opt/devkitpro/libctru/lib/libcitro3d.a(lightlut.o)
                0x00103088                LightLut_FromFunc
 .text.onVBlank0
                0x00103154       0x4c /opt/devkitpro/libctru/lib/libcitro3d.a(renderqueue.o)
 .text.onVBlank1
                0x001031a0       0x4c /opt/devkitpro/libctru/lib/libcitro3d.a(renderqueue.o)
 .text.C3Di_RenderTargetDestroy
                0x001031ec       0x80 /opt/devkitpro/libctru/lib/libcitro3d.a(renderqueue.o)
 .text.onQueueFinish
                0x0010326c       0xf4 /opt/devkitpro/libctru/lib/libcitro3d.a(renderqueue.o)
 .text.C3Di_RenderQueueEnableVBlank
                0x00103360       0x38 /opt/devkitpro/libctru/lib/libcitro3d.a(renderqueue.o)
                0x00103360                C3Di_RenderQueueEnableVBlank
 .text.C3Di_RenderQueueDisableVBlank
                0x00103398       0x30 /opt/devkitpro/libctru/lib/libcitro3d.a(renderqueue.o)
                0x00103398                C3Di_RenderQueueDisableVBlank
 .text.C3Di_RenderQueueInit
                0x001033c8       0x60 /opt/devkitpro/libctru/lib/libcitro3d.a(renderqueue.o)
                0x001033c8                C3Di_RenderQueueInit
 .text.C3Di_RenderQueueExit
                0x00103428       0xb4 /opt/devkitpro/libctru/lib/libcitro3d.a(renderqueue.o)
                0x00103428                C3Di_RenderQueueExit
 .text.C3Di_RenderQueueWaitDone
                0x001034dc       0x34 /opt/devkitpro/libctru/lib/libcitro3d.a(renderqueue.o)
                0x001034dc                C3Di_RenderQueueWaitDone
 .text.C3D_FrameBegin
                0x00103510       0xe8 /opt/devkitpro/libctru/lib/libcitro3d.a(renderqueue.o)
                0x00103510                C3D_FrameBegin
 .text.C3D_FrameDrawOn
                0x001035f8       0x48 /opt/devkitpro/libctru/lib/libcitro3d.a(renderqueue.o)
                0x001035f8                C3D_FrameDrawOn
 .text.C3D_FrameEnd
                0x00103640      0x1d0 /opt/devkitpro/libctru/lib/libcitro3d.a(renderqueue.o)
                0x00103640                C3D_FrameEnd
 .text.C3D_GetDrawingTime
                0x00103810       0x18 /opt/devkitpro/libctru/lib/libcitro3d.a(renderqueue.o)
                0x00103810                C3D_GetDrawingTime
 .text.C3D_GetProcessingTime
                0x00103828       0x18 /opt/devkitpro/libctru/lib/libcitro3d.a(renderqueue.o)
                0x00103828                C3D_GetProcessingTime
 .text.C3D_RenderTargetCreate
                0x00103840      0x170 /opt/devkitpro/libctru/lib/libcitro3d.a(renderqueue.o)
                0x00103840                C3D_RenderTargetCreate
 .text.C3D_RenderTargetSetOutput
                0x001039b0       0xa8 /opt/devkitpro/libctru/lib/libcitro3d.a(renderqueue.o)
                0x001039b0                C3D_RenderTargetSetOutput
 .text.C3D_GetTexEnv
                0x00103a58       0x34 /opt/devkitpro/libctru/lib/libcitro3d.a(texenv.o)
                0x00103a58                C3D_GetTexEnv
 .text.C3Di_TexEnvBind
                0x00103a8c       0x24 /opt/devkitpro/libctru/lib/libcitro3d.a(texenv.o)
                0x00103a8c                C3Di_TexEnvBind
 .text.C3Di_SetTex
                0x00103ab0      0x14c /opt/devkitpro/libctru/lib/libcitro3d.a(texture.o)
                0x00103ab0                C3Di_SetTex
 .text.C3D_UpdateUniforms
                0x00103bfc      0x290 /opt/devkitpro/libctru/lib/libcitro3d.a(uniforms.o)
                0x00103bfc                C3D_UpdateUniforms
 .text.C3Di_DirtyUniforms
                0x00103e8c       0xc0 /opt/devkitpro/libctru/lib/libcitro3d.a(uniforms.o)
                0x00103e8c                C3Di_DirtyUniforms
 .text.C3Di_LoadShaderUniforms
                0x00103f4c       0xd8 /opt/devkitpro/libctru/lib/libcitro3d.a(uniforms.o)
                0x00103f4c                C3Di_LoadShaderUniforms
 .text.C3Di_ClearShaderUniforms
                0x00104024       0x28 /opt/devkitpro/libctru/lib/libcitro3d.a(uniforms.o)
                0x00104024                C3Di_ClearShaderUniforms
 .text.Mtx_PerspStereoTilt
                0x0010404c       0xb8 /opt/devkitpro/libctru/lib/libcitro3d.a(mtx_perspstereotilt.o)
                0x0010404c                Mtx_PerspStereoTilt
 .text.Mtx_RotateY
                0x00104104       0xa0 /opt/devkitpro/libctru/lib/libcitro3d.a(mtx_rotatey.o)
                0x00104104                Mtx_RotateY
 .text.Mtx_Scale
                0x001041a4       0x38 /opt/devkitpro/libctru/lib/libcitro3d.a(mtx_scale.o)
                0x001041a4                Mtx_Scale
 .text.Mtx_Translate
                0x001041dc       0xa4 /opt/devkitpro/libctru/lib/libcitro3d.a(mtx_translate.o)
                0x001041dc                Mtx_Translate
 .text._ZL21addrMapNodeComparatorPK11rbtree_nodeS1_
                0x00104280       0x24 /opt/devkitpro/libctru/lib/libctru.a(linear.o)
 .text._ZL21addrMapNodeDestructorP11rbtree_node
                0x001042a4        0x4 /opt/devkitpro/libctru/lib/libctru.a(linear.o)
 .text.linearMemAlign
                0x001042a8      0x120 /opt/devkitpro/libctru/lib/libctru.a(linear.o)
                0x001042a8                linearMemAlign
 .text.linearAlloc
                0x001043c8        0x8 /opt/devkitpro/libctru/lib/libctru.a(linear.o)
                0x001043c8                linearAlloc
 .text.linearFree
                0x001043d0       0x5c /opt/devkitpro/libctru/lib/libctru.a(linear.o)
                0x001043d0                linearFree
 .text._ZN7MemPool13CoalesceRightEP8MemBlock
                0x0010442c       0x84 /opt/devkitpro/libctru/lib/libctru.a(mem_pool.o)
                0x0010442c                MemPool::CoalesceRight(MemBlock*)
 .text._ZN7MemPool8AllocateER8MemChunkmi
                0x001044b0      0x150 /opt/devkitpro/libctru/lib/libctru.a(mem_pool.o)
                0x001044b0                MemPool::Allocate(MemChunk&, unsigned long, int)
 .text._ZN7MemPool10DeallocateERK8MemChunk
                0x00104600       0xfc /opt/devkitpro/libctru/lib/libctru.a(mem_pool.o)
                0x00104600                MemPool::Deallocate(MemChunk const&)
 .text._ZN7MemPool12GetFreeSpaceEv
                0x001046fc       0x30 /opt/devkitpro/libctru/lib/libctru.a(mem_pool.o)
                0x001046fc                MemPool::GetFreeSpace()
 .text._ZL21addrMapNodeComparatorPK11rbtree_nodeS1_
                0x0010472c       0x24 /opt/devkitpro/libctru/lib/libctru.a(vram.o)
 .text._ZL21addrMapNodeDestructorP11rbtree_node
                0x00104750        0x4 /opt/devkitpro/libctru/lib/libctru.a(vram.o)
 .text.vramMemAlignAt
                0x00104754      0x244 /opt/devkitpro/libctru/lib/libctru.a(vram.o)
                0x00104754                vramMemAlignAt
 .text.vramAlloc
                0x00104998        0xc /opt/devkitpro/libctru/lib/libctru.a(vram.o)
                0x00104998                vramAlloc
 .text.vramAllocAt
                0x001049a4        0xc /opt/devkitpro/libctru/lib/libctru.a(vram.o)
                0x001049a4                vramAllocAt
 .text.vramFree
                0x001049b0       0x90 /opt/devkitpro/libctru/lib/libctru.a(vram.o)
                0x001049b0                vramFree
 .text.consoleHandleColorEsc
                0x00104a40      0x45c /opt/devkitpro/libctru/lib/libctru.a(console.o)
 .text.consoleColorStateShift
                0x00104e9c       0xb8 /opt/devkitpro/libctru/lib/libctru.a(console.o)
 .text.consoleDrawChar
                0x00104f54      0x1ac /opt/devkitpro/libctru/lib/libctru.a(console.o)
                0x00104f54                consoleDrawChar
 .text.consolePrintChar
                0x00105100      0x11c /opt/devkitpro/libctru/lib/libctru.a(console.o)
                0x00105100                consolePrintChar
 .text.con_write
                0x0010521c      0x5ec /opt/devkitpro/libctru/lib/libctru.a(console.o)
                0x0010521c                con_write
 .text.newRow   0x00105808      0x124 /opt/devkitpro/libctru/lib/libctru.a(console.o)
 .text.consoleInit
                0x0010592c      0x18c /opt/devkitpro/libctru/lib/libctru.a(console.o)
                0x0010592c                consoleInit
 .text.gfxPresentFramebuffer
                0x00105ab8       0xd0 /opt/devkitpro/libctru/lib/libctru.a(gfx.o)
 .text.gfxSet3D
                0x00105b88       0x10 /opt/devkitpro/libctru/lib/libctru.a(gfx.o)
                0x00105b88                gfxSet3D
 .text.gfxIsWide
                0x00105b98       0x1c /opt/devkitpro/libctru/lib/libctru.a(gfx.o)
                0x00105b98                gfxIsWide
 .text.gfxSetScreenFormat
                0x00105bb4       0xec /opt/devkitpro/libctru/lib/libctru.a(gfx.o)
                0x00105bb4                gfxSetScreenFormat
 .text.gfxSetDoubleBuffering
                0x00105ca0       0x10 /opt/devkitpro/libctru/lib/libctru.a(gfx.o)
                0x00105ca0                gfxSetDoubleBuffering
 .text.gfxInit  0x00105cb0       0xd8 /opt/devkitpro/libctru/lib/libctru.a(gfx.o)
                0x00105cb0                gfxInit
 .text.gfxInitDefault
                0x00105d88       0x10 /opt/devkitpro/libctru/lib/libctru.a(gfx.o)
                0x00105d88                gfxInitDefault
 .text.gfxExit  0x00105d98       0xb4 /opt/devkitpro/libctru/lib/libctru.a(gfx.o)
                0x00105d98                gfxExit
 .text.gfxGetFramebuffer
                0x00105e4c       0xa0 /opt/devkitpro/libctru/lib/libctru.a(gfx.o)
                0x00105e4c                gfxGetFramebuffer
 .text.gfxFlushBuffers
                0x00105eec      0x100 /opt/devkitpro/libctru/lib/libctru.a(gfx.o)
                0x00105eec                gfxFlushBuffers
 .text.gfxScreenSwapBuffers
                0x00105fec       0x30 /opt/devkitpro/libctru/lib/libctru.a(gfx.o)
                0x00105fec                gfxScreenSwapBuffers
 .text.gfxSwapBuffersGpu
                0x0010601c       0x50 /opt/devkitpro/libctru/lib/libctru.a(gfx.o)
                0x0010601c                gfxSwapBuffersGpu
 .text.osConvertVirtToPhys
                0x0010606c       0x74 /opt/devkitpro/libctru/lib/libctru.a(os.o)
                0x0010606c                osConvertVirtToPhys
 .text.osTickCounterRead
                0x001060e0       0x38 /opt/devkitpro/libctru/lib/libctru.a(os.o)
                0x001060e0                osTickCounterRead
 .text.__ctru_speedup_config
                0x00106118       0x34 /opt/devkitpro/libctru/lib/libctru.a(os.o)
                0x00106118                __ctru_speedup_config
 .text.GPUCMD_Add
                0x0010614c      0x13c /opt/devkitpro/libctru/lib/libctru.a(gpu.o)
                0x0010614c                GPUCMD_Add
 .text.GPUCMD_Split
                0x00106288       0xb0 /opt/devkitpro/libctru/lib/libctru.a(gpu.o)
                0x00106288                GPUCMD_Split
 .text.f32tof16
                0x00106338       0x34 /opt/devkitpro/libctru/lib/libctru.a(gpu.o)
                0x00106338                f32tof16
 .text.f32tof24
                0x0010636c       0x34 /opt/devkitpro/libctru/lib/libctru.a(gpu.o)
                0x0010636c                f32tof24
 .text.f32tof31
                0x001063a0       0x38 /opt/devkitpro/libctru/lib/libctru.a(gpu.o)
                0x001063a0                f32tof31
 .text.GX_BindQueue
                0x001063d8       0x10 /opt/devkitpro/libctru/lib/libctru.a(gx.o)
                0x001063d8                GX_BindQueue
 .text.GX_ProcessCommandList
                0x001063e8       0x78 /opt/devkitpro/libctru/lib/libctru.a(gx.o)
                0x001063e8                GX_ProcessCommandList
 .text.GX_MemoryFill
                0x00106460       0x74 /opt/devkitpro/libctru/lib/libctru.a(gx.o)
                0x00106460                GX_MemoryFill
 .text.GX_DisplayTransfer
                0x001064d4       0x70 /opt/devkitpro/libctru/lib/libctru.a(gx.o)
                0x001064d4                GX_DisplayTransfer
 .text.gxCmdQueueDoCommands.part.0
                0x00106544       0x68 /opt/devkitpro/libctru/lib/libctru.a(gxqueue.o)
 .text.gxCmdQueueInterrupt
                0x001065ac       0xc8 /opt/devkitpro/libctru/lib/libctru.a(gxqueue.o)
                0x001065ac                gxCmdQueueInterrupt
 .text.gxCmdQueueClear
                0x00106674       0x4c /opt/devkitpro/libctru/lib/libctru.a(gxqueue.o)
                0x00106674                gxCmdQueueClear
 .text.gxCmdQueueAdd
                0x001066c0       0xf8 /opt/devkitpro/libctru/lib/libctru.a(gxqueue.o)
                0x001066c0                gxCmdQueueAdd
 .text.gxCmdQueueRun
                0x001067b8       0x80 /opt/devkitpro/libctru/lib/libctru.a(gxqueue.o)
                0x001067b8                gxCmdQueueRun
 .text.gxCmdQueueStop
                0x00106838       0x60 /opt/devkitpro/libctru/lib/libctru.a(gxqueue.o)
                0x00106838                gxCmdQueueStop
 .text.gxCmdQueueWait
                0x00106898       0x8c /opt/devkitpro/libctru/lib/libctru.a(gxqueue.o)
                0x00106898                gxCmdQueueWait
 .text.shaderInstanceInit
                0x00106924      0x1d0 /opt/devkitpro/libctru/lib/libctru.a(shaderProgram.o)
                0x00106924                shaderInstanceInit
 .text.shaderInstanceGetUniformLocation
                0x00106af4       0x18 /opt/devkitpro/libctru/lib/libctru.a(shaderProgram.o)
                0x00106af4                shaderInstanceGetUniformLocation
 .text.shaderProgramInit
                0x00106b0c       0x1c /opt/devkitpro/libctru/lib/libctru.a(shaderProgram.o)
                0x00106b0c                shaderProgramInit
 .text.shaderProgramFree
                0x00106b28       0x64 /opt/devkitpro/libctru/lib/libctru.a(shaderProgram.o)
                0x00106b28                shaderProgramFree
 .text.shaderProgramSetVsh
                0x00106b8c       0x80 /opt/devkitpro/libctru/lib/libctru.a(shaderProgram.o)
                0x00106b8c                shaderProgramSetVsh
 .text.shaderProgramConfigure
                0x00106c0c      0x8d0 /opt/devkitpro/libctru/lib/libctru.a(shaderProgram.o)
                0x00106c0c                shaderProgramConfigure
 .text.DVLE_GenerateOutmap.part.0
                0x001074dc      0x1dc /opt/devkitpro/libctru/lib/libctru.a(shbin.o)
 .text.DVLB_ParseFile
                0x001076b8      0x1b0 /opt/devkitpro/libctru/lib/libctru.a(shbin.o)
                0x001076b8                DVLB_ParseFile
 .text.DVLB_Free
                0x00107868       0x38 /opt/devkitpro/libctru/lib/libctru.a(shbin.o)
                0x00107868                DVLB_Free
 .text.DVLE_GetUniformRegister
                0x001078a0       0x74 /opt/devkitpro/libctru/lib/libctru.a(shbin.o)
                0x001078a0                DVLE_GetUniformRegister
 .text.aptConvertScreenForCapture
                0x00107914      0x1b0 /opt/devkitpro/libctru/lib/libctru.a(apt.o)
 .text.aptDspSleep
                0x00107ac4        0x8 /opt/devkitpro/libctru/lib/libctru.a(apt.o)
                0x00107ac4                aptDspSleep
 .text.aptDspWakeup
                0x00107acc        0x4 /opt/devkitpro/libctru/lib/libctru.a(apt.o)
                0x00107acc                aptDspWakeup
 .text.aptDspCancel
                0x00107ad0        0x4 /opt/devkitpro/libctru/lib/libctru.a(apt.o)
                0x00107ad0                aptDspCancel
 .text.aptSendCommand
                0x00107ad4      0x158 /opt/devkitpro/libctru/lib/libctru.a(apt.o)
                0x00107ad4                aptSendCommand
 *fill*         0x00107c2c        0x4 
 .text.aptExitProcess
                0x00107c30       0x44 /opt/devkitpro/libctru/lib/libctru.a(apt.o)
 .text.aptExit  0x00107c74      0x380 /opt/devkitpro/libctru/lib/libctru.a(apt.o)
                0x00107c74                aptExit
 .text.aptHandleSleep
                0x00107ff4       0xd8 /opt/devkitpro/libctru/lib/libctru.a(apt.o)
                0x00107ff4                aptHandleSleep
 .text.aptHook  0x001080cc       0x30 /opt/devkitpro/libctru/lib/libctru.a(apt.o)
                0x001080cc                aptHook
 .text.aptUnhook
                0x001080fc       0x30 /opt/devkitpro/libctru/lib/libctru.a(apt.o)
                0x001080fc                aptUnhook
 .text.APT_SleepIfShellClosed
                0x0010812c       0x84 /opt/devkitpro/libctru/lib/libctru.a(apt.o)
                0x0010812c                APT_SleepIfShellClosed
 .text.aptSetSleepAllowed
                0x001081b0       0x78 /opt/devkitpro/libctru/lib/libctru.a(apt.o)
                0x001081b0                aptSetSleepAllowed
 .text.APT_UnlockTransition
                0x00108228       0x84 /opt/devkitpro/libctru/lib/libctru.a(apt.o)
                0x00108228                APT_UnlockTransition
 *fill*         0x001082ac        0x4 
 .text.aptEventHandler
                0x001082b0      0x478 /opt/devkitpro/libctru/lib/libctru.a(apt.o)
 .text.APT_ReceiveParameter
                0x00108728       0xb0 /opt/devkitpro/libctru/lib/libctru.a(apt.o)
                0x00108728                APT_ReceiveParameter
 .text.aptReceiveParameter.constprop.0
                0x001087d8       0xac /opt/devkitpro/libctru/lib/libctru.a(apt.o)
 *fill*         0x00108884        0x4 
 .text.aptScreenTransfer
                0x00108888      0x294 /opt/devkitpro/libctru/lib/libctru.a(apt.o)
 .text.aptWaitForWakeUp.isra.0
                0x00108b1c      0x2c8 /opt/devkitpro/libctru/lib/libctru.a(apt.o)
 .text.aptJumpToHomeMenu
                0x00108de4       0xf4 /opt/devkitpro/libctru/lib/libctru.a(apt.o)
                0x00108de4                aptJumpToHomeMenu
 .text.aptMainLoop
                0x00108ed8       0x48 /opt/devkitpro/libctru/lib/libctru.a(apt.o)
                0x00108ed8                aptMainLoop
 .text.aptInit  0x00108f20      0x22c /opt/devkitpro/libctru/lib/libctru.a(apt.o)
                0x00108f20                aptInit
 .text.APT_CheckNew3DS
                0x0010914c       0x7c /opt/devkitpro/libctru/lib/libctru.a(apt.o)
                0x0010914c                APT_CheckNew3DS
 .text.gspHardwareInit
                0x001091c8      0xc70 /opt/devkitpro/libctru/lib/libctru.a(gspgpu.o)
 .text.gspInit  0x00109e38      0x248 /opt/devkitpro/libctru/lib/libctru.a(gspgpu.o)
                0x00109e38                gspInit
 .text.gspExit  0x0010a080       0xe4 /opt/devkitpro/libctru/lib/libctru.a(gspgpu.o)
                0x0010a080                gspExit
 .text.gspHasGpuRight
                0x0010a164       0x10 /opt/devkitpro/libctru/lib/libctru.a(gspgpu.o)
                0x0010a164                gspHasGpuRight
 .text.gspPresentBuffer
                0x0010a174       0xa0 /opt/devkitpro/libctru/lib/libctru.a(gspgpu.o)
                0x0010a174                gspPresentBuffer
 .text.gspSetEventCallback
                0x0010a214       0x30 /opt/devkitpro/libctru/lib/libctru.a(gspgpu.o)
                0x0010a214                gspSetEventCallback
 .text.gspWaitForEvent
                0x0010a244       0x44 /opt/devkitpro/libctru/lib/libctru.a(gspgpu.o)
                0x0010a244                gspWaitForEvent
 .text.gspWaitForAnyEvent
                0x0010a288       0x4c /opt/devkitpro/libctru/lib/libctru.a(gspgpu.o)
                0x0010a288                gspWaitForAnyEvent
 .text.gspEventThreadMain
                0x0010a2d4      0x160 /opt/devkitpro/libctru/lib/libctru.a(gspgpu.o)
 .text.gspSubmitGxCommand
                0x0010a434      0x130 /opt/devkitpro/libctru/lib/libctru.a(gspgpu.o)
                0x0010a434                gspSubmitGxCommand
 .text.GSPGPU_FlushDataCache
                0x0010a564       0x50 /opt/devkitpro/libctru/lib/libctru.a(gspgpu.o)
                0x0010a564                GSPGPU_FlushDataCache
 .text.GSPGPU_SetLcdForceBlack
                0x0010a5b4       0x34 /opt/devkitpro/libctru/lib/libctru.a(gspgpu.o)
                0x0010a5b4                GSPGPU_SetLcdForceBlack
 .text.GSPGPU_AcquireRight
                0x0010a5e8       0x68 /opt/devkitpro/libctru/lib/libctru.a(gspgpu.o)
                0x0010a5e8                GSPGPU_AcquireRight
 .text.GSPGPU_ReleaseRight
                0x0010a650       0x48 /opt/devkitpro/libctru/lib/libctru.a(gspgpu.o)
                0x0010a650                GSPGPU_ReleaseRight
 .text.GSPGPU_ImportDisplayCaptureInfo
                0x0010a698       0x7c /opt/devkitpro/libctru/lib/libctru.a(gspgpu.o)
                0x0010a698                GSPGPU_ImportDisplayCaptureInfo
 .text.GSPGPU_SaveVramSysArea
                0x0010a714       0x2c /opt/devkitpro/libctru/lib/libctru.a(gspgpu.o)
                0x0010a714                GSPGPU_SaveVramSysArea
 .text.GSPGPU_RestoreVramSysArea
                0x0010a740       0x2c /opt/devkitpro/libctru/lib/libctru.a(gspgpu.o)
                0x0010a740                GSPGPU_RestoreVramSysArea
 .text.hidShouldUseIrrst
                0x0010a76c       0x24 /opt/devkitpro/libctru/lib/libctru.a(hid.o)
                0x0010a76c                hidShouldUseIrrst
 .text.hidInit  0x0010a790      0x18c /opt/devkitpro/libctru/lib/libctru.a(hid.o)
                0x0010a790                hidInit
 .text.hidExit  0x0010a91c       0xe8 /opt/devkitpro/libctru/lib/libctru.a(hid.o)
                0x0010a91c                hidExit
 .text.hidScanInput
                0x0010aa04      0x2a4 /opt/devkitpro/libctru/lib/libctru.a(hid.o)
                0x0010aa04                hidScanInput
 .text.hidKeysHeld
                0x0010aca8       0x10 /opt/devkitpro/libctru/lib/libctru.a(hid.o)
                0x0010aca8                hidKeysHeld
 .text.hidKeysDown
                0x0010acb8       0x10 /opt/devkitpro/libctru/lib/libctru.a(hid.o)
                0x0010acb8                hidKeysDown
 .text.irrstInit
                0x0010acc8      0x160 /opt/devkitpro/libctru/lib/libctru.a(irrst.o)
                0x0010acc8                irrstInit
 .text.irrstExit
                0x0010ae28       0xcc /opt/devkitpro/libctru/lib/libctru.a(irrst.o)
                0x0010ae28                irrstExit
 .text.irrstScanInput
                0x0010aef4       0xb4 /opt/devkitpro/libctru/lib/libctru.a(irrst.o)
                0x0010aef4                irrstScanInput
 .text.irrstKeysHeld
                0x0010afa8       0x24 /opt/devkitpro/libctru/lib/libctru.a(irrst.o)
                0x0010afa8                irrstKeysHeld
 .text.ptmSysmInit
                0x0010afcc       0x74 /opt/devkitpro/libctru/lib/libctru.a(ptmsysm.o)
                0x0010afcc                ptmSysmInit
 .text.ptmSysmExit
                0x0010b040       0x3c /opt/devkitpro/libctru/lib/libctru.a(ptmsysm.o)
                0x0010b040                ptmSysmExit
 .text.PTMSYSM_ConfigureNew3DSCPU
                0x0010b07c       0x34 /opt/devkitpro/libctru/lib/libctru.a(ptmsysm.o)
                0x0010b07c                PTMSYSM_ConfigureNew3DSCPU
 .text.rbtree_find
                0x0010b0b0       0x74 /opt/devkitpro/libctru/lib/libctru.a(rbtree_find.o)
                0x0010b0b0                rbtree_find
 .text.rbtree_init
                0x0010b124       0x10 /opt/devkitpro/libctru/lib/libctru.a(rbtree_init.o)
                0x0010b124                rbtree_init
 .text.do_insert
                0x0010b134      0x19c /opt/devkitpro/libctru/lib/libctru.a(rbtree_insert.o)
 .text.rbtree_insert
                0x0010b2d0        0x8 /opt/devkitpro/libctru/lib/libctru.a(rbtree_insert.o)
                0x0010b2d0                rbtree_insert
 .text.rbtree_remove
                0x0010b2d8      0x310 /opt/devkitpro/libctru/lib/libctru.a(rbtree_remove.o)
                0x0010b2d8                rbtree_remove
 .text.rbtree_rotate
                0x0010b5e8       0x90 /opt/devkitpro/libctru/lib/libctru.a(rbtree_rotate.o)
                0x0010b5e8                rbtree_rotate
 .text.__system_allocateHeaps
                0x0010b678      0x1e0 /opt/devkitpro/libctru/lib/libctru.a(allocateHeaps.o)
                0x0010b678                __system_allocateHeaps
 .text.__libctru_init
                0x0010b858       0x38 /opt/devkitpro/libctru/lib/libctru.a(ctru_init.o)
                0x0010b858                __libctru_init
 .text.__system_initArgv
                0x0010b890      0x160 /opt/devkitpro/libctru/lib/libctru.a(initArgv.o)
                0x0010b890                __system_initArgv
 .text.__syscall_getreent
                0x0010b9f0       0x30 /opt/devkitpro/libctru/lib/libctru.a(syscalls.o)
                0x0010b9f0                __syscall_getreent
 .text.__syscall_lock_acquire
                0x0010ba20        0x4 /opt/devkitpro/libctru/lib/libctru.a(syscalls.o)
                0x0010ba20                __syscall_lock_acquire
 .text.__syscall_lock_release
                0x0010ba24        0x4 /opt/devkitpro/libctru/lib/libctru.a(syscalls.o)
                0x0010ba24                __syscall_lock_release
 .text.__syscall_lock_acquire_recursive
                0x0010ba28        0x4 /opt/devkitpro/libctru/lib/libctru.a(syscalls.o)
                0x0010ba28                __syscall_lock_acquire_recursive
 .text.__syscall_lock_release_recursive
                0x0010ba2c        0x4 /opt/devkitpro/libctru/lib/libctru.a(syscalls.o)
                0x0010ba2c                __syscall_lock_release_recursive
 .text.__syscall_exit
                0x0010ba30        0x4 /opt/devkitpro/libctru/lib/libctru.a(syscalls.o)
                0x0010ba30                __syscall_exit
 .text.initThreadVars
                0x0010ba34       0x50 /opt/devkitpro/libctru/lib/libctru.a(syscalls.o)
                0x0010ba34                initThreadVars
 .text.__system_initSyscalls
                0x0010ba84       0x80 /opt/devkitpro/libctru/lib/libctru.a(syscalls.o)
                0x0010ba84                __system_initSyscalls
 .text.svcControlMemory
                0x0010bb04       0x20 /opt/devkitpro/libctru/lib/libctru.a(svc.o)
                0x0010bb04                svcControlMemory
 .text.svcQueryMemory
                0x0010bb24       0x30 /opt/devkitpro/libctru/lib/libctru.a(svc.o)
                0x0010bb24                svcQueryMemory
 .text.svcExitProcess
                0x0010bb54        0x8 /opt/devkitpro/libctru/lib/libctru.a(svc.o)
                0x0010bb54                svcExitProcess
 .text.svcCreateThread
                0x0010bb5c       0x20 /opt/devkitpro/libctru/lib/libctru.a(svc.o)
                0x0010bb5c                svcCreateThread
 .text.svcExitThread
                0x0010bb7c        0x8 /opt/devkitpro/libctru/lib/libctru.a(svc.o)
                0x0010bb7c                svcExitThread
 .text.svcSleepThread
                0x0010bb84        0x8 /opt/devkitpro/libctru/lib/libctru.a(svc.o)
                0x0010bb84                svcSleepThread
 .text.svcReleaseMutex
                0x0010bb8c        0x8 /opt/devkitpro/libctru/lib/libctru.a(svc.o)
                0x0010bb8c                svcReleaseMutex
 .text.svcCreateEvent
                0x0010bb94       0x14 /opt/devkitpro/libctru/lib/libctru.a(svc.o)
                0x0010bb94                svcCreateEvent
 .text.svcSignalEvent
                0x0010bba8        0x8 /opt/devkitpro/libctru/lib/libctru.a(svc.o)
                0x0010bba8                svcSignalEvent
 .text.svcClearEvent
                0x0010bbb0        0x8 /opt/devkitpro/libctru/lib/libctru.a(svc.o)
                0x0010bbb0                svcClearEvent
 .text.svcMapMemoryBlock
                0x0010bbb8        0x8 /opt/devkitpro/libctru/lib/libctru.a(svc.o)
                0x0010bbb8                svcMapMemoryBlock
 .text.svcUnmapMemoryBlock
                0x0010bbc0        0x8 /opt/devkitpro/libctru/lib/libctru.a(svc.o)
                0x0010bbc0                svcUnmapMemoryBlock
 .text.svcCreateAddressArbiter
                0x0010bbc8       0x14 /opt/devkitpro/libctru/lib/libctru.a(svc.o)
                0x0010bbc8                svcCreateAddressArbiter
 .text.svcArbitrateAddressNoTimeout
                0x0010bbdc        0x8 /opt/devkitpro/libctru/lib/libctru.a(svc.o)
                0x0010bbdc                svcArbitrateAddressNoTimeout
 .text.svcCloseHandle
                0x0010bbe4        0x8 /opt/devkitpro/libctru/lib/libctru.a(svc.o)
                0x0010bbe4                svcCloseHandle
 .text.svcWaitSynchronization
                0x0010bbec        0x8 /opt/devkitpro/libctru/lib/libctru.a(svc.o)
                0x0010bbec                svcWaitSynchronization
 .text.svcWaitSynchronizationN
                0x0010bbf4       0x28 /opt/devkitpro/libctru/lib/libctru.a(svc.o)
                0x0010bbf4                svcWaitSynchronizationN
 .text.svcDuplicateHandle
                0x0010bc1c       0x14 /opt/devkitpro/libctru/lib/libctru.a(svc.o)
                0x0010bc1c                svcDuplicateHandle
 .text.svcGetSystemTick
                0x0010bc30        0x8 /opt/devkitpro/libctru/lib/libctru.a(svc.o)
                0x0010bc30                svcGetSystemTick
 .text.svcConnectToPort
                0x0010bc38       0x14 /opt/devkitpro/libctru/lib/libctru.a(svc.o)
                0x0010bc38                svcConnectToPort
 .text.svcSendSyncRequest
                0x0010bc4c        0x8 /opt/devkitpro/libctru/lib/libctru.a(svc.o)
                0x0010bc4c                svcSendSyncRequest
 .text.svcGetResourceLimit
                0x0010bc54       0x14 /opt/devkitpro/libctru/lib/libctru.a(svc.o)
                0x0010bc54                svcGetResourceLimit
 .text.svcGetResourceLimitLimitValues
                0x0010bc68        0x8 /opt/devkitpro/libctru/lib/libctru.a(svc.o)
                0x0010bc68                svcGetResourceLimitLimitValues
 .text.svcGetResourceLimitCurrentValues
                0x0010bc70        0x8 /opt/devkitpro/libctru/lib/libctru.a(svc.o)
                0x0010bc70                svcGetResourceLimitCurrentValues
 .text.svcBreak
                0x0010bc78        0x8 /opt/devkitpro/libctru/lib/libctru.a(svc.o)
                0x0010bc78                svcBreak
 .text.initSystem
                0x0010bc80       0x50 /opt/devkitpro/libctru/lib/libctru.a(stack_adjust.o)
                0x0010bc80                initSystem
 .text.__ctru_exit
                0x0010bcd0       0x14 /opt/devkitpro/libctru/lib/libctru.a(stack_adjust.o)
                0x0010bcd0                __ctru_exit
 .text.envGetHandle
                0x0010bce4       0x84 /opt/devkitpro/libctru/lib/libctru.a(env.o)
                0x0010bce4                envGetHandle
 .text.envDestroyHandles
                0x0010bd68       0x50 /opt/devkitpro/libctru/lib/libctru.a(env.o)
                0x0010bd68                envDestroyHandles
 .text.srvInit  0x0010bdb8      0x12c /opt/devkitpro/libctru/lib/libctru.a(srv.o)
                0x0010bdb8                srvInit
 .text.srvExit  0x0010bee4       0x58 /opt/devkitpro/libctru/lib/libctru.a(srv.o)
                0x0010bee4                srvExit
 .text.srvEnableNotification
                0x0010bf3c       0x60 /opt/devkitpro/libctru/lib/libctru.a(srv.o)
                0x0010bf3c                srvEnableNotification
 .text.srvGetServiceHandleDirect
                0x0010bf9c       0xa0 /opt/devkitpro/libctru/lib/libctru.a(srv.o)
                0x0010bf9c                srvGetServiceHandleDirect
 .text.srvGetServiceHandle
                0x0010c03c       0x38 /opt/devkitpro/libctru/lib/libctru.a(srv.o)
                0x0010c03c                srvGetServiceHandle
 .text.srvSubscribe
                0x0010c074       0x34 /opt/devkitpro/libctru/lib/libctru.a(srv.o)
                0x0010c074                srvSubscribe
 .text.srvReceiveNotification
                0x0010c0a8       0x60 /opt/devkitpro/libctru/lib/libctru.a(srv.o)
                0x0010c0a8                srvReceiveNotification
 .text.srvPublishToSubscriber
                0x0010c108       0x38 /opt/devkitpro/libctru/lib/libctru.a(srv.o)
                0x0010c108                srvPublishToSubscriber
 .text.__sync_init
                0x0010c140        0xc /opt/devkitpro/libctru/lib/libctru.a(synchronization.o)
                0x0010c140                __sync_init
 .text.__sync_fini
                0x0010c14c       0x18 /opt/devkitpro/libctru/lib/libctru.a(synchronization.o)
                0x0010c14c                __sync_fini
 .text.syncArbitrateAddress
                0x0010c164       0x2c /opt/devkitpro/libctru/lib/libctru.a(synchronization.o)
                0x0010c164                syncArbitrateAddress
 .text.LightLock_Lock
                0x0010c190       0xb0 /opt/devkitpro/libctru/lib/libctru.a(synchronization.o)
                0x0010c190                LightLock_Lock
 .text.LightLock_Unlock
                0x0010c240       0x40 /opt/devkitpro/libctru/lib/libctru.a(synchronization.o)
                0x0010c240                LightLock_Unlock
 .text.RecursiveLock_Lock
                0x0010c280       0x30 /opt/devkitpro/libctru/lib/libctru.a(synchronization.o)
                0x0010c280                RecursiveLock_Lock
 .text.RecursiveLock_Unlock
                0x0010c2b0       0x54 /opt/devkitpro/libctru/lib/libctru.a(synchronization.o)
                0x0010c2b0                RecursiveLock_Unlock
 .text.LightEvent_Init
                0x0010c304       0x40 /opt/devkitpro/libctru/lib/libctru.a(synchronization.o)
                0x0010c304                LightEvent_Init
 .text.LightEvent_Clear
                0x0010c344       0xa4 /opt/devkitpro/libctru/lib/libctru.a(synchronization.o)
                0x0010c344                LightEvent_Clear
 .text.LightEvent_Signal
                0x0010c3e8       0xc8 /opt/devkitpro/libctru/lib/libctru.a(synchronization.o)
                0x0010c3e8                LightEvent_Signal
 .text.LightEvent_TryWait
                0x0010c4b0       0x50 /opt/devkitpro/libctru/lib/libctru.a(synchronization.o)
                0x0010c4b0                LightEvent_TryWait
 .text.LightEvent_Wait
                0x0010c500       0xa0 /opt/devkitpro/libctru/lib/libctru.a(synchronization.o)
                0x0010c500                LightEvent_Wait
 .text.threadCreate
                0x0010c5a0      0x1d4 /opt/devkitpro/libctru/lib/libctru.a(thread.o)
                0x0010c5a0                threadCreate
 .text.threadFree
                0x0010c774       0x2c /opt/devkitpro/libctru/lib/libctru.a(thread.o)
                0x0010c774                threadFree
 .text.threadJoin
                0x0010c7a0       0x24 /opt/devkitpro/libctru/lib/libctru.a(thread.o)
                0x0010c7a0                threadJoin
 .text.threadGetCurrent
                0x0010c7c4       0x30 /opt/devkitpro/libctru/lib/libctru.a(thread.o)
                0x0010c7c4                threadGetCurrent
 .text.threadExit
                0x0010c7f4       0x40 /opt/devkitpro/libctru/lib/libctru.a(thread.o)
                0x0010c7f4                threadExit
 .text._thread_begin
                0x0010c834       0x20 /opt/devkitpro/libctru/lib/libctru.a(thread.o)
 .text.mappableFindAddressWithin
                0x0010c854       0x90 /opt/devkitpro/libctru/lib/libctru.a(mappable.o)
 .text.mappableInit
                0x0010c8e4       0x28 /opt/devkitpro/libctru/lib/libctru.a(mappable.o)
                0x0010c8e4                mappableInit
 .text.mappableAlloc
                0x0010c90c       0x80 /opt/devkitpro/libctru/lib/libctru.a(mappable.o)
                0x0010c90c                mappableAlloc
 .text.mappableFree
                0x0010c98c        0x4 /opt/devkitpro/libctru/lib/libctru.a(mappable.o)
                0x0010c98c                mappableFree
 .text.srvPmGetSessionHandle
                0x0010c990        0xc /opt/devkitpro/libctru/lib/libctru.a(srvpm.o)
                0x0010c990                srvPmGetSessionHandle
 .text.rbtree_node_next
                0x0010c99c       0x5c /opt/devkitpro/libctru/lib/libctru.a(rbtree_iterator.o)
                0x0010c99c                rbtree_node_next
 .text.__appExit
                0x0010c9f8       0x30 /opt/devkitpro/libctru/lib/libctru.a(appExit.o)
                0x0010c9f8                __appExit
 .text.__appInit
                0x0010ca28       0x30 /opt/devkitpro/libctru/lib/libctru.a(appInit.o)
                0x0010ca28                __appInit
 .text.__libctru_exit
                0x0010ca58       0x90 /opt/devkitpro/libctru/lib/libctru.a(ctru_exit.o)
                0x0010ca58                __libctru_exit
 .text.archive_link
                0x0010cae8       0x14 /opt/devkitpro/libctru/lib/libctru.a(archive_dev.o)
 .text.archive_dirreset
                0x0010cafc       0x14 /opt/devkitpro/libctru/lib/libctru.a(archive_dev.o)
 .text.archive_chmod
                0x0010cb10       0x14 /opt/devkitpro/libctru/lib/libctru.a(archive_dev.o)
 .text.error_cmp
                0x0010cb24       0x24 /opt/devkitpro/libctru/lib/libctru.a(archive_dev.o)
 .text.archive_translate_error
                0x0010cb48       0x50 /opt/devkitpro/libctru/lib/libctru.a(archive_dev.o)
 .text.archive_seek
                0x0010cb98       0xc4 /opt/devkitpro/libctru/lib/libctru.a(archive_dev.o)
 .text._archiveInit.part.0
                0x0010cc5c       0x78 /opt/devkitpro/libctru/lib/libctru.a(archive_dev.o)
 .text.archiveFindDevice.part.0
                0x0010ccd4       0xc4 /opt/devkitpro/libctru/lib/libctru.a(archive_dev.o)
 .text.archive_utf16path
                0x0010cd98      0x290 /opt/devkitpro/libctru/lib/libctru.a(archive_dev.o)
 .text._archiveUnmountDeviceStruct.part.0
                0x0010d028       0x9c /opt/devkitpro/libctru/lib/libctru.a(archive_dev.o)
 .text.archive_statvfs
                0x0010d0c4       0x14 /opt/devkitpro/libctru/lib/libctru.a(archive_dev.o)
 .text.archive_fchmod
                0x0010d0d8       0x14 /opt/devkitpro/libctru/lib/libctru.a(archive_dev.o)
 .text._archiveMountDevice
                0x0010d0ec      0x168 /opt/devkitpro/libctru/lib/libctru.a(archive_dev.o)
 .text.archive_diropen
                0x0010d254       0xe8 /opt/devkitpro/libctru/lib/libctru.a(archive_dev.o)
 .text.archive_fstat
                0x0010d33c       0xa4 /opt/devkitpro/libctru/lib/libctru.a(archive_dev.o)
 .text.archive_fsync
                0x0010d3e0       0x6c /opt/devkitpro/libctru/lib/libctru.a(archive_dev.o)
 .text.archive_close
                0x0010d44c       0x6c /opt/devkitpro/libctru/lib/libctru.a(archive_dev.o)
 .text.archive_dirclose
                0x0010d4b8       0x70 /opt/devkitpro/libctru/lib/libctru.a(archive_dev.o)
 .text.sdmc_statvfs
                0x0010d528       0xe4 /opt/devkitpro/libctru/lib/libctru.a(archive_dev.o)
 .text.archive_chdir
                0x0010d60c       0xec /opt/devkitpro/libctru/lib/libctru.a(archive_dev.o)
 .text.archive_ftruncate
                0x0010d6f8       0x7c /opt/devkitpro/libctru/lib/libctru.a(archive_dev.o)
 .text.archive_read
                0x0010d774       0xac /opt/devkitpro/libctru/lib/libctru.a(archive_dev.o)
 .text.archive_unlink
                0x0010d820       0xa4 /opt/devkitpro/libctru/lib/libctru.a(archive_dev.o)
 .text.archive_rmdir
                0x0010d8c4       0xbc /opt/devkitpro/libctru/lib/libctru.a(archive_dev.o)
 .text.archive_mkdir
                0x0010d980       0xdc /opt/devkitpro/libctru/lib/libctru.a(archive_dev.o)
 .text.archive_stat
                0x0010da5c      0x194 /opt/devkitpro/libctru/lib/libctru.a(archive_dev.o)
 .text.archive_dirnext
                0x0010dbf0      0x15c /opt/devkitpro/libctru/lib/libctru.a(archive_dev.o)
 .text.archive_write
                0x0010dd4c      0x124 /opt/devkitpro/libctru/lib/libctru.a(archive_dev.o)
 .text.archive_open
                0x0010de70      0x210 /opt/devkitpro/libctru/lib/libctru.a(archive_dev.o)
 .text.archive_rename
                0x0010e080      0x268 /opt/devkitpro/libctru/lib/libctru.a(archive_dev.o)
 .text.archiveMountSdmc
                0x0010e2e8      0x19c /opt/devkitpro/libctru/lib/libctru.a(archive_dev.o)
                0x0010e2e8                archiveMountSdmc
 .text.archiveUnmountAll
                0x0010e484       0x54 /opt/devkitpro/libctru/lib/libctru.a(archive_dev.o)
                0x0010e484                archiveUnmountAll
 .text.fsInit   0x0010e4d8       0xd0 /opt/devkitpro/libctru/lib/libctru.a(fs.o)
                0x0010e4d8                fsInit
 .text.fsExit   0x0010e5a8       0x3c /opt/devkitpro/libctru/lib/libctru.a(fs.o)
                0x0010e5a8                fsExit
 .text.fsExemptFromSession
                0x0010e5e4       0x60 /opt/devkitpro/libctru/lib/libctru.a(fs.o)
                0x0010e5e4                fsExemptFromSession
 .text.fsUnexemptFromSession
                0x0010e644       0x50 /opt/devkitpro/libctru/lib/libctru.a(fs.o)
                0x0010e644                fsUnexemptFromSession
 .text.FSUSER_OpenFile
                0x0010e694       0xcc /opt/devkitpro/libctru/lib/libctru.a(fs.o)
                0x0010e694                FSUSER_OpenFile
 .text.FSUSER_DeleteFile
                0x0010e760       0xbc /opt/devkitpro/libctru/lib/libctru.a(fs.o)
                0x0010e760                FSUSER_DeleteFile
 .text.FSUSER_RenameFile
                0x0010e81c       0xf8 /opt/devkitpro/libctru/lib/libctru.a(fs.o)
                0x0010e81c                FSUSER_RenameFile
 .text.FSUSER_DeleteDirectory
                0x0010e914       0xbc /opt/devkitpro/libctru/lib/libctru.a(fs.o)
                0x0010e914                FSUSER_DeleteDirectory
 .text.FSUSER_CreateFile
                0x0010e9d0       0xd4 /opt/devkitpro/libctru/lib/libctru.a(fs.o)
                0x0010e9d0                FSUSER_CreateFile
 .text.FSUSER_CreateDirectory
                0x0010eaa4       0xc4 /opt/devkitpro/libctru/lib/libctru.a(fs.o)
                0x0010eaa4                FSUSER_CreateDirectory
 .text.FSUSER_RenameDirectory
                0x0010eb68       0xf8 /opt/devkitpro/libctru/lib/libctru.a(fs.o)
                0x0010eb68                FSUSER_RenameDirectory
 .text.FSUSER_OpenDirectory
                0x0010ec60       0xb4 /opt/devkitpro/libctru/lib/libctru.a(fs.o)
                0x0010ec60                FSUSER_OpenDirectory
 .text.FSUSER_OpenArchive
                0x0010ed14       0x94 /opt/devkitpro/libctru/lib/libctru.a(fs.o)
                0x0010ed14                FSUSER_OpenArchive
 .text.FSUSER_CloseArchive
                0x0010eda8       0x8c /opt/devkitpro/libctru/lib/libctru.a(fs.o)
                0x0010eda8                FSUSER_CloseArchive
 .text.FSUSER_GetSdmcArchiveResource
                0x0010ee34       0x74 /opt/devkitpro/libctru/lib/libctru.a(fs.o)
                0x0010ee34                FSUSER_GetSdmcArchiveResource
 .text.FSUSER_IsSdmcWritable
                0x0010eea8       0x64 /opt/devkitpro/libctru/lib/libctru.a(fs.o)
                0x0010eea8                FSUSER_IsSdmcWritable
 .text.FSFILE_Read
                0x0010ef0c       0x58 /opt/devkitpro/libctru/lib/libctru.a(fs.o)
                0x0010ef0c                FSFILE_Read
 .text.FSFILE_Write
                0x0010ef64       0x60 /opt/devkitpro/libctru/lib/libctru.a(fs.o)
                0x0010ef64                FSFILE_Write
 .text.FSFILE_GetSize
                0x0010efc4       0x38 /opt/devkitpro/libctru/lib/libctru.a(fs.o)
                0x0010efc4                FSFILE_GetSize
 .text.FSFILE_SetSize
                0x0010effc       0x28 /opt/devkitpro/libctru/lib/libctru.a(fs.o)
                0x0010effc                FSFILE_SetSize
 .text.FSFILE_Close
                0x0010f024       0x3c /opt/devkitpro/libctru/lib/libctru.a(fs.o)
                0x0010f024                FSFILE_Close
 .text.FSFILE_Flush
                0x0010f060       0x24 /opt/devkitpro/libctru/lib/libctru.a(fs.o)
                0x0010f060                FSFILE_Flush
 .text.FSDIR_Read
                0x0010f084       0x50 /opt/devkitpro/libctru/lib/libctru.a(fs.o)
                0x0010f084                FSDIR_Read
 .text.FSDIR_Close
                0x0010f0d4       0x3c /opt/devkitpro/libctru/lib/libctru.a(fs.o)
                0x0010f0d4                FSDIR_Close
 .text.decode_utf8
                0x0010f110      0x13c /opt/devkitpro/libctru/lib/libctru.a(decode_utf8.o)
                0x0010f110                decode_utf8
 .text.utf16_to_utf8
                0x0010f24c       0xe8 /opt/devkitpro/libctru/lib/libctru.a(utf16_to_utf8.o)
                0x0010f24c                utf16_to_utf8
 .text.utf8_to_utf16
                0x0010f334       0xc0 /opt/devkitpro/libctru/lib/libctru.a(utf8_to_utf16.o)
                0x0010f334                utf8_to_utf16
 .text.__aeabi_read_tp
                0x0010f3f4        0xc /opt/devkitpro/libctru/lib/libctru.a(readtp.o)
                0x0010f3f4                __aeabi_read_tp
 .text.decode_utf16
                0x0010f400       0x64 /opt/devkitpro/libctru/lib/libctru.a(decode_utf16.o)
                0x0010f400                decode_utf16
 .text.encode_utf16
                0x0010f464       0x54 /opt/devkitpro/libctru/lib/libctru.a(encode_utf16.o)
                0x0010f464                encode_utf16
 .text.encode_utf8
                0x0010f4b8       0xe0 /opt/devkitpro/libctru/lib/libctru.a(encode_utf8.o)
                0x0010f4b8                encode_utf8
 .text.sinf     0x0010f598      0x25c /opt/devkitpro/devkitARM/bin/../lib/gcc/arm-none-eabi/14.2.0/../../../../arm-none-eabi/lib/armv6k/fpu/libm.a(libm_a-sinf.o)
                0x0010f598                sinf
 *fill*         0x0010f7f4        0x4 
 .text.powf     0x0010f7f8      0x3ec /opt/devkitpro/devkitARM/bin/../lib/gcc/arm-none-eabi/14.2.0/../../../../arm-none-eabi/lib/armv6k/fpu/libm.a(libm_a-sf_pow.o)
                0x0010f7f8                powf
 .text.tanf     0x0010fbe4       0x70 /opt/devkitpro/devkitARM/bin/../lib/gcc/arm-none-eabi/14.2.0/../../../../arm-none-eabi/lib/armv6k/fpu/libm.a(libm_a-sf_tan.o)
                0x0010fbe4                tanf
 .text.with_errnof
                0x0010fc54       0x24 /opt/devkitpro/devkitARM/bin/../lib/gcc/arm-none-eabi/14.2.0/../../../../arm-none-eabi/lib/armv6k/fpu/libm.a(libm_a-math_errf.o)
 .text.xflowf   0x0010fc78       0x18 /opt/devkitpro/devkitARM/bin/../lib/gcc/arm-none-eabi/14.2.0/../../../../arm-none-eabi/lib/armv6k/fpu/libm.a(libm_a-math_errf.o)
 .text.__math_uflowf
                0x0010fc90        0xc /opt/devkitpro/devkitARM/bin/../lib/gcc/arm-none-eabi/14.2.0/../../../../arm-none-eabi/lib/armv6k/fpu/libm.a(libm_a-math_errf.o)
                0x0010fc90                __math_uflowf
 .text.__math_may_uflowf
                0x0010fc9c        0xc /opt/devkitpro/devkitARM/bin/../lib/gcc/arm-none-eabi/14.2.0/../../../../arm-none-eabi/lib/armv6k/fpu/libm.a(libm_a-math_errf.o)
                0x0010fc9c                __math_may_uflowf
 .text.__math_oflowf
                0x0010fca8        0xc /opt/devkitpro/devkitARM/bin/../lib/gcc/arm-none-eabi/14.2.0/../../../../arm-none-eabi/lib/armv6k/fpu/libm.a(libm_a-math_errf.o)
                0x0010fca8                __math_oflowf
 .text.__math_divzerof
                0x0010fcb4       0x30 /opt/devkitpro/devkitARM/bin/../lib/gcc/arm-none-eabi/14.2.0/../../../../arm-none-eabi/lib/armv6k/fpu/libm.a(libm_a-math_errf.o)
                0x0010fcb4                __math_divzerof
 .text.__math_invalidf
                0x0010fce4       0x1c /opt/devkitpro/devkitARM/bin/../lib/gcc/arm-none-eabi/14.2.0/../../../../arm-none-eabi/lib/armv6k/fpu/libm.a(libm_a-math_errf.o)
                0x0010fce4                __math_invalidf
 .text.cosf     0x0010fd00      0x21c /opt/devkitpro/devkitARM/bin/../lib/gcc/arm-none-eabi/14.2.0/../../../../arm-none-eabi/lib/armv6k/fpu/libm.a(libm_a-cosf.o)
                0x0010fd00                cosf
 .text.__ieee754_rem_pio2f
                0x0010ff1c      0x2d0 /opt/devkitpro/devkitARM/bin/../lib/gcc/arm-none-eabi/14.2.0/../../../../arm-none-eabi/lib/armv6k/fpu/libm.a(libm_a-ef_rem_pio2.o)
                0x0010ff1c                __ieee754_rem_pio2f
 .text.__kernel_tanf
                0x001101ec      0x208 /opt/devkitpro/devkitARM/bin/../lib/gcc/arm-none-eabi/14.2.0/../../../../arm-none-eabi/lib/armv6k/fpu/libm.a(libm_a-kf_tan.o)
                0x001101ec                __kernel_tanf
 .text.fabsf    0x001103f4       0x10 /opt/devkitpro/devkitARM/bin/../lib/gcc/arm-none-eabi/14.2.0/../../../../arm-none-eabi/lib/armv6k/fpu/libm.a(libm_a-sf_fabs.o)
                0x001103f4                fabsf
 .text.__kernel_rem_pio2f
                0x00110404      0x88c /opt/devkitpro/devkitARM/bin/../lib/gcc/arm-none-eabi/14.2.0/../../../../arm-none-eabi/lib/armv6k/fpu/libm.a(libm_a-kf_rem_pio2.o)
                0x00110404                __kernel_rem_pio2f
 .text.scalbnf  0x00110c90      0x12c /opt/devkitpro/devkitARM/bin/../lib/gcc/arm-none-eabi/14.2.0/../../../../arm-none-eabi/lib/armv6k/fpu/libm.a(libm_a-sf_scalbn.o)
                0x00110c90                scalbnf
 .text.floorf   0x00110dbc       0xc0 /opt/devkitpro/devkitARM/bin/../lib/gcc/arm-none-eabi/14.2.0/../../../../arm-none-eabi/lib/armv6k/fpu/libm.a(libm_a-sf_floor.o)
                0x00110dbc                floorf
 .text.__udivmoddi4
                0x00110e7c      0x120 /opt/devkitpro/devkitARM/bin/../lib/gcc/arm-none-eabi/14.2.0/armv6k/fpu/libgcc.a(_udivmoddi4.o)
                0x00110e7c                __udivmoddi4
 .text.strncmp  0x00110f9c       0xd8 /opt/devkitpro/devkitARM/bin/../lib/gcc/arm-none-eabi/14.2.0/../../../../arm-none-eabi/lib/armv6k/fpu/libg.a(libc_a-strncmp.o)
                0x00110f9c                strncmp
 .text.strlen   0x00111074       0x5c /opt/devkitpro/devkitARM/bin/../lib/gcc/arm-none-eabi/14.2.0/../../../../arm-none-eabi/lib/armv6k/fpu/libg.a(libc_a-strlen-stub.o)
                0x00111074                strlen
 .text._strtoul_l.isra.0
                0x001110d0      0x1e4 /opt/devkitpro/devkitARM/bin/../lib/gcc/arm-none-eabi/14.2.0/../../../../arm-none-eabi/lib/armv6k/fpu/libg.a(libc_a-strtoul.o)
 .text.strtoul  0x001112b4       0x34 /opt/devkitpro/devkitARM/bin/../lib/gcc/arm-none-eabi/14.2.0/../../../../arm-none-eabi/lib/armv6k/fpu/libg.a(libc_a-strtoul.o)
                0x001112b4                strtoul
 .text.strncat  0x001112e8       0xe4 /opt/devkitpro/devkitARM/bin/../lib/gcc/arm-none-eabi/14.2.0/../../../../arm-none-eabi/lib/armv6k/fpu/libg.a(libc_a-strncat.o)
                0x001112e8                strncat
 .text.bsearch  0x001113cc       0x78 /opt/devkitpro/devkitARM/bin/../lib/gcc/arm-none-eabi/14.2.0/../../../../arm-none-eabi/lib/armv6k/fpu/libg.a(libc_a-bsearch.o)
                0x001113cc                bsearch
 .text.calloc   0x00111444       0x20 /opt/devkitpro/devkitARM/bin/../lib/gcc/arm-none-eabi/14.2.0/../../../../arm-none-eabi/lib/armv6k/fpu/libg.a(libc_a-calloc.o)
                0x00111444                calloc
 .text._calloc_r
                0x00111464       0xc0 /opt/devkitpro/devkitARM/bin/../lib/gcc/arm-none-eabi/14.2.0/../../../../arm-none-eabi/lib/armv6k/fpu/libg.a(libc_a-callocr.o)
                0x00111464                _calloc_r
 .text.memalign
                0x00111524       0x20 /opt/devkitpro/devkitARM/bin/../lib/gcc/arm-none-eabi/14.2.0/../../../../arm-none-eabi/lib/armv6k/fpu/libg.a(libc_a-malign.o)
                0x00111524                memalign
 .text.stdio_exit_handler
                0x00111544       0x1c /opt/devkitpro/devkitARM/bin/../lib/gcc/arm-none-eabi/14.2.0/../../../../arm-none-eabi/lib/armv6k/fpu/libg.a(libc_a-findfp.o)
 .text.cleanup_stdio
                0x00111560       0x5c /opt/devkitpro/devkitARM/bin/../lib/gcc/arm-none-eabi/14.2.0/../../../../arm-none-eabi/lib/armv6k/fpu/libg.a(libc_a-findfp.o)
 .text.global_stdio_init.part.0
                0x001115bc      0x154 /opt/devkitpro/devkitARM/bin/../lib/gcc/arm-none-eabi/14.2.0/../../../../arm-none-eabi/lib/armv6k/fpu/libg.a(libc_a-findfp.o)
 .text.__sinit  0x00111710       0x5c /opt/devkitpro/devkitARM/bin/../lib/gcc/arm-none-eabi/14.2.0/../../../../arm-none-eabi/lib/armv6k/fpu/libg.a(libc_a-findfp.o)
                0x00111710                __sinit
 .text.__sfp_lock_acquire
                0x0011176c        0xc /opt/devkitpro/devkitARM/bin/../lib/gcc/arm-none-eabi/14.2.0/../../../../arm-none-eabi/lib/armv6k/fpu/libg.a(libc_a-findfp.o)
                0x0011176c                __sfp_lock_acquire
 .text.__sfp_lock_release
                0x00111778        0xc /opt/devkitpro/devkitARM/bin/../lib/gcc/arm-none-eabi/14.2.0/../../../../arm-none-eabi/lib/armv6k/fpu/libg.a(libc_a-findfp.o)
                0x00111778                __sfp_lock_release
 .text._malloc_r
                0x00111784      0x7e8 /opt/devkitpro/devkitARM/bin/../lib/gcc/arm-none-eabi/14.2.0/../../../../arm-none-eabi/lib/armv6k/fpu/libg.a(libc_a-mallocr.o)
                0x00111784                _malloc_r
 .text._malloc_trim_r
                0x00111f6c       0xf8 /opt/devkitpro/devkitARM/bin/../lib/gcc/arm-none-eabi/14.2.0/../../../../arm-none-eabi/lib/armv6k/fpu/libg.a(libc_a-freer.o)
                0x00111f6c                _malloc_trim_r
 .text._free_r  0x00112064      0x300 /opt/devkitpro/devkitARM/bin/../lib/gcc/arm-none-eabi/14.2.0/../../../../arm-none-eabi/lib/armv6k/fpu/libg.a(libc_a-freer.o)
                0x00112064                _free_r
 .text.setvbuf  0x00112364      0x294 /opt/devkitpro/devkitARM/bin/../lib/gcc/arm-none-eabi/14.2.0/../../../../arm-none-eabi/lib/armv6k/fpu/libg.a(libc_a-setvbuf.o)
                0x00112364                setvbuf
 .text.strnlen  0x001125f8       0x4c /opt/devkitpro/devkitARM/bin/../lib/gcc/arm-none-eabi/14.2.0/../../../../arm-none-eabi/lib/armv6k/fpu/libg.a(libc_a-strnlen.o)
                0x001125f8                strnlen
 .text.__errno  0x00112644        0xc /opt/devkitpro/devkitARM/bin/../lib/gcc/arm-none-eabi/14.2.0/../../../../arm-none-eabi/lib/armv6k/fpu/libg.a(libc_a-errno.o)
                0x00112644                __errno
 .text.malloc   0x00112650       0x34 /opt/devkitpro/devkitARM/bin/../lib/gcc/arm-none-eabi/14.2.0/../../../../arm-none-eabi/lib/armv6k/fpu/libg.a(libc_a-malloc.o)
                0x00112650                malloc
 .text.free     0x00112684       0x18 /opt/devkitpro/devkitARM/bin/../lib/gcc/arm-none-eabi/14.2.0/../../../../arm-none-eabi/lib/armv6k/fpu/libg.a(libc_a-malloc.o)
                0x00112684                free
 .text.memcpy   0x0011269c      0x130 /opt/devkitpro/devkitARM/bin/../lib/gcc/arm-none-eabi/14.2.0/../../../../arm-none-eabi/lib/armv6k/fpu/libg.a(libc_a-memcpy-stub.o)
                0x0011269c                memcpy
 .text.printf   0x001127cc       0x34 /opt/devkitpro/devkitARM/bin/../lib/gcc/arm-none-eabi/14.2.0/../../../../arm-none-eabi/lib/armv6k/fpu/libg.a(libc_a-printf.o)
                0x001127cc                printf
 .text.memset   0x00112800       0xe8 /opt/devkitpro/devkitARM/bin/../lib/gcc/arm-none-eabi/14.2.0/../../../../arm-none-eabi/lib/armv6k/fpu/libg.a(libc_a-memset.o)
                0x00112800                memset
 .text._fwalk_sglue
                0x001128e8       0x70 /opt/devkitpro/devkitARM/bin/../lib/gcc/arm-none-eabi/14.2.0/../../../../arm-none-eabi/lib/armv6k/fpu/libg.a(libc_a-fwalk.o)
                0x001128e8                _fwalk_sglue
 .text.__malloc_lock
                0x00112958        0xc /opt/devkitpro/devkitARM/bin/../lib/gcc/arm-none-eabi/14.2.0/../../../../arm-none-eabi/lib/armv6k/fpu/libg.a(libc_a-mlock.o)
                0x00112958                __malloc_lock
 .text.__malloc_unlock
                0x00112964        0xc /opt/devkitpro/devkitARM/bin/../lib/gcc/arm-none-eabi/14.2.0/../../../../arm-none-eabi/lib/armv6k/fpu/libg.a(libc_a-mlock.o)
                0x00112964                __malloc_unlock
 .text.__call_exitprocs
                0x00112970        0x4 /opt/devkitpro/devkitARM/bin/../lib/gcc/arm-none-eabi/14.2.0/../../../../arm-none-eabi/lib/armv6k/fpu/libg.a(libc_a-exit.o)
                0x00112970                __call_exitprocs
 .text.exit     0x00112974       0x30 /opt/devkitpro/devkitARM/bin/../lib/gcc/arm-none-eabi/14.2.0/../../../../arm-none-eabi/lib/armv6k/fpu/libg.a(libc_a-exit.o)
                0x00112974                exit
 .text.strncpy  0x001129a4       0xc4 /opt/devkitpro/devkitARM/bin/../lib/gcc/arm-none-eabi/14.2.0/../../../../arm-none-eabi/lib/armv6k/fpu/libg.a(libc_a-strncpy.o)
                0x001129a4                strncpy
 .text.__libc_init_array
                0x00112a68       0x84 /opt/devkitpro/devkitARM/bin/../lib/gcc/arm-none-eabi/14.2.0/../../../../arm-none-eabi/lib/armv6k/fpu/libg.a(libc_a-init.o)
                0x00112a68                __libc_init_array
 .text.__sflush_r
                0x00112aec      0x228 /opt/devkitpro/devkitARM/bin/../lib/gcc/arm-none-eabi/14.2.0/../../../../arm-none-eabi/lib/armv6k/fpu/libg.a(libc_a-fflush.o)
                0x00112aec                __sflush_r
 .text._fflush_r
                0x00112d14       0x94 /opt/devkitpro/devkitARM/bin/../lib/gcc/arm-none-eabi/14.2.0/../../../../arm-none-eabi/lib/armv6k/fpu/libg.a(libc_a-fflush.o)
                0x00112d14                _fflush_r
 .text._memalign_r
                0x00112da8      0x150 /opt/devkitpro/devkitARM/bin/../lib/gcc/arm-none-eabi/14.2.0/../../../../arm-none-eabi/lib/armv6k/fpu/libg.a(libc_a-malignr.o)
                0x00112da8                _memalign_r
 .text.__libc_fini_array
                0x00112ef8       0x3c /opt/devkitpro/devkitARM/bin/../lib/gcc/arm-none-eabi/14.2.0/../../../../arm-none-eabi/lib/armv6k/fpu/libg.a(libc_a-fini.o)
                0x00112ef8                __libc_fini_array
 .text.__sread  0x00112f34       0x44 /opt/devkitpro/devkitARM/bin/../lib/gcc/arm-none-eabi/14.2.0/../../../../arm-none-eabi/lib/armv6k/fpu/libg.a(libc_a-stdio.o)
                0x00112f34                __sread
 .text.__swrite
                0x00112f78       0x68 /opt/devkitpro/devkitARM/bin/../lib/gcc/arm-none-eabi/14.2.0/../../../../arm-none-eabi/lib/armv6k/fpu/libg.a(libc_a-stdio.o)
                0x00112f78                __swrite
 .text.__sseek  0x00112fe0       0x40 /opt/devkitpro/devkitARM/bin/../lib/gcc/arm-none-eabi/14.2.0/../../../../arm-none-eabi/lib/armv6k/fpu/libg.a(libc_a-stdio.o)
                0x00112fe0                __sseek
 .text.__sclose
                0x00113020        0x8 /opt/devkitpro/devkitARM/bin/../lib/gcc/arm-none-eabi/14.2.0/../../../../arm-none-eabi/lib/armv6k/fpu/libg.a(libc_a-stdio.o)
                0x00113020                __sclose
 .text._fclose_r
                0x00113028      0x148 /opt/devkitpro/devkitARM/bin/../lib/gcc/arm-none-eabi/14.2.0/../../../../arm-none-eabi/lib/armv6k/fpu/libg.a(libc_a-fclose.o)
                0x00113028                _fclose_r
 .text.get_arg  0x00113170      0x5e4 /opt/devkitpro/devkitARM/bin/../lib/gcc/arm-none-eabi/14.2.0/../../../../arm-none-eabi/lib/armv6k/fpu/libg.a(libc_a-vfprintf.o)
 *fill*         0x00113754        0x4 
 .text._vfprintf_r
                0x00113758     0x342c /opt/devkitpro/devkitARM/bin/../lib/gcc/arm-none-eabi/14.2.0/../../../../arm-none-eabi/lib/armv6k/fpu/libg.a(libc_a-vfprintf.o)
                0x00113758                _vfprintf_r
 .text.__sbprintf
                0x00116b84       0xb8 /opt/devkitpro/devkitARM/bin/../lib/gcc/arm-none-eabi/14.2.0/../../../../arm-none-eabi/lib/armv6k/fpu/libg.a(libc_a-vfprintf.o)
 .text.__smakebuf_r
                0x00116c3c      0x144 /opt/devkitpro/devkitARM/bin/../lib/gcc/arm-none-eabi/14.2.0/../../../../arm-none-eabi/lib/armv6k/fpu/libg.a(libc_a-makebuf.o)
                0x00116c3c                __smakebuf_r
 .text.__swhatbuf_r
                0x00116d80       0x8c /opt/devkitpro/devkitARM/bin/../lib/gcc/arm-none-eabi/14.2.0/../../../../arm-none-eabi/lib/armv6k/fpu/libg.a(libc_a-makebuf.o)
                0x00116d80                __swhatbuf_r
 .text.quorem   0x00116e0c      0x1b4 /opt/devkitpro/devkitARM/bin/../lib/gcc/arm-none-eabi/14.2.0/../../../../arm-none-eabi/lib/armv6k/fpu/libg.a(libc_a-dtoa.o)
 .text._dtoa_r  0x00116fc0     0x1370 /opt/devkitpro/devkitARM/bin/../lib/gcc/arm-none-eabi/14.2.0/../../../../arm-none-eabi/lib/armv6k/fpu/libg.a(libc_a-dtoa.o)
                0x00116fc0                _dtoa_r
 .text._wcrtomb_r
                0x00118330       0xa0 /opt/devkitpro/devkitARM/bin/../lib/gcc/arm-none-eabi/14.2.0/../../../../arm-none-eabi/lib/armv6k/fpu/libg.a(libc_a-wcrtomb.o)
                0x00118330                _wcrtomb_r
 .text._wcsrtombs_r
                0x001183d0       0x28 /opt/devkitpro/devkitARM/bin/../lib/gcc/arm-none-eabi/14.2.0/../../../../arm-none-eabi/lib/armv6k/fpu/libg.a(libc_a-wcsrtombs.o)
                0x001183d0                _wcsrtombs_r
 .text.__swsetup_r
                0x001183f8      0x194 /opt/devkitpro/devkitARM/bin/../lib/gcc/arm-none-eabi/14.2.0/../../../../arm-none-eabi/lib/armv6k/fpu/libg.a(libc_a-wsetup.o)
                0x001183f8                __swsetup_r
 *fill*         0x0011858c        0x4 
 .text.frexp    0x00118590       0x88 /opt/devkitpro/devkitARM/bin/../lib/gcc/arm-none-eabi/14.2.0/../../../../arm-none-eabi/lib/armv6k/fpu/libg.a(libm_a-s_frexp.o)
                0x00118590                frexp
 .text.__assert_func
                0x00118618       0x5c /opt/devkitpro/devkitARM/bin/../lib/gcc/arm-none-eabi/14.2.0/../../../../arm-none-eabi/lib/armv6k/fpu/libg.a(libc_a-assert.o)
                0x00118618                __assert_func
 .text._Balloc  0x00118674       0x88 /opt/devkitpro/devkitARM/bin/../lib/gcc/arm-none-eabi/14.2.0/../../../../arm-none-eabi/lib/armv6k/fpu/libg.a(libc_a-mprec.o)
                0x00118674                _Balloc
 .text._Bfree   0x001186fc       0x1c /opt/devkitpro/devkitARM/bin/../lib/gcc/arm-none-eabi/14.2.0/../../../../arm-none-eabi/lib/armv6k/fpu/libg.a(libc_a-mprec.o)
                0x001186fc                _Bfree
 .text.__multadd
                0x00118718       0xf4 /opt/devkitpro/devkitARM/bin/../lib/gcc/arm-none-eabi/14.2.0/../../../../arm-none-eabi/lib/armv6k/fpu/libg.a(libc_a-mprec.o)
                0x00118718                __multadd
 .text.__hi0bits
                0x0011880c       0x80 /opt/devkitpro/devkitARM/bin/../lib/gcc/arm-none-eabi/14.2.0/../../../../arm-none-eabi/lib/armv6k/fpu/libg.a(libc_a-mprec.o)
                0x0011880c                __hi0bits
 .text.__lo0bits
                0x0011888c       0xf4 /opt/devkitpro/devkitARM/bin/../lib/gcc/arm-none-eabi/14.2.0/../../../../arm-none-eabi/lib/armv6k/fpu/libg.a(libc_a-mprec.o)
                0x0011888c                __lo0bits
 .text.__i2b    0x00118980       0xa4 /opt/devkitpro/devkitARM/bin/../lib/gcc/arm-none-eabi/14.2.0/../../../../arm-none-eabi/lib/armv6k/fpu/libg.a(libc_a-mprec.o)
                0x00118980                __i2b
 .text.__multiply
                0x00118a24      0x208 /opt/devkitpro/devkitARM/bin/../lib/gcc/arm-none-eabi/14.2.0/../../../../arm-none-eabi/lib/armv6k/fpu/libg.a(libc_a-mprec.o)
                0x00118a24                __multiply
 .text.__pow5mult
                0x00118c2c      0x130 /opt/devkitpro/devkitARM/bin/../lib/gcc/arm-none-eabi/14.2.0/../../../../arm-none-eabi/lib/armv6k/fpu/libg.a(libc_a-mprec.o)
                0x00118c2c                __pow5mult
 .text.__lshift
                0x00118d5c      0x138 /opt/devkitpro/devkitARM/bin/../lib/gcc/arm-none-eabi/14.2.0/../../../../arm-none-eabi/lib/armv6k/fpu/libg.a(libc_a-mprec.o)
                0x00118d5c                __lshift
 .text.__mcmp   0x00118e94       0x58 /opt/devkitpro/devkitARM/bin/../lib/gcc/arm-none-eabi/14.2.0/../../../../arm-none-eabi/lib/armv6k/fpu/libg.a(libc_a-mprec.o)
                0x00118e94                __mcmp
 .text.__mdiff  0x00118eec      0x1f0 /opt/devkitpro/devkitARM/bin/../lib/gcc/arm-none-eabi/14.2.0/../../../../arm-none-eabi/lib/armv6k/fpu/libg.a(libc_a-mprec.o)
                0x00118eec                __mdiff
 .text.__d2b    0x001190dc      0x120 /opt/devkitpro/devkitARM/bin/../lib/gcc/arm-none-eabi/14.2.0/../../../../arm-none-eabi/lib/armv6k/fpu/libg.a(libc_a-mprec.o)
                0x001190dc                __d2b
 .text.__locale_mb_cur_max
                0x001191fc       0x24 /opt/devkitpro/devkitARM/bin/../lib/gcc/arm-none-eabi/14.2.0/../../../../arm-none-eabi/lib/armv6k/fpu/libg.a(libc_a-locale.o)
                0x001191fc                __locale_mb_cur_max
 .text.fiprintf
                0x00119220       0x3c /opt/devkitpro/devkitARM/bin/../lib/gcc/arm-none-eabi/14.2.0/../../../../arm-none-eabi/lib/armv6k/fpu/libg.a(libc_a-fiprintf.o)
                0x00119220                fiprintf
 .text.memchr   0x0011925c       0xe0 /opt/devkitpro/devkitARM/bin/../lib/gcc/arm-none-eabi/14.2.0/../../../../arm-none-eabi/lib/armv6k/fpu/libg.a(libc_a-memchr-stub.o)
                0x0011925c                memchr
 .text._wcsnrtombs_l
                0x0011933c      0x160 /opt/devkitpro/devkitARM/bin/../lib/gcc/arm-none-eabi/14.2.0/../../../../arm-none-eabi/lib/armv6k/fpu/libg.a(libc_a-wcsnrtombs.o)
                0x0011933c                _wcsnrtombs_l
 .text._wcsnrtombs_r
                0x0011949c       0x64 /opt/devkitpro/devkitARM/bin/../lib/gcc/arm-none-eabi/14.2.0/../../../../arm-none-eabi/lib/armv6k/fpu/libg.a(libc_a-wcsnrtombs.o)
                0x0011949c                _wcsnrtombs_r
 .text.__utf8_mbtowc
                0x00119500      0x324 /opt/devkitpro/devkitARM/bin/../lib/gcc/arm-none-eabi/14.2.0/../../../../arm-none-eabi/lib/armv6k/fpu/libg.a(libc_a-mbtowc_r.o)
                0x00119500                __utf8_mbtowc
 .text.__sprint_r
                0x00119824       0x30 /opt/devkitpro/devkitARM/bin/../lib/gcc/arm-none-eabi/14.2.0/../../../../arm-none-eabi/lib/armv6k/fpu/libg.a(libc_a-sprint_r.o)
                0x00119824                __sprint_r
 .text.abort    0x00119854       0x14 /opt/devkitpro/devkitARM/bin/../lib/gcc/arm-none-eabi/14.2.0/../../../../arm-none-eabi/lib/armv6k/fpu/libg.a(libc_a-abort.o)
                0x00119854                abort
 .text._localeconv_r
                0x00119868       0x24 /opt/devkitpro/devkitARM/bin/../lib/gcc/arm-none-eabi/14.2.0/../../../../arm-none-eabi/lib/armv6k/fpu/libg.a(libc_a-localeconv.o)
                0x00119868                _localeconv_r
 .text.__utf8_wctomb
                0x0011988c       0xf0 /opt/devkitpro/devkitARM/bin/../lib/gcc/arm-none-eabi/14.2.0/../../../../arm-none-eabi/lib/armv6k/fpu/libg.a(libc_a-wctomb_r.o)
                0x0011988c                __utf8_wctomb
 .text.strchr   0x0011997c      0x130 /opt/devkitpro/devkitARM/bin/../lib/gcc/arm-none-eabi/14.2.0/../../../../arm-none-eabi/lib/armv6k/fpu/libg.a(libc_a-strchr.o)
                0x0011997c                strchr
 .text.memmove  0x00119aac      0x160 /opt/devkitpro/devkitARM/bin/../lib/gcc/arm-none-eabi/14.2.0/../../../../arm-none-eabi/lib/armv6k/fpu/libg.a(libc_a-memmove.o)
                0x00119aac                memmove
 .text._raise_r
                0x00119c0c       0x90 /opt/devkitpro/devkitARM/bin/../lib/gcc/arm-none-eabi/14.2.0/../../../../arm-none-eabi/lib/armv6k/fpu/libg.a(libc_a-signal.o)
                0x00119c0c                _raise_r
 .text.raise    0x00119c9c       0x18 /opt/devkitpro/devkitARM/bin/../lib/gcc/arm-none-eabi/14.2.0/../../../../arm-none-eabi/lib/armv6k/fpu/libg.a(libc_a-signal.o)
                0x00119c9c                raise
 .text.__sfvwrite_r
                0x00119cb4      0x480 /opt/devkitpro/devkitARM/bin/../lib/gcc/arm-none-eabi/14.2.0/../../../../arm-none-eabi/lib/armv6k/fpu/libg.a(libc_a-fvwrite.o)
                0x00119cb4                __sfvwrite_r
 .text.get_arg  0x0011a134      0x5e4 /opt/devkitpro/devkitARM/bin/../lib/gcc/arm-none-eabi/14.2.0/../../../../arm-none-eabi/lib/armv6k/fpu/libg.a(libc_a-vfiprintf.o)
 .text._vfiprintf_r
                0x0011a718     0x2264 /opt/devkitpro/devkitARM/bin/../lib/gcc/arm-none-eabi/14.2.0/../../../../arm-none-eabi/lib/armv6k/fpu/libg.a(libc_a-vfiprintf.o)
                0x0011a718                _vfiprintf_r
 .text.__sbprintf
                0x0011c97c       0xb8 /opt/devkitpro/devkitARM/bin/../lib/gcc/arm-none-eabi/14.2.0/../../../../arm-none-eabi/lib/armv6k/fpu/libg.a(libc_a-vfiprintf.o)
 .text._realloc_r
                0x0011ca34      0x4a4 /opt/devkitpro/devkitARM/bin/../lib/gcc/arm-none-eabi/14.2.0/../../../../arm-none-eabi/lib/armv6k/fpu/libg.a(libc_a-reallocr.o)
                0x0011ca34                _realloc_r
 .text._exit    0x0011ced8       0x20 /opt/devkitpro/devkitARM/bin/../lib/gcc/arm-none-eabi/14.2.0/../../../../arm-none-eabi/lib/armv6k/fpu/libsysbase.a(libsysbase_libsysbase_a-_exit.o)
                0x0011ced8                _exit
 .text.chdir    0x0011cef8      0x13c /opt/devkitpro/devkitARM/bin/../lib/gcc/arm-none-eabi/14.2.0/../../../../arm-none-eabi/lib/armv6k/fpu/libsysbase.a(libsysbase_libsysbase_a-chdir.o)
                0x0011cef8                chdir
 .text._concatenate_path
                0x0011d034      0x1cc /opt/devkitpro/devkitARM/bin/../lib/gcc/arm-none-eabi/14.2.0/../../../../arm-none-eabi/lib/armv6k/fpu/libsysbase.a(libsysbase_libsysbase_a-concatenate.o)
                0x0011d034                _concatenate_path
 .text._fstat_r
                0x0011d200       0x88 /opt/devkitpro/devkitARM/bin/../lib/gcc/arm-none-eabi/14.2.0/../../../../arm-none-eabi/lib/armv6k/fpu/libsysbase.a(libsysbase_libsysbase_a-fstat.o)
                0x0011d200                _fstat_r
 .text._getpid_r
                0x0011d288       0x14 /opt/devkitpro/devkitARM/bin/../lib/gcc/arm-none-eabi/14.2.0/../../../../arm-none-eabi/lib/armv6k/fpu/libsysbase.a(libsysbase_libsysbase_a-getpid.o)
                0x0011d288                _getpid_r
 .text.__getreent
                0x0011d29c       0x2c /opt/devkitpro/devkitARM/bin/../lib/gcc/arm-none-eabi/14.2.0/../../../../arm-none-eabi/lib/armv6k/fpu/libsysbase.a(libsysbase_libsysbase_a-getreent.o)
                0x0011d29c                __getreent
 .text.__get_handle
                0x0011d2c8       0x3c /opt/devkitpro/devkitARM/bin/../lib/gcc/arm-none-eabi/14.2.0/../../../../arm-none-eabi/lib/armv6k/fpu/libsysbase.a(libsysbase_libsysbase_a-handle_manager.o)
                0x0011d2c8                __get_handle
 .text._close_r
                0x0011d304       0xf4 /opt/devkitpro/devkitARM/bin/../lib/gcc/arm-none-eabi/14.2.0/../../../../arm-none-eabi/lib/armv6k/fpu/libsysbase.a(libsysbase_libsysbase_a-handle_manager.o)
                0x0011d304                _close_r
 .text.null_write
                0x0011d3f8        0x8 /opt/devkitpro/devkitARM/bin/../lib/gcc/arm-none-eabi/14.2.0/../../../../arm-none-eabi/lib/armv6k/fpu/libsysbase.a(libsysbase_libsysbase_a-iosupport.o)
 .text.setDefaultDevice
                0x0011d400       0x18 /opt/devkitpro/devkitARM/bin/../lib/gcc/arm-none-eabi/14.2.0/../../../../arm-none-eabi/lib/armv6k/fpu/libsysbase.a(libsysbase_libsysbase_a-iosupport.o)
                0x0011d400                setDefaultDevice
 .text.FindDevice
                0x0011d418       0xc8 /opt/devkitpro/devkitARM/bin/../lib/gcc/arm-none-eabi/14.2.0/../../../../arm-none-eabi/lib/armv6k/fpu/libsysbase.a(libsysbase_libsysbase_a-iosupport.o)
                0x0011d418                FindDevice
 .text.RemoveDevice
                0x0011d4e0       0x28 /opt/devkitpro/devkitARM/bin/../lib/gcc/arm-none-eabi/14.2.0/../../../../arm-none-eabi/lib/armv6k/fpu/libsysbase.a(libsysbase_libsysbase_a-iosupport.o)
                0x0011d4e0                RemoveDevice
 .text.AddDevice
                0x0011d508       0x98 /opt/devkitpro/devkitARM/bin/../lib/gcc/arm-none-eabi/14.2.0/../../../../arm-none-eabi/lib/armv6k/fpu/libsysbase.a(libsysbase_libsysbase_a-iosupport.o)
                0x0011d508                AddDevice
 .text.GetDeviceOpTab
                0x0011d5a0       0x20 /opt/devkitpro/devkitARM/bin/../lib/gcc/arm-none-eabi/14.2.0/../../../../arm-none-eabi/lib/armv6k/fpu/libsysbase.a(libsysbase_libsysbase_a-iosupport.o)
                0x0011d5a0                GetDeviceOpTab
 .text._isatty_r
                0x0011d5c0        0x8 /opt/devkitpro/devkitARM/bin/../lib/gcc/arm-none-eabi/14.2.0/../../../../arm-none-eabi/lib/armv6k/fpu/libsysbase.a(libsysbase_libsysbase_a-isatty.o)
                0x0011d5c0                _isatty_r
 .text._kill_r  0x0011d5c8       0x14 /opt/devkitpro/devkitARM/bin/../lib/gcc/arm-none-eabi/14.2.0/../../../../arm-none-eabi/lib/armv6k/fpu/libsysbase.a(libsysbase_libsysbase_a-kill.o)
                0x0011d5c8                _kill_r
 .text._lseek_r
                0x0011d5dc       0x8c /opt/devkitpro/devkitARM/bin/../lib/gcc/arm-none-eabi/14.2.0/../../../../arm-none-eabi/lib/armv6k/fpu/libsysbase.a(libsysbase_libsysbase_a-lseek.o)
                0x0011d5dc                _lseek_r
 .text._read_r  0x0011d668       0x88 /opt/devkitpro/devkitARM/bin/../lib/gcc/arm-none-eabi/14.2.0/../../../../arm-none-eabi/lib/armv6k/fpu/libsysbase.a(libsysbase_libsysbase_a-read.o)
                0x0011d668                _read_r
 .text._sbrk_r  0x0011d6f0       0x78 /opt/devkitpro/devkitARM/bin/../lib/gcc/arm-none-eabi/14.2.0/../../../../arm-none-eabi/lib/armv6k/fpu/libsysbase.a(libsysbase_libsysbase_a-sbrk.o)
                0x0011d6f0                _sbrk_r
 .text.__libc_lock_acquire
                0x0011d768       0x1c /opt/devkitpro/devkitARM/bin/../lib/gcc/arm-none-eabi/14.2.0/../../../../arm-none-eabi/lib/armv6k/fpu/libsysbase.a(libsysbase_libsysbase_a-syscall_support.o)
                0x0011d768                __libc_lock_acquire
 .text.__libc_lock_release
                0x0011d784       0x1c /opt/devkitpro/devkitARM/bin/../lib/gcc/arm-none-eabi/14.2.0/../../../../arm-none-eabi/lib/armv6k/fpu/libsysbase.a(libsysbase_libsysbase_a-syscall_support.o)
                0x0011d784                __libc_lock_release
 .text.__libc_lock_acquire_recursive
                0x0011d7a0       0x1c /opt/devkitpro/devkitARM/bin/../lib/gcc/arm-none-eabi/14.2.0/../../../../arm-none-eabi/lib/armv6k/fpu/libsysbase.a(libsysbase_libsysbase_a-syscall_support.o)
                0x0011d7a0                __libc_lock_acquire_recursive
 .text.__libc_lock_release_recursive
                0x0011d7bc       0x1c /opt/devkitpro/devkitARM/bin/../lib/gcc/arm-none-eabi/14.2.0/../../../../arm-none-eabi/lib/armv6k/fpu/libsysbase.a(libsysbase_libsysbase_a-syscall_support.o)
                0x0011d7bc                __libc_lock_release_recursive
 .text._write_r
                0x0011d7d8       0x88 /opt/devkitpro/devkitARM/bin/../lib/gcc/arm-none-eabi/14.2.0/../../../../arm-none-eabi/lib/armv6k/fpu/libsysbase.a(libsysbase_libsysbase_a-write.o)
                0x0011d7d8                _write_r
 .text.strrchr  0x0011d860       0x48 /opt/devkitpro/devkitARM/bin/../lib/gcc/arm-none-eabi/14.2.0/../../../../arm-none-eabi/lib/armv6k/fpu/libg.a(libc_a-strrchr.o)
                0x0011d860                strrchr
 *(.glue_7)
 .glue_7        0x0011d8a8        0x0 linker stubs
 *(.glue_7t)
 .glue_7t       0x0011d8a8        0x0 linker stubs
 *(.stub)
 *(.gnu.warning)
 *(.gnu.linkonce.t*)
                0x0011d8a8                        . = ALIGN (0x4)
 *(.fini)
 .fini          0x0011d8a8        0xc /opt/devkitpro/devkitARM/bin/../lib/gcc/arm-none-eabi/14.2.0/armv6k/fpu/crti.o
                0x0011d8a8                _fini
 .fini          0x0011d8b4        0xc /opt/devkitpro/devkitARM/bin/../lib/gcc/arm-none-eabi/14.2.0/armv6k/fpu/crtn.o
                0x0011d8c0                        . = ALIGN (0x4)

.vfp11_veneer   0x0011d8c0        0x0
 .vfp11_veneer  0x0011d8c0        0x0 linker stubs

.v4_bx          0x0011d8c0        0x0
 .v4_bx         0x0011d8c0        0x0 linker stubs

.iplt           0x0011d8c0        0x0
 .iplt          0x0011d8c0        0x0 /opt/devkitpro/devkitARM/bin/../lib/gcc/arm-none-eabi/14.2.0/../../../../arm-none-eabi/lib/armv6k/fpu/3dsx_crt0.o
                0x0011e000                        . = ALIGN (0x1000)

.rodata         0x0011e000    0x156d8
 *(.rodata)
 .rodata        0x0011e000    0x13998 lenny.o
                0x0011e000                vertex_list
 .rodata        0x00131998       0x3c main.o
 .rodata        0x001319d4        0xc /opt/devkitpro/libctru/lib/libctru.a(archive_dev.o)
 *(.roda)
 *(.rodata.*)
 .rodata.vshader_shbin
                0x001319e0      0x1c0 vshader.shbin.o
                0x001319e0                vshader_shbin
                0x00131ba0                vshader_shbin_end
 .rodata.str1.4
                0x00131ba0      0x264 main.o
                                 0x8e (size before relaxing)
 .rodata.depthFmtSizes
                0x00131e04        0x4 /opt/devkitpro/libctru/lib/libcitro3d.a(framebuffer.o)
 .rodata.colorFmtSizes
                0x00131e08        0x5 /opt/devkitpro/libctru/lib/libcitro3d.a(framebuffer.o)
 *fill*         0x00131e0d        0x3 
 .rodata.ids.0  0x00131e10        0x8 /opt/devkitpro/libctru/lib/libcitro3d.a(lightenv.o)
 .rodata.layer_enabled.1
                0x00131e18        0x7 /opt/devkitpro/libctru/lib/libcitro3d.a(lightenv.o)
 *fill*         0x00131e1f        0x1 
 .rodata.lutIds.2
                0x00131e20        0x6 /opt/devkitpro/libctru/lib/libcitro3d.a(lightenv.o)
 .rodata.consoleHandleColorEsc
                0x00131e26       0x6c /opt/devkitpro/libctru/lib/libctru.a(console.o)
 .rodata.consolePrintChar
                0x00131e92        0x6 /opt/devkitpro/libctru/lib/libctru.a(console.o)
 .rodata.con_write
                0x00131e98       0x46 /opt/devkitpro/libctru/lib/libctru.a(console.o)
 .rodata.str1.4
                0x00131ede       0x10 /opt/devkitpro/libctru/lib/libctru.a(console.o)
 *fill*         0x00131ede        0x2 
 .rodata.dotab_stdout
                0x00131ee0       0x80 /opt/devkitpro/libctru/lib/libctru.a(console.o)
 .rodata.grayScale
                0x00131f60       0x18 /opt/devkitpro/libctru/lib/libctru.a(console.o)
 .rodata.colorCube
                0x00131f78        0x6 /opt/devkitpro/libctru/lib/libctru.a(console.o)
 *fill*         0x00131f7e        0x2 
 .rodata.colorTable
                0x00131f80       0x30 /opt/devkitpro/libctru/lib/libctru.a(console.o)
 .rodata.DVLE_GenerateOutmap.part.0
                0x00131fb0        0x9 /opt/devkitpro/libctru/lib/libctru.a(shbin.o)
 .rodata.aptSendCommand.str1.4
                0x00131fb9       0x16 /opt/devkitpro/libctru/lib/libctru.a(apt.o)
 .rodata.aptEventHandler
                0x00131fb9        0xb /opt/devkitpro/libctru/lib/libctru.a(apt.o)
 .rodata.aptWaitForWakeUp.isra.0
                0x00131fc4       0x11 /opt/devkitpro/libctru/lib/libctru.a(apt.o)
 *fill*         0x00131fd5        0x3 
 .rodata.morton_y.2
                0x00131fd8        0x8 /opt/devkitpro/libctru/lib/libctru.a(apt.o)
 .rodata.morton_x.3
                0x00131fe0        0x8 /opt/devkitpro/libctru/lib/libctru.a(apt.o)
 .rodata.s_sleepWakeEvents.4
                0x00131fe8        0x8 /opt/devkitpro/libctru/lib/libctru.a(apt.o)
 .rodata.gspInit.str1.4
                0x00131ff0        0x9 /opt/devkitpro/libctru/lib/libctru.a(gspgpu.o)
 .rodata.hidInit.str1.4
                0x00131ff0       0x15 /opt/devkitpro/libctru/lib/libctru.a(hid.o)
 .rodata.irrstInit.str1.4
                0x00131ff0        0x7 /opt/devkitpro/libctru/lib/libctru.a(irrst.o)
 .rodata.ptmSysmInit.str1.4
                0x00131ff0        0x9 /opt/devkitpro/libctru/lib/libctru.a(ptmsysm.o)
 .rodata.__system_initArgv.str1.4
                0x00131ff0        0xa /opt/devkitpro/libctru/lib/libctru.a(initArgv.o)
 .rodata.default_font_bin
                0x00131ff0      0x800 /opt/devkitpro/libctru/lib/libctru.a(default_font.bin.o)
                0x00131ff0                default_font_bin
                0x001327f0                default_font_bin_end
 .rodata.srvInit.str1.4
                0x001327f0        0x5 /opt/devkitpro/libctru/lib/libctru.a(srv.o)
 .rodata.archive_utf16path.str1.4
                0x001327f0        0x2 /opt/devkitpro/libctru/lib/libctru.a(archive_dev.o)
 .rodata._archiveUnmountDeviceStruct.part.0.str1.4
                0x001327f0        0x2 /opt/devkitpro/libctru/lib/libctru.a(archive_dev.o)
 .rodata._archiveMountDevice.str1.4
                0x001327f0        0xc /opt/devkitpro/libctru/lib/libctru.a(archive_dev.o)
 .rodata.archiveMountSdmc.str1.4
                0x001327f0        0x5 /opt/devkitpro/libctru/lib/libctru.a(archive_dev.o)
 .rodata.error_table
                0x001327f0       0x30 /opt/devkitpro/libctru/lib/libctru.a(archive_dev.o)
 .rodata.str1.4
                0x00132820        0x8 /opt/devkitpro/libctru/lib/libctru.a(archive_dev.o)
 .rodata.archive_devoptab
                0x00132820       0x80 /opt/devkitpro/libctru/lib/libctru.a(archive_dev.o)
 .rodata.fsInit.str1.4
                0x001328a0        0x8 /opt/devkitpro/libctru/lib/libctru.a(fs.o)
 .rodata.__inv_pio4
                0x001328a0       0x60 /opt/devkitpro/devkitARM/bin/../lib/gcc/arm-none-eabi/14.2.0/../../../../arm-none-eabi/lib/armv6k/fpu/libm.a(libm_a-sincosf_data.o)
                0x001328a0                __inv_pio4
 .rodata.__sincosf_table
                0x00132900       0xe0 /opt/devkitpro/devkitARM/bin/../lib/gcc/arm-none-eabi/14.2.0/../../../../arm-none-eabi/lib/armv6k/fpu/libm.a(libm_a-sincosf_data.o)
                0x00132900                __sincosf_table
 .rodata.__powf_log2_data
                0x001329e0      0x128 /opt/devkitpro/devkitARM/bin/../lib/gcc/arm-none-eabi/14.2.0/../../../../arm-none-eabi/lib/armv6k/fpu/libm.a(libm_a-sf_pow_log2_data.o)
                0x001329e0                __powf_log2_data
 .rodata.__exp2f_data
                0x00132b08      0x148 /opt/devkitpro/devkitARM/bin/../lib/gcc/arm-none-eabi/14.2.0/../../../../arm-none-eabi/lib/armv6k/fpu/libm.a(libm_a-sf_exp2_data.o)
                0x00132b08                __exp2f_data
 .rodata.npio2_hw
                0x00132c50       0x80 /opt/devkitpro/devkitARM/bin/../lib/gcc/arm-none-eabi/14.2.0/../../../../arm-none-eabi/lib/armv6k/fpu/libm.a(libm_a-ef_rem_pio2.o)
 .rodata.two_over_pi
                0x00132cd0      0x318 /opt/devkitpro/devkitARM/bin/../lib/gcc/arm-none-eabi/14.2.0/../../../../arm-none-eabi/lib/armv6k/fpu/libm.a(libm_a-ef_rem_pio2.o)
 .rodata.PIo2   0x00132fe8       0x2c /opt/devkitpro/devkitARM/bin/../lib/gcc/arm-none-eabi/14.2.0/../../../../arm-none-eabi/lib/armv6k/fpu/libm.a(libm_a-kf_rem_pio2.o)
 .rodata.init_jk
                0x00133014        0xc /opt/devkitpro/devkitARM/bin/../lib/gcc/arm-none-eabi/14.2.0/../../../../arm-none-eabi/lib/armv6k/fpu/libm.a(libm_a-kf_rem_pio2.o)
 .rodata._ctype_