Archive member included to satisfy reference by file (symbol)

/opt/devkitpro/libctru/lib/libcitro2d.a(base.o)
                              main.o (C2D_Init)
/opt/devkitpro/libctru/lib/libcitro2d.a(render2d.shbin.o)
                              /opt/devkitpro/libctru/lib/libcitro2d.a(base.o) (render2d_shbin)
/opt/devkitpro/libctru/lib/libcitro3d.a(attribs.o)
                              /opt/devkitpro/libctru/lib/libcitro2d.a(base.o) (AttrInfo_Init)
/opt/devkitpro/libctru/lib/libcitro3d.a(base.o)
                              /opt/devkitpro/libctru/lib/libcitro3d.a(attribs.o) (__C3D_Context)
/opt/devkitpro/libctru/lib/libcitro3d.a(buffers.o)
                              /opt/devkitpro/libctru/lib/libcitro2d.a(base.o) (BufInfo_Init)
/opt/devkitpro/libctru/lib/libcitro3d.a(drawElements.o)
                              /opt/devkitpro/libctru/lib/libcitro2d.a(base.o) (C3D_DrawElements)
/opt/devkitpro/libctru/lib/libcitro3d.a(effect.o)
                              /opt/devkitpro/libctru/lib/libcitro3d.a(base.o) (C3D_DepthMap)
/opt/devkitpro/libctru/lib/libcitro3d.a(framebuffer.o)
                              /opt/devkitpro/libctru/lib/libcitro3d.a(base.o) (C3Di_FrameBufBind)
/opt/devkitpro/libctru/lib/libcitro3d.a(immediate.o)
                              /opt/devkitpro/libctru/lib/libcitro3d.a(base.o) (C3D_ImmSendAttrib)
/opt/devkitpro/libctru/lib/libcitro3d.a(proctex.o)
                              /opt/devkitpro/libctru/lib/libcitro2d.a(base.o) (C3D_ProcTexInit)
/opt/devkitpro/libctru/lib/libcitro3d.a(renderqueue.o)
                              /opt/devkitpro/libctru/lib/libcitro3d.a(base.o) (C3Di_RenderQueueEnableVBlank)
/opt/devkitpro/libctru/lib/libcitro3d.a(texenv.o)
                              /opt/devkitpro/libctru/lib/libcitro2d.a(base.o) (C3D_GetTexEnv)
/opt/devkitpro/libctru/lib/libcitro3d.a(texture.o)
                              /opt/devkitpro/libctru/lib/libcitro2d.a(base.o) (C3D_TexBind)
/opt/devkitpro/libctru/lib/libcitro3d.a(uniforms.o)
                              /opt/devkitpro/libctru/lib/libcitro3d.a(base.o) (C3D_UpdateUniforms)
/opt/devkitpro/libctru/lib/libcitro3d.a(mtx_multiply.o)
                              /opt/devkitpro/libctru/lib/libcitro2d.a(base.o) (Mtx_Multiply)
/opt/devkitpro/libctru/lib/libcitro3d.a(mtx_ortho.o)
                              /opt/devkitpro/libctru/lib/libcitro2d.a(base.o) (Mtx_Ortho)
/opt/devkitpro/libctru/lib/libcitro3d.a(mtx_orthotilt.o)
                              /opt/devkitpro/libctru/lib/libcitro2d.a(base.o) (Mtx_OrthoTilt)
/opt/devkitpro/libctru/lib/libcitro3d.a(mtx_rotatez.o)
                              /opt/devkitpro/libctru/lib/libcitro2d.a(base.o) (Mtx_RotateZ)
/opt/devkitpro/libctru/lib/libcitro3d.a(mtx_scale.o)
                              /opt/devkitpro/libctru/lib/libcitro2d.a(base.o) (Mtx_Scale)
/opt/devkitpro/libctru/lib/libcitro3d.a(mtx_translate.o)
                              /opt/devkitpro/libctru/lib/libcitro2d.a(base.o) (Mtx_Translate)
/opt/devkitpro/libctru/lib/libctru.a(linear.o)
                              /opt/devkitpro/libctru/lib/libcitro2d.a(base.o) (linearAlloc)
/opt/devkitpro/libctru/lib/libctru.a(mem_pool.o)
                              /opt/devkitpro/libctru/lib/libctru.a(linear.o) (MemPool::Allocate(MemChunk&, unsigned long, int))
/opt/devkitpro/libctru/lib/libctru.a(vram.o)
                              /opt/devkitpro/libctru/lib/libcitro3d.a(renderqueue.o) (vramAlloc)
/opt/devkitpro/libctru/lib/libctru.a(console.o)
                              main.o (consoleInit)
/opt/devkitpro/libctru/lib/libctru.a(gfx.o)
                              /opt/devkitpro/libctru/lib/libcitro2d.a(base.o) (gfxIsWide)
/opt/devkitpro/libctru/lib/libctru.a(os.o)
                              /opt/devkitpro/libctru/lib/libcitro3d.a(buffers.o) (osConvertVirtToPhys)
/opt/devkitpro/libctru/lib/libctru.a(gpu.o)
                              /opt/devkitpro/libctru/lib/libcitro3d.a(base.o) (gpuCmdBufOffset)
/opt/devkitpro/libctru/lib/libctru.a(gx.o)
                              /opt/devkitpro/libctru/lib/libcitro3d.a(renderqueue.o) (GX_BindQueue)
/opt/devkitpro/libctru/lib/libctru.a(gxqueue.o)
                              /opt/devkitpro/libctru/lib/libcitro3d.a(renderqueue.o) (gxCmdQueueClear)
/opt/devkitpro/libctru/lib/libctru.a(shaderProgram.o)
                              /opt/devkitpro/libctru/lib/libcitro2d.a(base.o) (shaderInstanceGetUniformLocation)
/opt/devkitpro/libctru/lib/libctru.a(shbin.o)
                              /opt/devkitpro/libctru/lib/libcitro2d.a(base.o) (DVLB_ParseFile)
/opt/devkitpro/libctru/lib/libctru.a(apt.o)
                              /opt/devkitpro/libctru/lib/libcitro3d.a(base.o) (aptHook)
/opt/devkitpro/libctru/lib/libctru.a(gspgpu.o)
                              /opt/devkitpro/libctru/lib/libctru.a(gfx.o) (gspInit)
/opt/devkitpro/libctru/lib/libctru.a(hid.o)
                              main.o (hidScanInput)
/opt/devkitpro/libctru/lib/libctru.a(irrst.o)
[...]
Memory Configuration

Name             Origin             Length             Attributes
*default*        0x00000000         0xffffffff

Linker script and memory map

                0x00000000                        __sync_synchronize = __sync_synchronize_dmb
                0x00100000                        PROVIDE (__start__ = 0x100000)
                0x00100000                        . = __start__

.text           0x00100000    0x1c568
 *(.crt0)
 .crt0          0x00100000       0x94 /opt/devkitpro/devkitARM/bin/../lib/gcc/arm-none-eabi/14.2.0/../../../../arm-none-eabi/lib/armv6k/fpu/3dsx_crt0.o
                0x00100000                _start
                0x00100008                __service_ptr
                0x0010000c                __apt_appid
                0x00100010                __heap_size
                0x00100014                __linear_heap_size
                0x00100018                __system_arglist
                0x0010001c                __system_runflags
 *(.init)
 .init          0x00100094        0xc /opt/devkitpro/devkitARM/bin/../lib/gcc/arm-none-eabi/14.2.0/armv6k/fpu/crti.o
                0x00100094                _init
 .init          0x001000a0        0xc /opt/devkitpro/devkitARM/bin/../lib/gcc/arm-none-eabi/14.2.0/armv6k/fpu/crtn.o
                0x001000ac                        . = ALIGN (0x4)
 *(.text)
 .text          0x001000ac      0x240 /opt/devkitpro/devkitARM/bin/../lib/gcc/arm-none-eabi/14.2.0/armv6k/fpu/libgcc.a(_divsi3.o)
                0x001000ac                __aeabi_idiv
                0x001000ac                __divsi3
                0x001002cc                __aeabi_idivmod
 .text          0x001002ec        0x4 /opt/devkitpro/devkitARM/bin/../lib/gcc/arm-none-eabi/14.2.0/armv6k/fpu/libgcc.a(_dvmd_tls.o)
                0x001002ec                __aeabi_ldiv0
                0x001002ec                __aeabi_idiv0
 .text          0x001002f0       0x3c /opt/devkitpro/devkitARM/bin/../lib/gcc/arm-none-eabi/14.2.0/armv6k/fpu/libgcc.a(_aeabi_uldivmod.o)
                0x001002f0                __aeabi_uldivmod
 *fill*         0x0010032c       0x14 
 .text          0x00100340      0x390 /opt/devkitpro/devkitARM/bin/../lib/gcc/arm-none-eabi/14.2.0/../../../../arm-none-eabi/lib/armv6k/fpu/libg.a(libc_a-strcmp.o)
                0x00100348                strcmp
 .text          0x001006d0      0x20c /opt/devkitpro/devkitARM/bin/../lib/gcc/arm-none-eabi/14.2.0/armv6k/fpu/libgcc.a(_udivsi3.o)
                0x001006d0                __udivsi3
                0x001006d0                __aeabi_uidiv
                0x001008bc                __aeabi_uidivmod
 *(.text.*)
 .text.__do_global_dtors_aux
                0x001008dc       0x40 /opt/devkitpro/devkitARM/bin/../lib/gcc/arm-none-eabi/14.2.0/armv6k/fpu/crtbegin.o
 .text.frame_dummy
                0x0010091c       0x2c /opt/devkitpro/devkitARM/bin/../lib/gcc/arm-none-eabi/14.2.0/armv6k/fpu/crtbegin.o
 .text.startup.main
                0x00100948      0x264 main.o
                0x00100948                main
 .text.C2Di_FrameEndHook
                0x00100bac       0x44 /opt/devkitpro/libctru/lib/libcitro2d.a(base.o)
 .text.C2D_Init
                0x00100bf0      0x36c /opt/devkitpro/libctru/lib/libcitro2d.a(base.o)
                0x00100bf0                C2D_Init
 .text.C2D_Fini
                0x00100f5c       0x4c /opt/devkitpro/libctru/lib/libcitro2d.a(base.o)
                0x00100f5c                C2D_Fini
 .text.C2D_Prepare
                0x00100fa8       0xb8 /opt/devkitpro/libctru/lib/libcitro2d.a(base.o)
                0x00100fa8                C2D_Prepare
 .text.C2D_Flush
                0x00101060       0x48 /opt/devkitpro/libctru/lib/libcitro2d.a(base.o)
                0x00101060                C2D_Flush
 .text.C2D_SceneSize
                0x001010a8      0x104 /opt/devkitpro/libctru/lib/libcitro2d.a(base.o)
                0x001010a8                C2D_SceneSize
 .text.C2D_CreateScreenTarget
                0x001011ac       0x58 /opt/devkitpro/libctru/lib/libcitro2d.a(base.o)
                0x001011ac                C2D_CreateScreenTarget
 .text.C2D_TargetClear
                0x00101204       0x64 /opt/devkitpro/libctru/lib/libcitro2d.a(base.o)
                0x00101204                C2D_TargetClear
 .text.C2Di_AppendQuad
                0x00101268       0x58 /opt/devkitpro/libctru/lib/libcitro2d.a(base.o)
                0x00101268                C2Di_AppendQuad
 .text.C2Di_Update
                0x001012c0      0x550 /opt/devkitpro/libctru/lib/libcitro2d.a(base.o)
                0x001012c0                C2Di_Update
 .text.C2D_DrawTriangle
                0x00101810      0x15c /opt/devkitpro/libctru/lib/libcitro2d.a(base.o)
                0x00101810                C2D_DrawTriangle
 .text.C2D_DrawRectangle
                0x0010196c      0x158 /opt/devkitpro/libctru/lib/libcitro2d.a(base.o)
                0x0010196c                C2D_DrawRectangle
 .text.C2D_DrawEllipse
                0x00101ac4      0x16c /opt/devkitpro/libctru/lib/libcitro2d.a(base.o)
                0x00101ac4                C2D_DrawEllipse
 .text.AttrInfo_Init
                0x00101c30       0x28 /opt/devkitpro/libctru/lib/libcitro3d.a(attribs.o)
                0x00101c30                AttrInfo_Init
 .text.AttrInfo_AddLoader
                0x00101c58       0x94 /opt/devkitpro/libctru/lib/libcitro3d.a(attribs.o)
                0x00101c58                AttrInfo_AddLoader
 .text.C3D_SetAttrInfo
                0x00101cec       0x54 /opt/devkitpro/libctru/lib/libcitro3d.a(attribs.o)
                0x00101cec                C3D_SetAttrInfo
 .text.C3Di_AttrInfoBind
                0x00101d40       0x80 /opt/devkitpro/libctru/lib/libcitro3d.a(attribs.o)
                0x00101d40                C3Di_AttrInfoBind
 .text.C3Di_LightEnvUpdate
                0x00101dc0        0x4 /opt/devkitpro/libctru/lib/libcitro3d.a(base.o)
                0x00101dc0                C3Di_LightEnvUpdate
 .text.C3Di_LightEnvDirty
                0x00101dc4        0x4 /opt/devkitpro/libctru/lib/libcitro3d.a(base.o)
                0x00101dc4                C3Di_LightEnvDirty
 .text.C3Di_AptEventHook
                0x00101dc8       0xb4 /opt/devkitpro/libctru/lib/libcitro3d.a(base.o)
 .text.C3Di_GasUpdate
                0x00101e7c        0x4 /opt/devkitpro/libctru/lib/libcitro3d.a(base.o)
                0x00101e7c                C3Di_GasUpdate
 .text.C3D_Init
                0x00101e80      0x1d0 /opt/devkitpro/libctru/lib/libcitro3d.a(base.o)
                0x00101e80                C3D_Init
 .text.C3D_SetViewport
                0x00102050       0x98 /opt/devkitpro/libctru/lib/libcitro3d.a(base.o)
                0x00102050                C3D_SetViewport
 .text.C3Di_UpdateContext
                0x001020e8      0x4e8 /opt/devkitpro/libctru/lib/libcitro3d.a(base.o)
                0x001020e8                C3Di_UpdateContext
 .text.C3Di_SplitFrame
                0x001025d0       0xe0 /opt/devkitpro/libctru/lib/libcitro3d.a(base.o)
                0x001025d0                C3Di_SplitFrame
 .text.C3D_GetCmdBufUsage
                0x001026b0       0x10 /opt/devkitpro/libctru/lib/libcitro3d.a(base.o)
                0x001026b0                C3D_GetCmdBufUsage
 .text.C3D_Fini
                0x001026c0       0x44 /opt/devkitpro/libctru/lib/libcitro3d.a(base.o)
                0x001026c0                C3D_Fini
 .text.C3D_BindProgram
                0x00102704      0x194 /opt/devkitpro/libctru/lib/libcitro3d.a(base.o)
                0x00102704                C3D_BindProgram
 .text.BufInfo_Init
                0x00102898       0x24 /opt/devkitpro/libctru/lib/libcitro3d.a(buffers.o)
                0x00102898                BufInfo_Init
 .text.BufInfo_Add
                0x001028bc       0x80 /opt/devkitpro/libctru/lib/libcitro3d.a(buffers.o)
                0x001028bc                BufInfo_Add
 .text.C3D_SetBufInfo
                0x0010293c       0x3c /opt/devkitpro/libctru/lib/libcitro3d.a(buffers.o)
                0x0010293c                C3D_SetBufInfo
 .text.C3Di_BufInfoBind
                0x00102978       0x48 /opt/devkitpro/libctru/lib/libcitro3d.a(buffers.o)
                0x00102978                C3Di_BufInfoBind
 .text.C3D_DrawElements
                0x001029c0      0x21c /opt/devkitpro/libctru/lib/libcitro3d.a(drawElements.o)
                0x001029c0                C3D_DrawElements
 .text.C3D_DepthMap
                0x00102bdc       0x40 /opt/devkitpro/libctru/lib/libcitro3d.a(effect.o)
                0x00102bdc                C3D_DepthMap
 .text.C3D_CullFace
                0x00102c1c       0x1c /opt/devkitpro/libctru/lib/libcitro3d.a(effect.o)
                0x00102c1c                C3D_CullFace
 .text.C3D_StencilTest
                0x00102c38       0x40 /opt/devkitpro/libctru/lib/libcitro3d.a(effect.o)
                0x00102c38                C3D_StencilTest
 .text.C3D_StencilOp
                0x00102c78       0x24 /opt/devkitpro/libctru/lib/libcitro3d.a(effect.o)
                0x00102c78                C3D_StencilOp
 .text.C3D_BlendingColor
                0x00102c9c       0x1c /opt/devkitpro/libctru/lib/libcitro3d.a(effect.o)
                0x00102c9c                C3D_BlendingColor
 .text.C3D_EarlyDepthTest
                0x00102cb8       0x24 /opt/devkitpro/libctru/lib/libcitro3d.a(effect.o)
                0x00102cb8                C3D_EarlyDepthTest
 .text.C3D_DepthTest
                0x00102cdc       0x2c /opt/devkitpro/libctru/lib/libcitro3d.a(effect.o)
                0x00102cdc                C3D_DepthTest
 .text.C3D_AlphaTest
                0x00102d08       0x2c /opt/devkitpro/libctru/lib/libcitro3d.a(effect.o)
                0x00102d08                C3D_AlphaTest
 .text.C3D_AlphaBlend
                0x00102d34       0x50 /opt/devkitpro/libctru/lib/libcitro3d.a(effect.o)
                0x00102d34                C3D_AlphaBlend
 .text.C3D_FragOpMode
                0x00102d84       0x30 /opt/devkitpro/libctru/lib/libcitro3d.a(effect.o)
                0x00102d84                C3D_FragOpMode
 .text.C3D_FragOpShadow
                0x00102db4       0x44 /opt/devkitpro/libctru/lib/libcitro3d.a(effect.o)
                0x00102db4                C3D_FragOpShadow
 .text.C3Di_EffectBind
                0x00102df8      0x1ac /opt/devkitpro/libctru/lib/libcitro3d.a(effect.o)
                0x00102df8                C3Di_EffectBind
 .text.C3D_CalcColorBufSize
                0x00102fa4       0x1c /opt/devkitpro/libctru/lib/libcitro3d.a(framebuffer.o)
                0x00102fa4                C3D_CalcColorBufSize
 .text.C3D_CalcDepthBufSize
                0x00102fc0       0x1c /opt/devkitpro/libctru/lib/libcitro3d.a(framebuffer.o)
                0x00102fc0                C3D_CalcDepthBufSize
 .text.C3D_SetFrameBuf
                0x00102fdc       0x44 /opt/devkitpro/libctru/lib/libcitro3d.a(framebuffer.o)
                0x00102fdc                C3D_SetFrameBuf
 .text.C3Di_FrameBufBind
                0x00103020      0x16c /opt/devkitpro/libctru/lib/libcitro3d.a(framebuffer.o)
                0x00103020                C3Di_FrameBufBind
 .text.C3D_FrameBufClear
                0x0010318c       0xc8 /opt/devkitpro/libctru/lib/libcitro3d.a(framebuffer.o)
                0x0010318c                C3D_FrameBufClear
 .text.C3D_FrameBufTransfer
                0x00103254       0x44 /opt/devkitpro/libctru/lib/libcitro3d.a(framebuffer.o)
                0x00103254                C3D_FrameBufTransfer
 .text.C3D_ImmSendAttrib
                0x00103298       0xa8 /opt/devkitpro/libctru/lib/libcitro3d.a(immediate.o)
                0x00103298                C3D_ImmSendAttrib
 .text.C3D_ProcTexInit
                0x00103340       0x70 /opt/devkitpro/libctru/lib/libcitro3d.a(proctex.o)
                0x00103340                C3D_ProcTexInit
 .text.C3D_ProcTexBind
                0x001033b0       0x54 /opt/devkitpro/libctru/lib/libcitro3d.a(proctex.o)
                0x001033b0                C3D_ProcTexBind
 .text.C3D_ProcTexLutBind
                0x00103404       0x5c /opt/devkitpro/libctru/lib/libcitro3d.a(proctex.o)
                0x00103404                C3D_ProcTexLutBind
 .text.ProcTexLut_FromArray
                0x00103460       0xa4 /opt/devkitpro/libctru/lib/libcitro3d.a(proctex.o)
                0x00103460                ProcTexLut_FromArray
 .text.C3Di_ProcTexUpdate
                0x00103504      0x178 /opt/devkitpro/libctru/lib/libcitro3d.a(proctex.o)
                0x00103504                C3Di_ProcTexUpdate
 .text.C3Di_ProcTexDirty
                0x0010367c       0x68 /opt/devkitpro/libctru/lib/libcitro3d.a(proctex.o)
                0x0010367c                C3Di_ProcTexDirty
 .text.onVBlank0
                0x001036e4       0x4c /opt/devkitpro/libctru/lib/libcitro3d.a(renderqueue.o)
 .text.onVBlank1
                0x00103730       0x4c /opt/devkitpro/libctru/lib/libcitro3d.a(renderqueue.o)
 .text.C3Di_RenderTargetDestroy
                0x0010377c       0x80 /opt/devkitpro/libctru/lib/libcitro3d.a(renderqueue.o)
 .text.onQueueFinish
                0x001037fc       0xf4 /opt/devkitpro/libctru/lib/libcitro3d.a(renderqueue.o)
 .text.C3Di_RenderQueueEnableVBlank
                0x001038f0       0x38 /opt/devkitpro/libctru/lib/libcitro3d.a(renderqueue.o)
                0x001038f0                C3Di_RenderQueueEnableVBlank
 .text.C3Di_RenderQueueDisableVBlank
                0x00103928       0x30 /opt/devkitpro/libctru/lib/libcitro3d.a(renderqueue.o)
                0x00103928                C3Di_RenderQueueDisableVBlank
 .text.C3Di_RenderQueueInit
                0x00103958       0x60 /opt/devkitpro/libctru/lib/libcitro3d.a(renderqueue.o)
                0x00103958                C3Di_RenderQueueInit
 .text.C3Di_RenderQueueExit
                0x001039b8       0xb4 /opt/devkitpro/libctru/lib/libcitro3d.a(renderqueue.o)
                0x001039b8                C3Di_RenderQueueExit
 .text.C3Di_RenderQueueWaitDone
                0x00103a6c       0x34 /opt/devkitpro/libctru/lib/libcitro3d.a(renderqueue.o)
                0x00103a6c                C3Di_RenderQueueWaitDone
 .text.C3D_FrameBegin
                0x00103aa0       0xe8 /opt/devkitpro/libctru/lib/libcitro3d.a(renderqueue.o)
                0x00103aa0                C3D_FrameBegin
 .text.C3D_FrameDrawOn
                0x00103b88       0x48 /opt/devkitpro/libctru/lib/libcitro3d.a(renderqueue.o)
                0x00103b88                C3D_FrameDrawOn
 .text.C3D_FrameSplit
                0x00103bd0       0x58 /opt/devkitpro/libctru/lib/libcitro3d.a(renderqueue.o)
                0x00103bd0                C3D_FrameSplit
 .text.C3D_FrameEnd
                0x00103c28      0x1d0 /opt/devkitpro/libctru/lib/libcitro3d.a(renderqueue.o)
                0x00103c28                C3D_FrameEnd
 .text.C3D_FrameEndHook
                0x00103df8       0x1c /opt/devkitpro/libctru/lib/libcitro3d.a(renderqueue.o)
                0x00103df8                C3D_FrameEndHook
 .text.C3D_GetDrawingTime
                0x00103e14       0x18 /opt/devkitpro/libctru/lib/libcitro3d.a(renderqueue.o)
                0x00103e14                C3D_GetDrawingTime
 .text.C3D_GetProcessingTime
                0x00103e2c       0x18 /opt/devkitpro/libctru/lib/libcitro3d.a(renderqueue.o)
                0x00103e2c                C3D_GetProcessingTime
 .text.C3D_RenderTargetCreate
                0x00103e44      0x170 /opt/devkitpro/libctru/lib/libcitro3d.a(renderqueue.o)
                0x00103e44                C3D_RenderTargetCreate
 .text.C3D_RenderTargetSetOutput
                0x00103fb4       0xa8 /opt/devkitpro/libctru/lib/libcitro3d.a(renderqueue.o)
                0x00103fb4                C3D_RenderTargetSetOutput
 .text.C3D_GetTexEnv
                0x0010405c       0x34 /opt/devkitpro/libctru/lib/libcitro3d.a(texenv.o)
                0x0010405c                C3D_GetTexEnv
 .text.C3Di_TexEnvBind
                0x00104090       0x24 /opt/devkitpro/libctru/lib/libcitro3d.a(texenv.o)
                0x00104090                C3Di_TexEnvBind
 .text.C3D_TexBind
                0x001040b4       0x44 /opt/devkitpro/libctru/lib/libcitro3d.a(texture.o)
                0x001040b4                C3D_TexBind
 .text.C3Di_SetTex
                0x001040f8      0x14c /opt/devkitpro/libctru/lib/libcitro3d.a(texture.o)
                0x001040f8                C3Di_SetTex
 .text.C3D_UpdateUniforms
                0x00104244      0x290 /opt/devkitpro/libctru/lib/libcitro3d.a(uniforms.o)
                0x00104244                C3D_UpdateUniforms
 .text.C3Di_DirtyUniforms
                0x001044d4       0xc0 /opt/devkitpro/libctru/lib/libcitro3d.a(uniforms.o)
                0x001044d4                C3Di_DirtyUniforms
 .text.C3Di_LoadShaderUniforms
                0x00104594       0xd8 /opt/devkitpro/libctru/lib/libcitro3d.a(uniforms.o)
                0x00104594                C3Di_LoadShaderUniforms
 .text.C3Di_ClearShaderUniforms
                0x0010466c       0x28 /opt/devkitpro/libctru/lib/libcitro3d.a(uniforms.o)
                0x0010466c                C3Di_ClearShaderUniforms
 .text.Mtx_Ortho
                0x00104694       0xcc /opt/devkitpro/libctru/lib/libcitro3d.a(mtx_ortho.o)
                0x00104694                Mtx_Ortho
 .text.Mtx_OrthoTilt
                0x00104760       0xcc /opt/devkitpro/libctru/lib/libcitro3d.a(mtx_orthotilt.o)
                0x00104760                Mtx_OrthoTilt
 .text._ZL21addrMapNodeComparatorPK11rbtree_nodeS1_
                0x0010482c       0x24 /opt/devkitpro/libctru/lib/libctru.a(linear.o)
 .text._ZL21addrMapNodeDestructorP11rbtree_node
                0x00104850        0x4 /opt/devkitpro/libctru/lib/libctru.a(linear.o)
 .text.linearMemAlign
                0x00104854      0x120 /opt/devkitpro/libctru/lib/libctru.a(linear.o)
                0x00104854                linearMemAlign
 .text.linearAlloc
                0x00104974        0x8 /opt/devkitpro/libctru/lib/libctru.a(linear.o)
                0x00104974                linearAlloc
 .text.linearFree
                0x0010497c       0x5c /opt/devkitpro/libctru/lib/libctru.a(linear.o)
                0x0010497c                linearFree
 .text._ZN7MemPool13CoalesceRightEP8MemBlock
                0x001049d8       0x84 /opt/devkitpro/libctru/lib/libctru.a(mem_pool.o)
                0x001049d8                MemPool::CoalesceRight(MemBlock*)
 .text._ZN7MemPool8AllocateER8MemChunkmi
                0x00104a5c      0x150 /opt/devkitpro/libctru/lib/libctru.a(mem_pool.o)
                0x00104a5c                MemPool::Allocate(MemChunk&, unsigned long, int)
 .text._ZN7MemPool10DeallocateERK8MemChunk
                0x00104bac       0xfc /opt/devkitpro/libctru/lib/libctru.a(mem_pool.o)
                0x00104bac                MemPool::Deallocate(MemChunk const&)
 .text._ZN7MemPool12GetFreeSpaceEv
                0x00104ca8       0x30 /opt/devkitpro/libctru/lib/libctru.a(mem_pool.o)
                0x00104ca8                MemPool::GetFreeSpace()
 .text._ZL21addrMapNodeComparatorPK11rbtree_nodeS1_
                0x00104cd8       0x24 /opt/devkitpro/libctru/lib/libctru.a(vram.o)
 .text._ZL21addrMapNodeDestructorP11rbtree_node
                0x00104cfc        0x4 /opt/devkitpro/libctru/lib/libctru.a(vram.o)
 .text.vramMemAlignAt
                0x00104d00      0x244 /opt/devkitpro/libctru/lib/libctru.a(vram.o)
                0x00104d00                vramMemAlignAt
 .text.vramAlloc
                0x00104f44        0xc /opt/devkitpro/libctru/lib/libctru.a(vram.o)
                0x00104f44                vramAlloc
 .text.vramAllocAt
                0x00104f50        0xc /opt/devkitpro/libctru/lib/libctru.a(vram.o)
                0x00104f50                vramAllocAt
 .text.vramFree
                0x00104f5c       0x90 /opt/devkitpro/libctru/lib/libctru.a(vram.o)
                0x00104f5c                vramFree
 .text.consoleHandleColorEsc
                0x00104fec      0x45c /opt/devkitpro/libctru/lib/libctru.a(console.o)
 .text.consoleColorStateShift
                0x00105448       0xb8 /opt/devkitpro/libctru/lib/libctru.a(console.o)
 .text.consoleDrawChar
                0x00105500      0x1ac /opt/devkitpro/libctru/lib/libctru.a(console.o)
                0x00105500                consoleDrawChar
 .text.consolePrintChar
                0x001056ac      0x11c /opt/devkitpro/libctru/lib/libctru.a(console.o)
                0x001056ac                consolePrintChar
 .text.con_write
                0x001057c8      0x5ec /opt/devkitpro/libctru/lib/libctru.a(console.o)
                0x001057c8                con_write
 .text.newRow   0x00105db4      0x124 /opt/devkitpro/libctru/lib/libctru.a(console.o)
 .text.consoleInit
                0x00105ed8      0x18c /opt/devkitpro/libctru/lib/libctru.a(console.o)
                0x00105ed8                consoleInit
 .text.gfxPresentFramebuffer
                0x00106064       0xd0 /opt/devkitpro/libctru/lib/libctru.a(gfx.o)
 .text.gfxIsWide
                0x00106134       0x1c /opt/devkitpro/libctru/lib/libctru.a(gfx.o)
                0x00106134                gfxIsWide
 .text.gfxSetScreenFormat
                0x00106150       0xec /opt/devkitpro/libctru/lib/libctru.a(gfx.o)
                0x00106150                gfxSetScreenFormat
 .text.gfxSetDoubleBuffering
                0x0010623c       0x10 /opt/devkitpro/libctru/lib/libctru.a(gfx.o)
                0x0010623c                gfxSetDoubleBuffering
 .text.gfxInit  0x0010624c       0xd8 /opt/devkitpro/libctru/lib/libctru.a(gfx.o)
                0x0010624c                gfxInit
 .text.gfxInitDefault
                0x00106324       0x10 /opt/devkitpro/libctru/lib/libctru.a(gfx.o)
                0x00106324                gfxInitDefault
 .text.gfxExit  0x00106334       0xb4 /opt/devkitpro/libctru/lib/libctru.a(gfx.o)
                0x00106334                gfxExit
 .text.gfxGetFramebuffer
                0x001063e8       0xa0 /opt/devkitpro/libctru/lib/libctru.a(gfx.o)
                0x001063e8                gfxGetFramebuffer
 .text.gfxFlushBuffers
                0x00106488      0x100 /opt/devkitpro/libctru/lib/libctru.a(gfx.o)
                0x00106488                gfxFlushBuffers
 .text.gfxScreenSwapBuffers
                0x00106588       0x30 /opt/devkitpro/libctru/lib/libctru.a(gfx.o)
                0x00106588                gfxScreenSwapBuffers
 .text.gfxSwapBuffersGpu
                0x001065b8       0x50 /opt/devkitpro/libctru/lib/libctru.a(gfx.o)
                0x001065b8                gfxSwapBuffersGpu
 .text.osConvertVirtToPhys
                0x00106608       0x74 /opt/devkitpro/libctru/lib/libctru.a(os.o)
                0x00106608                osConvertVirtToPhys
 *fill*         0x0010667c        0x4 
 .text.osTickCounterRead
                0x00106680       0x38 /opt/devkitpro/libctru/lib/libctru.a(os.o)
                0x00106680                osTickCounterRead
 .text.__ctru_speedup_config
                0x001066b8       0x34 /opt/devkitpro/libctru/lib/libctru.a(os.o)
                0x001066b8                __ctru_speedup_config
 .text.GPUCMD_Add
                0x001066ec      0x13c /opt/devkitpro/libctru/lib/libctru.a(gpu.o)
                0x001066ec                GPUCMD_Add
 .text.GPUCMD_Split
                0x00106828       0xb0 /opt/devkitpro/libctru/lib/libctru.a(gpu.o)
                0x00106828                GPUCMD_Split
 .text.f32tof16
                0x001068d8       0x34 /opt/devkitpro/libctru/lib/libctru.a(gpu.o)
                0x001068d8                f32tof16
 .text.f32tof24
                0x0010690c       0x34 /opt/devkitpro/libctru/lib/libctru.a(gpu.o)
                0x0010690c                f32tof24
 .text.f32tof31
                0x00106940       0x38 /opt/devkitpro/libctru/lib/libctru.a(gpu.o)
                0x00106940                f32tof31
 .text.GX_BindQueue
                0x00106978       0x10 /opt/devkitpro/libctru/lib/libctru.a(gx.o)
                0x00106978                GX_BindQueue
 .text.GX_ProcessCommandList
                0x00106988       0x78 /opt/devkitpro/libctru/lib/libctru.a(gx.o)
                0x00106988                GX_ProcessCommandList
 .text.GX_MemoryFill
                0x00106a00       0x74 /opt/devkitpro/libctru/lib/libctru.a(gx.o)
                0x00106a00                GX_MemoryFill
 .text.GX_DisplayTransfer
                0x00106a74       0x70 /opt/devkitpro/libctru/lib/libctru.a(gx.o)
                0x00106a74                GX_DisplayTransfer
 .text.gxCmdQueueDoCommands.part.0
                0x00106ae4       0x68 /opt/devkitpro/libctru/lib/libctru.a(gxqueue.o)
 .text.gxCmdQueueInterrupt
                0x00106b4c       0xc8 /opt/devkitpro/libctru/lib/libctru.a(gxqueue.o)
                0x00106b4c                gxCmdQueueInterrupt
 .text.gxCmdQueueClear
                0x00106c14       0x4c /opt/devkitpro/libctru/lib/libctru.a(gxqueue.o)
                0x00106c14                gxCmdQueueClear
 .text.gxCmdQueueAdd
                0x00106c60       0xf8 /opt/devkitpro/libctru/lib/libctru.a(gxqueue.o)
                0x00106c60                gxCmdQueueAdd
 .text.gxCmdQueueRun
                0x00106d58       0x80 /opt/devkitpro/libctru/lib/libctru.a(gxqueue.o)
                0x00106d58                gxCmdQueueRun
 .text.gxCmdQueueStop
                0x00106dd8       0x60 /opt/devkitpro/libctru/lib/libctru.a(gxqueue.o)
                0x00106dd8                gxCmdQueueStop
 .text.gxCmdQueueWait
                0x00106e38       0x8c /opt/devkitpro/libctru/lib/libctru.a(gxqueue.o)
                0x00106e38                gxCmdQueueWait
 .text.shaderInstanceInit
                0x00106ec4      0x1d0 /opt/devkitpro/libctru/lib/libctru.a(shaderProgram.o)
                0x00106ec4                shaderInstanceInit
 .text.shaderInstanceGetUniformLocation
                0x00107094       0x18 /opt/devkitpro/libctru/lib/libctru.a(shaderProgram.o)
                0x00107094                shaderInstanceGetUniformLocation
 .text.shaderProgramInit
                0x001070ac       0x1c /opt/devkitpro/libctru/lib/libctru.a(shaderProgram.o)
                0x001070ac                shaderProgramInit
 .text.shaderProgramFree
                0x001070c8       0x64 /opt/devkitpro/libctru/lib/libctru.a(shaderProgram.o)
                0x001070c8                shaderProgramFree
 .text.shaderProgramSetVsh
                0x0010712c       0x80 /opt/devkitpro/libctru/lib/libctru.a(shaderProgram.o)
                0x0010712c                shaderProgramSetVsh
 .text.shaderProgramConfigure
                0x001071ac      0x8d0 /opt/devkitpro/libctru/lib/libctru.a(shaderProgram.o)
                0x001071ac                shaderProgramConfigure
 .text.DVLE_GenerateOutmap.part.0
                0x00107a7c      0x1dc /opt/devkitpro/libctru/lib/libctru.a(shbin.o)
 .text.DVLB_ParseFile
                0x00107c58      0x1b0 /opt/devkitpro/libctru/lib/libctru.a(shbin.o)
                0x00107c58                DVLB_ParseFile
 .text.DVLB_Free
                0x00107e08       0x38 /opt/devkitpro/libctru/lib/libctru.a(shbin.o)
                0x00107e08                DVLB_Free
 .text.DVLE_GetUniformRegister
                0x00107e40       0x74 /opt/devkitpro/libctru/lib/libctru.a(shbin.o)
                0x00107e40                DVLE_GetUniformRegister
 .text.aptConvertScreenForCapture
                0x00107eb4      0x1b0 /opt/devkitpro/libctru/lib/libctru.a(apt.o)
 .text.aptDspSleep
                0x00108064        0x8 /opt/devkitpro/libctru/lib/libctru.a(apt.o)
                0x00108064                aptDspSleep
 .text.aptDspWakeup
                0x0010806c        0x4 /opt/devkitpro/libctru/lib/libctru.a(apt.o)
                0x0010806c                aptDspWakeup
 .text.aptDspCancel
                0x00108070        0x4 /opt/devkitpro/libctru/lib/libctru.a(apt.o)
                0x00108070                aptDspCancel
 .text.aptSendCommand
                0x00108074      0x158 /opt/devkitpro/libctru/lib/libctru.a(apt.o)
                0x00108074                aptSendCommand
 *fill*         0x001081cc        0x4 
 .text.aptExitProcess
                0x001081d0       0x44 /opt/devkitpro/libctru/lib/libctru.a(apt.o)
 .text.aptExit  0x00108214      0x380 /opt/devkitpro/libctru/lib/libctru.a(apt.o)
                0x00108214                aptExit
 .text.aptHandleSleep
                0x00108594       0xd8 /opt/devkitpro/libctru/lib/libctru.a(apt.o)
                0x00108594                aptHandleSleep
 .text.aptHook  0x0010866c       0x30 /opt/devkitpro/libctru/lib/libctru.a(apt.o)
                0x0010866c                aptHook
 .text.aptUnhook
                0x0010869c       0x30 /opt/devkitpro/libctru/lib/libctru.a(apt.o)
                0x0010869c                aptUnhook
 .text.APT_SleepIfShellClosed
                0x001086cc       0x84 /opt/devkitpro/libctru/lib/libctru.a(apt.o)
                0x001086cc                APT_SleepIfShellClosed
 .text.aptSetSleepAllowed
                0x00108750       0x78 /opt/devkitpro/libctru/lib/libctru.a(apt.o)
                0x00108750                aptSetSleepAllowed
 .text.APT_UnlockTransition
                0x001087c8       0x84 /opt/devkitpro/libctru/lib/libctru.a(apt.o)
                0x001087c8                APT_UnlockTransition
 *fill*         0x0010884c        0x4 
 .text.aptEventHandler
                0x00108850      0x478 /opt/devkitpro/libctru/lib/libctru.a(apt.o)
 .text.APT_ReceiveParameter
                0x00108cc8       0xb0 /opt/devkitpro/libctru/lib/libctru.a(apt.o)
                0x00108cc8                APT_ReceiveParameter
 .text.aptReceiveParameter.constprop.0
                0x00108d78       0xac /opt/devkitpro/libctru/lib/libctru.a(apt.o)
 *fill*         0x00108e24        0x4 
 .text.aptScreenTransfer
                0x00108e28      0x294 /opt/devkitpro/libctru/lib/libctru.a(apt.o)
 .text.aptWaitForWakeUp.isra.0
                0x001090bc      0x2c8 /opt/devkitpro/libctru/lib/libctru.a(apt.o)
 .text.aptJumpToHomeMenu
                0x00109384       0xf4 /opt/devkitpro/libctru/lib/libctru.a(apt.o)
                0x00109384                aptJumpToHomeMenu
 .text.aptMainLoop
                0x00109478       0x48 /opt/devkitpro/libctru/lib/libctru.a(apt.o)
                0x00109478                aptMainLoop
 .text.aptInit  0x001094c0      0x22c /opt/devkitpro/libctru/lib/libctru.a(apt.o)
                0x001094c0                aptInit
 .text.APT_CheckNew3DS
                0x001096ec       0x7c /opt/devkitpro/libctru/lib/libctru.a(apt.o)
                0x001096ec                APT_CheckNew3DS
 .text.gspHardwareInit
                0x00109768      0xc70 /opt/devkitpro/libctru/lib/libctru.a(gspgpu.o)
 .text.gspInit  0x0010a3d8      0x248 /opt/devkitpro/libctru/lib/libctru.a(gspgpu.o)
                0x0010a3d8                gspInit
 .text.gspExit  0x0010a620       0xe4 /opt/devkitpro/libctru/lib/libctru.a(gspgpu.o)
                0x0010a620                gspExit
 .text.gspHasGpuRight
                0x0010a704       0x10 /opt/devkitpro/libctru/lib/libctru.a(gspgpu.o)
                0x0010a704                gspHasGpuRight
 .text.gspPresentBuffer
                0x0010a714       0xa0 /opt/devkitpro/libctru/lib/libctru.a(gspgpu.o)
                0x0010a714                gspPresentBuffer
 .text.gspSetEventCallback
                0x0010a7b4       0x30 /opt/devkitpro/libctru/lib/libctru.a(gspgpu.o)
                0x0010a7b4                gspSetEventCallback
 .text.gspWaitForEvent
                0x0010a7e4       0x44 /opt/devkitpro/libctru/lib/libctru.a(gspgpu.o)
                0x0010a7e4                gspWaitForEvent
 .text.gspWaitForAnyEvent
                0x0010a828       0x4c /opt/devkitpro/libctru/lib/libctru.a(gspgpu.o)
                0x0010a828                gspWaitForAnyEvent
 .text.gspEventThreadMain
                0x0010a874      0x160 /opt/devkitpro/libctru/lib/libctru.a(gspgpu.o)
 .text.gspSubmitGxCommand
                0x0010a9d4      0x130 /opt/devkitpro/libctru/lib/libctru.a(gspgpu.o)
                0x0010a9d4                gspSubmitGxCommand
 .text.GSPGPU_FlushDataCache
                0x0010ab04       0x50 /opt/devkitpro/libctru/lib/libctru.a(gspgpu.o)
                0x0010ab04                GSPGPU_FlushDataCache
 .text.GSPGPU_SetLcdForceBlack
                0x0010ab54       0x34 /opt/devkitpro/libctru/lib/libctru.a(gspgpu.o)
                0x0010ab54                GSPGPU_SetLcdForceBlack
 .text.GSPGPU_AcquireRight
                0x0010ab88       0x68 /opt/devkitpro/libctru/lib/libctru.a(gspgpu.o)
                0x0010ab88                GSPGPU_AcquireRight
 .text.GSPGPU_ReleaseRight
                0x0010abf0       0x48 /opt/devkitpro/libctru/lib/libctru.a(gspgpu.o)
                0x0010abf0                GSPGPU_ReleaseRight
 .text.GSPGPU_ImportDisplayCaptureInfo
                0x0010ac38       0x7c /opt/devkitpro/libctru/lib/libctru.a(gspgpu.o)
                0x0010ac38                GSPGPU_ImportDisplayCaptureInfo
 .text.GSPGPU_SaveVramSysArea
                0x0010acb4       0x2c /opt/devkitpro/libctru/lib/libctru.a(gspgpu.o)
                0x0010acb4                GSPGPU_SaveVramSysArea
 .text.GSPGPU_RestoreVramSysArea
                0x0010ace0       0x2c /opt/devkitpro/libctru/lib/libctru.a(gspgpu.o)
                0x0010ace0                GSPGPU_RestoreVramSysArea
 .text.hidShouldUseIrrst
                0x0010ad0c       0x24 /opt/devkitpro/libctru/lib/libctru.a(hid.o)
                0x0010ad0c                hidShouldUseIrrst
 .text.hidInit  0x0010ad30      0x18c /opt/devkitpro/libctru/lib/libctru.a(hid.o)
                0x0010ad30                hidInit
 .text.hidExit  0x0010aebc       0xe8 /opt/devkitpro/libctru/lib/libctru.a(hid.o)
                0x0010aebc                hidExit
 .text.hidScanInput
                0x0010afa4      0x2a4 /opt/devkitpro/libctru/lib/libctru.a(hid.o)
                0x0010afa4                hidScanInput
 .text.hidKeysDown
                0x0010b248       0x10 /opt/devkitpro/libctru/lib/libctru.a(hid.o)
                0x0010b248                hidKeysDown
 .text.irrstInit
                0x0010b258      0x160 /opt/devkitpro/libctru/lib/libctru.a(irrst.o)
                0x0010b258                irrstInit
 .text.irrstExit
                0x0010b3b8       0xcc /opt/devkitpro/libctru/lib/libctru.a(irrst.o)
                0x0010b3b8                irrstExit
 .text.irrstScanInput
                0x0010b484       0xb4 /opt/devkitpro/libctru/lib/libctru.a(irrst.o)
                0x0010b484                irrstScanInput
 .text.irrstKeysHeld
                0x0010b538       0x24 /opt/devkitpro/libctru/lib/libctru.a(irrst.o)
                0x0010b538                irrstKeysHeld
 .text.ptmSysmInit
                0x0010b55c       0x74 /opt/devkitpro/libctru/lib/libctru.a(ptmsysm.o)
                0x0010b55c                ptmSysmInit
 .text.ptmSysmExit
                0x0010b5d0       0x3c /opt/devkitpro/libctru/lib/libctru.a(ptmsysm.o)
                0x0010b5d0                ptmSysmExit
 .text.PTMSYSM_ConfigureNew3DSCPU
                0x0010b60c       0x34 /opt/devkitpro/libctru/lib/libctru.a(ptmsysm.o)
                0x0010b60c                PTMSYSM_ConfigureNew3DSCPU
 .text.rbtree_find
                0x0010b640       0x74 /opt/devkitpro/libctru/lib/libctru.a(rbtree_find.o)
                0x0010b640                rbtree_find
 .text.rbtree_init
                0x0010b6b4       0x10 /opt/devkitpro/libctru/lib/libctru.a(rbtree_init.o)
                0x0010b6b4                rbtree_init
 .text.do_insert
                0x0010b6c4      0x19c /opt/devkitpro/libctru/lib/libctru.a(rbtree_insert.o)
 .text.rbtree_insert
                0x0010b860        0x8 /opt/devkitpro/libctru/lib/libctru.a(rbtree_insert.o)
                0x0010b860                rbtree_insert
 .text.rbtree_remove
                0x0010b868      0x310 /opt/devkitpro/libctru/lib/libctru.a(rbtree_remove.o)
                0x0010b868                rbtree_remove
 .text.rbtree_rotate
                0x0010bb78       0x90 /opt/devkitpro/libctru/lib/libctru.a(rbtree_rotate.o)
                0x0010bb78                rbtree_rotate
 .text.__system_allocateHeaps
                0x0010bc08      0x1e0 /opt/devkitpro/libctru/lib/libctru.a(allocateHeaps.o)
                0x0010bc08                __system_allocateHeaps
 .text.__libctru_init
                0x0010bde8       0x38 /opt/devkitpro/libctru/lib/libctru.a(ctru_init.o)
                0x0010bde8                __libctru_init
 .text.__system_initArgv
                0x0010be20      0x160 /opt/devkitpro/libctru/lib/libctru.a(initArgv.o)
                0x0010be20                __system_initArgv
 .text.__syscall_getreent
                0x0010bf80       0x30 /opt/devkitpro/libctru/lib/libctru.a(syscalls.o)
                0x0010bf80                __syscall_getreent
 .text.__syscall_lock_acquire
                0x0010bfb0        0x4 /opt/devkitpro/libctru/lib/libctru.a(syscalls.o)
                0x0010bfb0                __syscall_lock_acquire
 .text.__syscall_lock_release
                0x0010bfb4        0x4 /opt/devkitpro/libctru/lib/libctru.a(syscalls.o)
                0x0010bfb4                __syscall_lock_release
 .text.__syscall_lock_acquire_recursive
                0x0010bfb8        0x4 /opt/devkitpro/libctru/lib/libctru.a(syscalls.o)
                0x0010bfb8                __syscall_lock_acquire_recursive
 .text.__syscall_lock_release_recursive
                0x0010bfbc        0x4 /opt/devkitpro/libctru/lib/libctru.a(syscalls.o)
                0x0010bfbc                __syscall_lock_release_recursive
 .text.__syscall_exit
                0x0010bfc0        0x4 /opt/devkitpro/libctru/lib/libctru.a(syscalls.o)
                0x0010bfc0                __syscall_exit
 .text.initThreadVars
                0x0010bfc4       0x50 /opt/devkitpro/libctru/lib/libctru.a(syscalls.o)
                0x0010bfc4                initThreadVars
 .text.__system_initSyscalls
                0x0010c014       0x80 /opt/devkitpro/libctru/lib/libctru.a(syscalls.o)
                0x0010c014                __system_initSyscalls
 .text.svcControlMemory
                0x0010c094       0x20 /opt/devkitpro/libctru/lib/libctru.a(svc.o)
                0x0010c094                svcControlMemory
 .text.svcQueryMemory
                0x0010c0b4       0x30 /opt/devkitpro/libctru/lib/libctru.a(svc.o)
                0x0010c0b4                svcQueryMemory
 .text.svcExitProcess
                0x0010c0e4        0x8 /opt/devkitpro/libctru/lib/libctru.a(svc.o)
                0x0010c0e4                svcExitProcess
 .text.svcCreateThread
                0x0010c0ec       0x20 /opt/devkitpro/libctru/lib/libctru.a(svc.o)
                0x0010c0ec                svcCreateThread
 .text.svcExitThread
                0x0010c10c        0x8 /opt/devkitpro/libctru/lib/libctru.a(svc.o)
                0x0010c10c                svcExitThread
 .text.svcSleepThread
                0x0010c114        0x8 /opt/devkitpro/libctru/lib/libctru.a(svc.o)
                0x0010c114                svcSleepThread
 .text.svcReleaseMutex
                0x0010c11c        0x8 /opt/devkitpro/libctru/lib/libctru.a(svc.o)
                0x0010c11c                svcReleaseMutex
 .text.svcCreateEvent
                0x0010c124       0x14 /opt/devkitpro/libctru/lib/libctru.a(svc.o)
                0x0010c124                svcCreateEvent
 .text.svcSignalEvent
                0x0010c138        0x8 /opt/devkitpro/libctru/lib/libctru.a(svc.o)
                0x0010c138                svcSignalEvent
 .text.svcClearEvent
                0x0010c140        0x8 /opt/devkitpro/libctru/lib/libctru.a(svc.o)
                0x0010c140                svcClearEvent
 .text.svcMapMemoryBlock
                0x0010c148        0x8 /opt/devkitpro/libctru/lib/libctru.a(svc.o)
                0x0010c148                svcMapMemoryBlock
 .text.svcUnmapMemoryBlock
                0x0010c150        0x8 /opt/devkitpro/libctru/lib/libctru.a(svc.o)
                0x0010c150                svcUnmapMemoryBlock
 .text.svcCreateAddressArbiter
                0x0010c158       0x14 /opt/devkitpro/libctru/lib/libctru.a(svc.o)
                0x0010c158                svcCreateAddressArbiter
 .text.svcArbitrateAddressNoTimeout
                0x0010c16c        0x8 /opt/devkitpro/libctru/lib/libctru.a(svc.o)
                0x0010c16c                svcArbitrateAddressNoTimeout
 .text.svcCloseHandle
                0x0010c174        0x8 /opt/devkitpro/libctru/lib/libctru.a(svc.o)
                0x0010c174                svcCloseHandle
 .text.svcWaitSynchronization
                0x0010c17c        0x8 /opt/devkitpro/libctru/lib/libctru.a(svc.o)
                0x0010c17c                svcWaitSynchronization
 .text.svcWaitSynchronizationN
                0x0010c184       0x28 /opt/devkitpro/libctru/lib/libctru.a(svc.o)
                0x0010c184                svcWaitSynchronizationN
 .text.svcDuplicateHandle
                0x0010c1ac       0x14 /opt/devkitpro/libctru/lib/libctru.a(svc.o)
                0x0010c1ac                svcDuplicateHandle
 .text.svcGetSystemTick
                0x0010c1c0        0x8 /opt/devkitpro/libctru/lib/libctru.a(svc.o)
                0x0010c1c0                svcGetSystemTick
 .text.svcConnectToPort
                0x0010c1c8       0x14 /opt/devkitpro/libctru/lib/libctru.a(svc.o)
                0x0010c1c8                svcConnectToPort
 .text.svcSendSyncRequest
                0x0010c1dc        0x8 /opt/devkitpro/libctru/lib/libctru.a(svc.o)
                0x0010c1dc                svcSendSyncRequest
 .text.svcGetResourceLimit
                0x0010c1e4       0x14 /opt/devkitpro/libctru/lib/libctru.a(svc.o)
                0x0010c1e4                svcGetResourceLimit
 .text.svcGetResourceLimitLimitValues
                0x0010c1f8        0x8 /opt/devkitpro/libctru/lib/libctru.a(svc.o)
                0x0010c1f8                svcGetResourceLimitLimitValues
 .text.svcGetResourceLimitCurrentValues
                0x0010c200        0x8 /opt/devkitpro/libctru/lib/libctru.a(svc.o)
                0x0010c200                svcGetResourceLimitCurrentValues
 .text.svcBreak
                0x0010c208        0x8 /opt/devkitpro/libctru/lib/libctru.a(svc.o)
                0x0010c208                svcBreak
 .text.initSystem
                0x0010c210       0x50 /opt/devkitpro/libctru/lib/libctru.a(stack_adjust.o)
                0x0010c210                initSystem
 .text.__ctru_exit
                0x0010c260       0x14 /opt/devkitpro/libctru/lib/libctru.a(stack_adjust.o)
                0x0010c260                __ctru_exit
 .text.envGetHandle
                0x0010c274       0x84 /opt/devkitpro/libctru/lib/libctru.a(env.o)
                0x0010c274                envGetHandle
 .text.envDestroyHandles
                0x0010c2f8       0x50 /opt/devkitpro/libctru/lib/libctru.a(env.o)
                0x0010c2f8                envDestroyHandles
 .text.srvInit  0x0010c348      0x12c /opt/devkitpro/libctru/lib/libctru.a(srv.o)
                0x0010c348                srvInit
 .text.srvExit  0x0010c474       0x58 /opt/devkitpro/libctru/lib/libctru.a(srv.o)
                0x0010c474                srvExit
 .text.srvEnableNotification
                0x0010c4cc       0x60 /opt/devkitpro/libctru/lib/libctru.a(srv.o)
                0x0010c4cc                srvEnableNotification
 .text.srvGetServiceHandleDirect
                0x0010c52c       0xa0 /opt/devkitpro/libctru/lib/libctru.a(srv.o)
                0x0010c52c                srvGetServiceHandleDirect
 .text.srvGetServiceHandle
                0x0010c5cc       0x38 /opt/devkitpro/libctru/lib/libctru.a(srv.o)
                0x0010c5cc                srvGetServiceHandle
 .text.srvSubscribe
                0x0010c604       0x34 /opt/devkitpro/libctru/lib/libctru.a(srv.o)
                0x0010c604                srvSubscribe
 .text.srvReceiveNotification
                0x0010c638       0x60 /opt/devkitpro/libctru/lib/libctru.a(srv.o)
                0x0010c638                srvReceiveNotification
 .text.srvPublishToSubscriber
                0x0010c698       0x38 /opt/devkitpro/libctru/lib/libctru.a(srv.o)
                0x0010c698                srvPublishToSubscriber
 .text.__sync_init
                0x0010c6d0        0xc /opt/devkitpro/libctru/lib/libctru.a(synchronization.o)
                0x0010c6d0                __sync_init
 .text.__sync_fini
                0x0010c6dc       0x18 /opt/devkitpro/libctru/lib/libctru.a(synchronization.o)
                0x0010c6dc                __sync_fini
 .text.syncArbitrateAddress
                0x0010c6f4       0x2c /opt/devkitpro/libctru/lib/libctru.a(synchronization.o)
                0x0010c6f4                syncArbitrateAddress
 .text.LightLock_Lock
                0x0010c720       0xb0 /opt/devkitpro/libctru/lib/libctru.a(synchronization.o)
                0x0010c720                LightLock_Lock
 .text.LightLock_Unlock
                0x0010c7d0       0x40 /opt/devkitpro/libctru/lib/libctru.a(synchronization.o)
                0x0010c7d0                LightLock_Unlock
 .text.RecursiveLock_Lock
                0x0010c810       0x30 /opt/devkitpro/libctru/lib/libctru.a(synchronization.o)
                0x0010c810                RecursiveLock_Lock
 .text.RecursiveLock_Unlock
                0x0010c840       0x54 /opt/devkitpro/libctru/lib/libctru.a(synchronization.o)
                0x0010c840                RecursiveLock_Unlock
 .text.LightEvent_Init
                0x0010c894       0x40 /opt/devkitpro/libctru/lib/libctru.a(synchronization.o)
                0x0010c894                LightEvent_Init
 .text.LightEvent_Clear
                0x0010c8d4       0xa4 /opt/devkitpro/libctru/lib/libctru.a(synchronization.o)
                0x0010c8d4                LightEvent_Clear
 .text.LightEvent_Signal
                0x0010c978       0xc8 /opt/devkitpro/libctru/lib/libctru.a(synchronization.o)
                0x0010c978                LightEvent_Signal
 .text.LightEvent_TryWait
                0x0010ca40       0x50 /opt/devkitpro/libctru/lib/libctru.a(synchronization.o)
                0x0010ca40                LightEvent_TryWait
 .text.LightEvent_Wait
                0x0010ca90       0xa0 /opt/devkitpro/libctru/lib/libctru.a(synchronization.o)
                0x0010ca90                LightEvent_Wait
 .text.threadCreate
                0x0010cb30      0x1d4 /opt/devkitpro/libctru/lib/libctru.a(thread.o)
                0x0010cb30                threadCreate
 .text.threadFree
                0x0010cd04       0x2c /opt/devkitpro/libctru/lib/libctru.a(thread.o)
                0x0010cd04                threadFree
 .text.threadJoin
                0x0010cd30       0x24 /opt/devkitpro/libctru/lib/libctru.a(thread.o)
                0x0010cd30                threadJoin
 .text.threadGetCurrent
                0x0010cd54       0x30 /opt/devkitpro/libctru/lib/libctru.a(thread.o)
                0x0010cd54                threadGetCurrent
 .text.threadExit
                0x0010cd84       0x40 /opt/devkitpro/libctru/lib/libctru.a(thread.o)
                0x0010cd84                threadExit
 .text._thread_begin
                0x0010cdc4       0x20 /opt/devkitpro/libctru/lib/libctru.a(thread.o)
 .text.mappableFindAddressWithin
                0x0010cde4       0x90 /opt/devkitpro/libctru/lib/libctru.a(mappable.o)
 .text.mappableInit
                0x0010ce74       0x28 /opt/devkitpro/libctru/lib/libctru.a(mappable.o)
                0x0010ce74                mappableInit
 .text.mappableAlloc
                0x0010ce9c       0x80 /opt/devkitpro/libctru/lib/libctru.a(mappable.o)
                0x0010ce9c                mappableAlloc
 .text.mappableFree
                0x0010cf1c        0x4 /opt/devkitpro/libctru/lib/libctru.a(mappable.o)
                0x0010cf1c                mappableFree
 .text.srvPmGetSessionHandle
                0x0010cf20        0xc /opt/devkitpro/libctru/lib/libctru.a(srvpm.o)
                0x0010cf20                srvPmGetSessionHandle
 .text.rbtree_node_next
                0x0010cf2c       0x5c /opt/devkitpro/libctru/lib/libctru.a(rbtree_iterator.o)
                0x0010cf2c                rbtree_node_next
 .text.__appExit
                0x0010cf88       0x30 /opt/devkitpro/libctru/lib/libctru.a(appExit.o)
                0x0010cf88                __appExit
 .text.__appInit
                0x0010cfb8       0x30 /opt/devkitpro/libctru/lib/libctru.a(appInit.o)
                0x0010cfb8                __appInit
 .text.__libctru_exit
                0x0010cfe8       0x90 /opt/devkitpro/libctru/lib/libctru.a(ctru_exit.o)
                0x0010cfe8                __libctru_exit
 .text.archive_link
                0x0010d078       0x14 /opt/devkitpro/libctru/lib/libctru.a(archive_dev.o)
 .text.archive_dirreset
                0x0010d08c       0x14 /opt/devkitpro/libctru/lib/libctru.a(archive_dev.o)
 .text.archive_chmod
                0x0010d0a0       0x14 /opt/devkitpro/libctru/lib/libctru.a(archive_dev.o)
 .text.error_cmp
                0x0010d0b4       0x24 /opt/devkitpro/libctru/lib/libctru.a(archive_dev.o)
 .text.archive_translate_error
                0x0010d0d8       0x50 /opt/devkitpro/libctru/lib/libctru.a(archive_dev.o)
 .text.archive_seek
                0x0010d128       0xc4 /opt/devkitpro/libctru/lib/libctru.a(archive_dev.o)
 .text._archiveInit.part.0
                0x0010d1ec       0x78 /opt/devkitpro/libctru/lib/libctru.a(archive_dev.o)
 .text.archiveFindDevice.part.0
                0x0010d264       0xc4 /opt/devkitpro/libctru/lib/libctru.a(archive_dev.o)
 .text.archive_utf16path
                0x0010d328      0x290 /opt/devkitpro/libctru/lib/libctru.a(archive_dev.o)
 .text._archiveUnmountDeviceStruct.part.0
                0x0010d5b8       0x9c /opt/devkitpro/libctru/lib/libctru.a(archive_dev.o)
 .text.archive_statvfs
                0x0010d654       0x14 /opt/devkitpro/libctru/lib/libctru.a(archive_dev.o)
 .text.archive_fchmod
                0x0010d668       0x14 /opt/devkitpro/libctru/lib/libctru.a(archive_dev.o)
 .text._archiveMountDevice
                0x0010d67c      0x168 /opt/devkitpro/libctru/lib/libctru.a(archive_dev.o)
 .text.archive_diropen
                0x0010d7e4       0xe8 /opt/devkitpro/libctru/lib/libctru.a(archive_dev.o)
 .text.archive_fstat
                0x0010d8cc       0xa4 /opt/devkitpro/libctru/lib/libctru.a(archive_dev.o)
 .text.archive_fsync
                0x0010d970       0x6c /opt/devkitpro/libctru/lib/libctru.a(archive_dev.o)
 .text.archive_close
                0x0010d9dc       0x6c /opt/devkitpro/libctru/lib/libctru.a(archive_dev.o)
 .text.archive_dirclose
                0x0010da48       0x70 /opt/devkitpro/libctru/lib/libctru.a(archive_dev.o)
 .text.sdmc_statvfs
                0x0010dab8       0xe4 /opt/devkitpro/libctru/lib/libctru.a(archive_dev.o)
 .text.archive_chdir
                0x0010db9c       0xec /opt/devkitpro/libctru/lib/libctru.a(archive_dev.o)
 .text.archive_ftruncate
                0x0010dc88       0x7c /opt/devkitpro/libctru/lib/libctru.a(archive_dev.o)
 .text.archive_read
                0x0010dd04       0xac /opt/devkitpro/libctru/lib/libctru.a(archive_dev.o)
 .text.archive_unlink
                0x0010ddb0       0xa4 /opt/devkitpro/libctru/lib/libctru.a(archive_dev.o)
 .text.archive_rmdir
                0x0010de54       0xbc /opt/devkitpro/libctru/lib/libctru.a(archive_dev.o)
 .text.archive_mkdir
                0x0010df10       0xdc /opt/devkitpro/libctru/lib/libctru.a(archive_dev.o)
 .text.archive_stat
                0x0010dfec      0x194 /opt/devkitpro/libctru/lib/libctru.a(archive_dev.o)
 .text.archive_dirnext
                0x0010e180      0x15c /opt/devkitpro/libctru/lib/libctru.a(archive_dev.o)
 .text.archive_write
                0x0010e2dc      0x124 /opt/devkitpro/libctru/lib/libctru.a(archive_dev.o)
 .text.archive_open
                0x0010e400      0x210 /opt/devkitpro/libctru/lib/libctru.a(archive_dev.o)
 .text.archive_rename
                0x0010e610      0x268 /opt/devkitpro/libctru/lib/libctru.a(archive_dev.o)
 .text.archiveMountSdmc
                0x0010e878      0x19c /opt/devkitpro/libctru/lib/libctru.a(archive_dev.o)
                0x0010e878                archiveMountSdmc
 .text.archiveUnmountAll
                0x0010ea14       0x54 /opt/devkitpro/libctru/lib/libctru.a(archive_dev.o)
                0x0010ea14                archiveUnmountAll
 .text.fsInit   0x0010ea68       0xd0 /opt/devkitpro/libctru/lib/libctru.a(fs.o)
                0x0010ea68                fsInit
 .text.fsExit   0x0010eb38       0x3c /opt/devkitpro/libctru/lib/libctru.a(fs.o)
                0x0010eb38                fsExit
 .text.fsExemptFromSession
                0x0010eb74       0x60 /opt/devkitpro/libctru/lib/libctru.a(fs.o)
                0x0010eb74                fsExemptFromSession
 .text.fsUnexemptFromSession
                0x0010ebd4       0x50 /opt/devkitpro/libctru/lib/libctru.a(fs.o)
                0x0010ebd4                fsUnexemptFromSession
 .text.FSUSER_OpenFile
                0x0010ec24       0xcc /opt/devkitpro/libctru/lib/libctru.a(fs.o)
                0x0010ec24                FSUSER_OpenFile
 .text.FSUSER_DeleteFile
                0x0010ecf0       0xbc /opt/devkitpro/libctru/lib/libctru.a(fs.o)
                0x0010ecf0                FSUSER_DeleteFile
 .text.FSUSER_RenameFile
                0x0010edac       0xf8 /opt/devkitpro/libctru/lib/libctru.a(fs.o)
                0x0010edac                FSUSER_RenameFile
 .text.FSUSER_DeleteDirectory
                0x0010eea4       0xbc /opt/devkitpro/libctru/lib/libctru.a(fs.o)
                0x0010eea4                FSUSER_DeleteDirectory
 .text.FSUSER_CreateFile
                0x0010ef60       0xd4 /opt/devkitpro/libctru/lib/libctru.a(fs.o)
                0x0010ef60                FSUSER_CreateFile
 .text.FSUSER_CreateDirectory
                0x0010f034       0xc4 /opt/devkitpro/libctru/lib/libctru.a(fs.o)
                0x0010f034                FSUSER_CreateDirectory
 .text.FSUSER_RenameDirectory
                0x0010f0f8       0xf8 /opt/devkitpro/libctru/lib/libctru.a(fs.o)
                0x0010f0f8                FSUSER_RenameDirectory
 .text.FSUSER_OpenDirectory
                0x0010f1f0       0xb4 /opt/devkitpro/libctru/lib/libctru.a(fs.o)
                0x0010f1f0                FSUSER_OpenDirectory
 .text.FSUSER_OpenArchive
                0x0010f2a4       0x94 /opt/devkitpro/libctru/lib/libctru.a(fs.o)
                0x0010f2a4                FSUSER_OpenArchive
 .text.FSUSER_CloseArchive
                0x0010f338       0x8c /opt/devkitpro/libctru/lib/libctru.a(fs.o)
                0x0010f338                FSUSER_CloseArchive
 .text.FSUSER_GetSdmcArchiveResource
                0x0010f3c4       0x74 /opt/devkitpro/libctru/lib/libctru.a(fs.o)
                0x0010f3c4                FSUSER_GetSdmcArchiveResource
 .text.FSUSER_IsSdmcWritable
                0x0010f438       0x64 /opt/devkitpro/libctru/lib/libctru.a(fs.o)
                0x0010f438                FSUSER_IsSdmcWritable
 .text.FSFILE_Read
                0x0010f49c       0x58 /opt/devkitpro/libctru/lib/libctru.a(fs.o)
                0x0010f49c                FSFILE_Read
 .text.FSFILE_Write
                0x0010f4f4       0x60 /opt/devkitpro/libctru/lib/libctru.a(fs.o)
                0x0010f4f4                FSFILE_Write
 .text.FSFILE_GetSize
                0x0010f554       0x38 /opt/devkitpro/libctru/lib/libctru.a(fs.o)
                0x0010f554                FSFILE_GetSize
 .text.FSFILE_SetSize
                0x0010f58c       0x28 /opt/devkitpro/libctru/lib/libctru.a(fs.o)
                0x0010f58c                FSFILE_SetSize
 .text.FSFILE_Close
                0x0010f5b4       0x3c /opt/devkitpro/libctru/lib/libctru.a(fs.o)
                0x0010f5b4                FSFILE_Close
 .text.FSFILE_Flush
                0x0010f5f0       0x24 /opt/devkitpro/libctru/lib/libctru.a(fs.o)
                0x0010f5f0                FSFILE_Flush
 .text.FSDIR_Read
                0x0010f614       0x50 /opt/devkitpro/libctru/lib/libctru.a(fs.o)
                0x0010f614                FSDIR_Read
 .text.FSDIR_Close
                0x0010f664       0x3c /opt/devkitpro/libctru/lib/libctru.a(fs.o)
                0x0010f664                FSDIR_Close
 .text.decode_utf8
                0x0010f6a0      0x13c /opt/devkitpro/libctru/lib/libctru.a(decode_utf8.o)
                0x0010f6a0                decode_utf8
 .text.utf16_to_utf8
                0x0010f7dc       0xe8 /opt/devkitpro/libctru/lib/libctru.a(utf16_to_utf8.o)
                0x0010f7dc                utf16_to_utf8
 .text.utf8_to_utf16
                0x0010f8c4       0xc0 /opt/devkitpro/libctru/lib/libctru.a(utf8_to_utf16.o)
                0x0010f8c4                utf8_to_utf16
 .text.__aeabi_read_tp
                0x0010f984        0xc /opt/devkitpro/libctru/lib/libctru.a(readtp.o)
                0x0010f984                __aeabi_read_tp
 .text.decode_utf16
                0x0010f990       0x64 /opt/devkitpro/libctru/lib/libctru.a(decode_utf16.o)
                0x0010f990                decode_utf16
 .text.encode_utf16
                0x0010f9f4       0x54 /opt/devkitpro/libctru/lib/libctru.a(encode_utf16.o)
                0x0010f9f4                encode_utf16
 .text.encode_utf8
                0x0010fa48       0xe0 /opt/devkitpro/libctru/lib/libctru.a(encode_utf8.o)
                0x0010fa48                encode_utf8
 .text.__udivmoddi4
                0x0010fb28      0x120 /opt/devkitpro/devkitARM/bin/../lib/gcc/arm-none-eabi/14.2.0/armv6k/fpu/libgcc.a(_udivmoddi4.o)
                0x0010fb28                __udivmoddi4
 .text.strncmp  0x0010fc48       0xd8 /opt/devkitpro/devkitARM/bin/../lib/gcc/arm-none-eabi/14.2.0/../../../../arm-none-eabi/lib/armv6k/fpu/libg.a(libc_a-strncmp.o)
                0x0010fc48                strncmp
 .text.strlen   0x0010fd20       0x5c /opt/devkitpro/devkitARM/bin/../lib/gcc/arm-none-eabi/14.2.0/../../../../arm-none-eabi/lib/armv6k/fpu/libg.a(libc_a-strlen-stub.o)
                0x0010fd20                strlen
 .text._strtoul_l.isra.0
                0x0010fd7c      0x1e4 /opt/devkitpro/devkitARM/bin/../lib/gcc/arm-none-eabi/14.2.0/../../../../arm-none-eabi/lib/armv6k/fpu/libg.a(libc_a-strtoul.o)
 .text.strtoul  0x0010ff60       0x34 /opt/devkitpro/devkitARM/bin/../lib/gcc/arm-none-eabi/14.2.0/../../../../arm-none-eabi/lib/armv6k/fpu/libg.a(libc_a-strtoul.o)
                0x0010ff60                strtoul
 .text.strncat  0x0010ff94       0xe4 /opt/devkitpro/devkitARM/bin/../lib/gcc/arm-none-eabi/14.2.0/../../../../arm-none-eabi/lib/armv6k/fpu/libg.a(libc_a-strncat.o)
                0x0010ff94                strncat
 .text.bsearch  0x00110078       0x78 /opt/devkitpro/devkitARM/bin/../lib/gcc/arm-none-eabi/14.2.0/../../../../arm-none-eabi/lib/armv6k/fpu/libg.a(libc_a-bsearch.o)
                0x00110078                bsearch
 .text.calloc   0x001100f0       0x20 /opt/devkitpro/devkitARM/bin/../lib/gcc/arm-none-eabi/14.2.0/../../../../arm-none-eabi/lib/armv6k/fpu/libg.a(libc_a-calloc.o)
                0x001100f0                calloc
 .text._calloc_r
                0x00110110       0xc0 /opt/devkitpro/devkitARM/bin/../lib/gcc/arm-none-eabi/14.2.0/../../../../arm-none-eabi/lib/armv6k/fpu/libg.a(libc_a-callocr.o)
                0x00110110                _calloc_r
 .text.memalign
                0x001101d0       0x20 /opt/devkitpro/devkitARM/bin/../lib/gcc/arm-none-eabi/14.2.0/../../../../arm-none-eabi/lib/armv6k/fpu/libg.a(libc_a-malign.o)
                0x001101d0                memalign
 .text.stdio_exit_handler
                0x001101f0       0x1c /opt/devkitpro/devkitARM/bin/../lib/gcc/arm-none-eabi/14.2.0/../../../../arm-none-eabi/lib/armv6k/fpu/libg.a(libc_a-findfp.o)
 .text.cleanup_stdio
                0x0011020c       0x5c /opt/devkitpro/devkitARM/bin/../lib/gcc/arm-none-eabi/14.2.0/../../../../arm-none-eabi/lib/armv6k/fpu/libg.a(libc_a-findfp.o)
 .text.global_stdio_init.part.0
                0x00110268      0x154 /opt/devkitpro/devkitARM/bin/../lib/gcc/arm-none-eabi/14.2.0/../../../../arm-none-eabi/lib/armv6k/fpu/libg.a(libc_a-findfp.o)
 .text.__sinit  0x001103bc       0x5c /opt/devkitpro/devkitARM/bin/../lib/gcc/arm-none-eabi/14.2.0/../../../../arm-none-eabi/lib/armv6k/fpu/libg.a(libc_a-findfp.o)
                0x001103bc                __sinit
 .text.__sfp_lock_acquire
                0x00110418        0xc /opt/devkitpro/devkitARM/bin/../lib/gcc/arm-none-eabi/14.2.0/../../../../arm-none-eabi/lib/armv6k/fpu/libg.a(libc_a-findfp.o)
                0x00110418                __sfp_lock_acquire
 .text.__sfp_lock_release
                0x00110424        0xc /opt/devkitpro/devkitARM/bin/../lib/gcc/arm-none-eabi/14.2.0/../../../../arm-none-eabi/lib/armv6k/fpu/libg.a(libc_a-findfp.o)
                0x00110424                __sfp_lock_release
 .text._malloc_r
                0x00110430      0x7e8 /opt/devkitpro/devkitARM/bin/../lib/gcc/arm-none-eabi/14.2.0/../../../../arm-none-eabi/lib/armv6k/fpu/libg.a(libc_a-mallocr.o)
                0x00110430                _malloc_r
 .text._malloc_trim_r
                0x00110c18       0xf8 /opt/devkitpro/devkitARM/bin/../lib/gcc/arm-none-eabi/14.2.0/../../../../arm-none-eabi/lib/armv6k/fpu/libg.a(libc_a-freer.o)
                0x00110c18                _malloc_trim_r
 .text._free_r  0x00110d10      0x300 /opt/devkitpro/devkitARM/bin/../lib/gcc/arm-none-eabi/14.2.0/../../../../arm-none-eabi/lib/armv6k/fpu/libg.a(libc_a-freer.o)
                0x00110d10                _free_r
 .text.setvbuf  0x00111010      0x294 /opt/devkitpro/devkitARM/bin/../lib/gcc/arm-none-eabi/14.2.0/../../../../arm-none-eabi/lib/armv6k/fpu/libg.a(libc_a-setvbuf.o)
                0x00111010                setvbuf
 .text.strnlen  0x001112a4       0x4c /opt/devkitpro/devkitARM/bin/../lib/gcc/arm-none-eabi/14.2.0/../../../../arm-none-eabi/lib/armv6k/fpu/libg.a(libc_a-strnlen.o)
                0x001112a4                strnlen
 .text.__errno  0x001112f0        0xc /opt/devkitpro/devkitARM/bin/../lib/gcc/arm-none-eabi/14.2.0/../../../../arm-none-eabi/lib/armv6k/fpu/libg.a(libc_a-errno.o)
                0x001112f0                __errno
 .text.malloc   0x001112fc       0x34 /opt/devkitpro/devkitARM/bin/../lib/gcc/arm-none-eabi/14.2.0/../../../../arm-none-eabi/lib/armv6k/fpu/libg.a(libc_a-malloc.o)
                0x001112fc                malloc
 .text.free     0x00111330       0x18 /opt/devkitpro/devkitARM/bin/../lib/gcc/arm-none-eabi/14.2.0/../../../../arm-none-eabi/lib/armv6k/fpu/libg.a(libc_a-malloc.o)
                0x00111330                free
 .text.memcpy   0x00111348      0x130 /opt/devkitpro/devkitARM/bin/../lib/gcc/arm-none-eabi/14.2.0/../../../../arm-none-eabi/lib/armv6k/fpu/libg.a(libc_a-memcpy-stub.o)
                0x00111348                memcpy
 .text.printf   0x00111478       0x34 /opt/devkitpro/devkitARM/bin/../lib/gcc/arm-none-eabi/14.2.0/../../../../arm-none-eabi/lib/armv6k/fpu/libg.a(libc_a-printf.o)
                0x00111478                printf
 .text.memset   0x001114ac       0xe8 /opt/devkitpro/devkitARM/bin/../lib/gcc/arm-none-eabi/14.2.0/../../../../arm-none-eabi/lib/armv6k/fpu/libg.a(libc_a-memset.o)
                0x001114ac                memset
 .text._fwalk_sglue
                0x00111594       0x70 /opt/devkitpro/devkitARM/bin/../lib/gcc/arm-none-eabi/14.2.0/../../../../arm-none-eabi/lib/armv6k/fpu/libg.a(libc_a-fwalk.o)
                0x00111594                _fwalk_sglue
 .text.__malloc_lock
                0x00111604        0xc /opt/devkitpro/devkitARM/bin/../lib/gcc/arm-none-eabi/14.2.0/../../../../arm-none-eabi/lib/armv6k/fpu/libg.a(libc_a-mlock.o)
                0x00111604                __malloc_lock
 .text.__malloc_unlock
                0x00111610        0xc /opt/devkitpro/devkitARM/bin/../lib/gcc/arm-none-eabi/14.2.0/../../../../arm-none-eabi/lib/armv6k/fpu/libg.a(libc_a-mlock.o)
                0x00111610                __malloc_unlock
 .text.__call_exitprocs
                0x0011161c        0x4 /opt/devkitpro/devkitARM/bin/../lib/gcc/arm-none-eabi/14.2.0/../../../../arm-none-eabi/lib/armv6k/fpu/libg.a(libc_a-exit.o)
                0x0011161c                __call_exitprocs
 .text.exit     0x00111620       0x30 /opt/devkitpro/devkitARM/bin/../lib/gcc/arm-none-eabi/14.2.0/../../../../arm-none-eabi/lib/armv6k/fpu/libg.a(libc_a-exit.o)
                0x00111620                exit
 .text.strncpy  0x00111650       0xc4 /opt/devkitpro/devkitARM/bin/../lib/gcc/arm-none-eabi/14.2.0/../../../../arm-none-eabi/lib/armv6k/fpu/libg.a(libc_a-strncpy.o)
                0x00111650                strncpy
 .text.__libc_init_array
                0x00111714       0x84 /opt/devkitpro/devkitARM/bin/../lib/gcc/arm-none-eabi/14.2.0/../../../../arm-none-eabi/lib/armv6k/fpu/libg.a(libc_a-init.o)
                0x00111714                __libc_init_array
 .text.__sflush_r
                0x00111798      0x228 /opt/devkitpro/devkitARM/bin/../lib/gcc/arm-none-eabi/14.2.0/../../../../arm-none-eabi/lib/armv6k/fpu/libg.a(libc_a-fflush.o)
                0x00111798                __sflush_r
 .text._fflush_r
                0x001119c0       0x94 /opt/devkitpro/devkitARM/bin/../lib/gcc/arm-none-eabi/14.2.0/../../../../arm-none-eabi/lib/armv6k/fpu/libg.a(libc_a-fflush.o)
                0x001119c0                _fflush_r
 .text._memalign_r
                0x00111a54      0x150 /opt/devkitpro/devkitARM/bin/../lib/gcc/arm-none-eabi/14.2.0/../../../../arm-none-eabi/lib/armv6k/fpu/libg.a(libc_a-malignr.o)
                0x00111a54                _memalign_r
 .text.__libc_fini_array
                0x00111ba4       0x3c /opt/devkitpro/devkitARM/bin/../lib/gcc/arm-none-eabi/14.2.0/../../../../arm-none-eabi/lib/armv6k/fpu/libg.a(libc_a-fini.o)
                0x00111ba4                __libc_fini_array
 .text.__sread  0x00111be0       0x44 /opt/devkitpro/devkitARM/bin/../lib/gcc/arm-none-eabi/14.2.0/../../../../arm-none-eabi/lib/armv6k/fpu/libg.a(libc_a-stdio.o)
                0x00111be0                __sread
 .text.__swrite
                0x00111c24       0x68 /opt/devkitpro/devkitARM/bin/../lib/gcc/arm-none-eabi/14.2.0/../../../../arm-none-eabi/lib/armv6k/fpu/libg.a(libc_a-stdio.o)
                0x00111c24                __swrite
 .text.__sseek  0x00111c8c       0x40 /opt/devkitpro/devkitARM/bin/../lib/gcc/arm-none-eabi/14.2.0/../../../../arm-none-eabi/lib/armv6k/fpu/libg.a(libc_a-stdio.o)
                0x00111c8c                __sseek
 .text.__sclose
                0x00111ccc        0x8 /opt/devkitpro/devkitARM/bin/../lib/gcc/arm-none-eabi/14.2.0/../../../../arm-none-eabi/lib/armv6k/fpu/libg.a(libc_a-stdio.o)
                0x00111ccc                __sclose
 .text._fclose_r
                0x00111cd4      0x148 /opt/devkitpro/devkitARM/bin/../lib/gcc/arm-none-eabi/14.2.0/../../../../arm-none-eabi/lib/armv6k/fpu/libg.a(libc_a-fclose.o)
                0x00111cd4                _fclose_r
 .text.get_arg  0x00111e1c      0x5e4 /opt/devkitpro/devkitARM/bin/../lib/gcc/arm-none-eabi/14.2.0/../../../../arm-none-eabi/lib/armv6k/fpu/libg.a(libc_a-vfprintf.o)
 .text._vfprintf_r
                0x00112400     0x342c /opt/devkitpro/devkitARM/bin/../lib/gcc/arm-none-eabi/14.2.0/../../../../arm-none-eabi/lib/armv6k/fpu/libg.a(libc_a-vfprintf.o)
                0x00112400                _vfprintf_r
 .text.__sbprintf
                0x0011582c       0xb8 /opt/devkitpro/devkitARM/bin/../lib/gcc/arm-none-eabi/14.2.0/../../../../arm-none-eabi/lib/armv6k/fpu/libg.a(libc_a-vfprintf.o)
 .text.__smakebuf_r
                0x001158e4      0x144 /opt/devkitpro/devkitARM/bin/../lib/gcc/arm-none-eabi/14.2.0/../../../../arm-none-eabi/lib/armv6k/fpu/libg.a(libc_a-makebuf.o)
                0x001158e4                __smakebuf_r
 .text.__swhatbuf_r
                0x00115a28       0x8c /opt/devkitpro/devkitARM/bin/../lib/gcc/arm-none-eabi/14.2.0/../../../../arm-none-eabi/lib/armv6k/fpu/libg.a(libc_a-makebuf.o)
                0x00115a28                __swhatbuf_r
 .text.quorem   0x00115ab4      0x1b4 /opt/devkitpro/devkitARM/bin/../lib/gcc/arm-none-eabi/14.2.0/../../../../arm-none-eabi/lib/armv6k/fpu/libg.a(libc_a-dtoa.o)
 .text._dtoa_r  0x00115c68     0x1370 /opt/devkitpro/devkitARM/bin/../lib/gcc/arm-none-eabi/14.2.0/../../../../arm-none-eabi/lib/armv6k/fpu/libg.a(libc_a-dtoa.o)
                0x00115c68                _dtoa_r
 .text._wcrtomb_r
                0x00116fd8       0xa0 /opt/devkitpro/devkitARM/bin/../lib/gcc/arm-none-eabi/14.2.0/../../../../arm-none-eabi/lib/armv6k/fpu/libg.a(libc_a-wcrtomb.o)
                0x00116fd8                _wcrtomb_r
 .text._wcsrtombs_r
                0x00117078       0x28 /opt/devkitpro/devkitARM/bin/../lib/gcc/arm-none-eabi/14.2.0/../../../../arm-none-eabi/lib/armv6k/fpu/libg.a(libc_a-wcsrtombs.o)
                0x00117078                _wcsrtombs_r
 .text.__swsetup_r
                0x001170a0      0x194 /opt/devkitpro/devkitARM/bin/../lib/gcc/arm-none-eabi/14.2.0/../../../../arm-none-eabi/lib/armv6k/fpu/libg.a(libc_a-wsetup.o)
                0x001170a0                __swsetup_r
 *fill*         0x00117234        0x4 
 .text.frexp    0x00117238       0x88 /opt/devkitpro/devkitARM/bin/../lib/gcc/arm-none-eabi/14.2.0/../../../../arm-none-eabi/lib/armv6k/fpu/libg.a(libm_a-s_frexp.o)
                0x00117238                frexp
 .text.__assert_func
                0x001172c0       0x5c /opt/devkitpro/devkitARM/bin/../lib/gcc/arm-none-eabi/14.2.0/../../../../arm-none-eabi/lib/armv6k/fpu/libg.a(libc_a-assert.o)
                0x001172c0                __assert_func
 .text._Balloc  0x0011731c       0x88 /opt/devkitpro/devkitARM/bin/../lib/gcc/arm-none-eabi/14.2.0/../../../../arm-none-eabi/lib/armv6k/fpu/libg.a(libc_a-mprec.o)
                0x0011731c                _Balloc
 .text._Bfree   0x001173a4       0x1c /opt/devkitpro/devkitARM/bin/../lib/gcc/arm-none-eabi/14.2.0/../../../../arm-none-eabi/lib/armv6k/fpu/libg.a(libc_a-mprec.o)
                0x001173a4                _Bfree
 .text.__multadd
                0x001173c0       0xf4 /opt/devkitpro/devkitARM/bin/../lib/gcc/arm-none-eabi/14.2.0/../../../../arm-none-eabi/lib/armv6k/fpu/libg.a(libc_a-mprec.o)
                0x001173c0                __multadd
 .text.__hi0bits
                0x001174b4       0x80 /opt/devkitpro/devkitARM/bin/../lib/gcc/arm-none-eabi/14.2.0/../../../../arm-none-eabi/lib/armv6k/fpu/libg.a(libc_a-mprec.o)
                0x001174b4                __hi0bits
 .text.__lo0bits
                0x00117534       0xf4 /opt/devkitpro/devkitARM/bin/../lib/gcc/arm-none-eabi/14.2.0/../../../../arm-none-eabi/lib/armv6k/fpu/libg.a(libc_a-mprec.o)
                0x00117534                __lo0bits
 .text.__i2b    0x00117628       0xa4 /opt/devkitpro/devkitARM/bin/../lib/gcc/arm-none-eabi/14.2.0/../../../../arm-none-eabi/lib/armv6k/fpu/libg.a(libc_a-mprec.o)
                0x00117628                __i2b
 .text.__multiply
                0x001176cc      0x208 /opt/devkitpro/devkitARM/bin/../lib/gcc/arm-none-eabi/14.2.0/../../../../arm-none-eabi/lib/armv6k/fpu/libg.a(libc_a-mprec.o)
                0x001176cc                __multiply
 .text.__pow5mult
                0x001178d4      0x130 /opt/devkitpro/devkitARM/bin/../lib/gcc/arm-none-eabi/14.2.0/../../../../arm-none-eabi/lib/armv6k/fpu/libg.a(libc_a-mprec.o)
                0x001178d4                __pow5mult
 .text.__lshift
                0x00117a04      0x138 /opt/devkitpro/devkitARM/bin/../lib/gcc/arm-none-eabi/14.2.0/../../../../arm-none-eabi/lib/armv6k/fpu/libg.a(libc_a-mprec.o)
                0x00117a04                __lshift
 .text.__mcmp   0x00117b3c       0x58 /opt/devkitpro/devkitARM/bin/../lib/gcc/arm-none-eabi/14.2.0/../../../../arm-none-eabi/lib/armv6k/fpu/libg.a(libc_a-mprec.o)
                0x00117b3c                __mcmp
 .text.__mdiff  0x00117b94      0x1f0 /opt/devkitpro/devkitARM/bin/../lib/gcc/arm-none-eabi/14.2.0/../../../../arm-none-eabi/lib/armv6k/fpu/libg.a(libc_a-mprec.o)
                0x00117b94                __mdiff
 .text.__d2b    0x00117d84      0x120 /opt/devkitpro/devkitARM/bin/../lib/gcc/arm-none-eabi/14.2.0/../../../../arm-none-eabi/lib/armv6k/fpu/libg.a(libc_a-mprec.o)
                0x00117d84                __d2b
 .text.__locale_mb_cur_max
                0x00117ea4       0x24 /opt/devkitpro/devkitARM/bin/../lib/gcc/arm-none-eabi/14.2.0/../../../../arm-none-eabi/lib/armv6k/fpu/libg.a(libc_a-locale.o)
                0x00117ea4                __locale_mb_cur_max
 .text.fiprintf
                0x00117ec8       0x3c /opt/devkitpro/devkitARM/bin/../lib/gcc/arm-none-eabi/14.2.0/../../../../arm-none-eabi/lib/armv6k/fpu/libg.a(libc_a-fiprintf.o)
                0x00117ec8                fiprintf
 .text.memchr   0x00117f04       0xe0 /opt/devkitpro/devkitARM/bin/../lib/gcc/arm-none-eabi/14.2.0/../../../../arm-none-eabi/lib/armv6k/fpu/libg.a(libc_a-memchr-stub.o)
                0x00117f04                memchr
 .text._wcsnrtombs_l
                0x00117fe4      0x160 /opt/devkitpro/devkitARM/bin/../lib/gcc/arm-none-eabi/14.2.0/../../../../arm-none-eabi/lib/armv6k/fpu/libg.a(libc_a-wcsnrtombs.o)
                0x00117fe4                _wcsnrtombs_l
 .text._wcsnrtombs_r
                0x00118144       0x64 /opt/devkitpro/devkitARM/bin/../lib/gcc/arm-none-eabi/14.2.0/../../../../arm-none-eabi/lib/armv6k/fpu/libg.a(libc_a-wcsnrtombs.o)
                0x00118144                _wcsnrtombs_r
 .text.__utf8_mbtowc
                0x001181a8      0x324 /opt/devkitpro/devkitARM/bin/../lib/gcc/arm-none-eabi/14.2.0/../../../../arm-none-eabi/lib/armv6k/fpu/libg.a(libc_a-mbtowc_r.o)
                0x001181a8                __utf8_mbtowc
 .text.__sprint_r
                0x001184cc       0x30 /opt/devkitpro/devkitARM/bin/../lib/gcc/arm-none-eabi/14.2.0/../../../../arm-none-eabi/lib/armv6k/fpu/libg.a(libc_a-sprint_r.o)
                0x001184cc                __sprint_r
 .text.abort    0x001184fc       0x14 /opt/devkitpro/devkitARM/bin/../lib/gcc/arm-none-eabi/14.2.0/../../../../arm-none-eabi/lib/armv6k/fpu/libg.a(libc_a-abort.o)
                0x001184fc                abort
 .text._localeconv_r
                0x00118510       0x24 /opt/devkitpro/devkitARM/bin/../lib/gcc/arm-none-eabi/14.2.0/../../../../arm-none-eabi/lib/armv6k/fpu/libg.a(libc_a-localeconv.o)
                0x00118510                _localeconv_r
 .text.__utf8_wctomb
                0x00118534       0xf0 /opt/devkitpro/devkitARM/bin/../lib/gcc/arm-none-eabi/14.2.0/../../../../arm-none-eabi/lib/armv6k/fpu/libg.a(libc_a-wctomb_r.o)
                0x00118534                __utf8_wctomb
 .text.strchr   0x00118624      0x130 /opt/devkitpro/devkitARM/bin/../lib/gcc/arm-none-eabi/14.2.0/../../../../arm-none-eabi/lib/armv6k/fpu/libg.a(libc_a-strchr.o)
                0x00118624                strchr
 .text.memmove  0x00118754      0x160 /opt/devkitpro/devkitARM/bin/../lib/gcc/arm-none-eabi/14.2.0/../../../../arm-none-eabi/lib/armv6k/fpu/libg.a(libc_a-memmove.o)
                0x00118754                memmove
 .text._raise_r
                0x001188b4       0x90 /opt/devkitpro/devkitARM/bin/../lib/gcc/arm-none-eabi/14.2.0/../../../../arm-none-eabi/lib/armv6k/fpu/libg.a(libc_a-signal.o)
                0x001188b4                _raise_r
 .text.raise    0x00118944       0x18 /opt/devkitpro/devkitARM/bin/../lib/gcc/arm-none-eabi/14.2.0/../../../../arm-none-eabi/lib/armv6k/fpu/libg.a(libc_a-signal.o)
                0x00118944                raise
 .text.__sfvwrite_r
                0x0011895c      0x480 /opt/devkitpro/devkitARM/bin/../lib/gcc/arm-none-eabi/14.2.0/../../../../arm-none-eabi/lib/armv6k/fpu/libg.a(libc_a-fvwrite.o)
                0x0011895c                __sfvwrite_r
 .text.get_arg  0x00118ddc      0x5e4 /opt/devkitpro/devkitARM/bin/../lib/gcc/arm-none-eabi/14.2.0/../../../../arm-none-eabi/lib/armv6k/fpu/libg.a(libc_a-vfiprintf.o)
 .text._vfiprintf_r
                0x001193c0     0x2264 /opt/devkitpro/devkitARM/bin/../lib/gcc/arm-none-eabi/14.2.0/../../../../arm-none-eabi/lib/armv6k/fpu/libg.a(libc_a-vfiprintf.o)
                0x001193c0                _vfiprintf_r
 .text.__sbprintf
                0x0011b624       0xb8 /opt/devkitpro/devkitARM/bin/../lib/gcc/arm-none-eabi/14.2.0/../../../../arm-none-eabi/lib/armv6k/fpu/libg.a(libc_a-vfiprintf.o)
 .text._realloc_r
                0x0011b6dc      0x4a4 /opt/devkitpro/devkitARM/bin/../lib/gcc/arm-none-eabi/14.2.0/../../../../arm-none-eabi/lib/armv6k/fpu/libg.a(libc_a-reallocr.o)
                0x0011b6dc                _realloc_r
 .text._exit    0x0011bb80       0x20 /opt/devkitpro/devkitARM/bin/../lib/gcc/arm-none-eabi/14.2.0/../../../../arm-none-eabi/lib/armv6k/fpu/libsysbase.a(libsysbase_libsysbase_a-_exit.o)
                0x0011bb80                _exit
 .text.chdir    0x0011bba0      0x13c /opt/devkitpro/devkitARM/bin/../lib/gcc/arm-none-eabi/14.2.0/../../../../arm-none-eabi/lib/armv6k/fpu/libsysbase.a(libsysbase_libsysbase_a-chdir.o)
                0x0011bba0                chdir
 .text._concatenate_path
                0x0011bcdc      0x1cc /opt/devkitpro/devkitARM/bin/../lib/gcc/arm-none-eabi/14.2.0/../../../../arm-none-eabi/lib/armv6k/fpu/libsysbase.a(libsysbase_libsysbase_a-concatenate.o)
                0x0011bcdc                _concatenate_path
 .text._fstat_r
                0x0011bea8       0x88 /opt/devkitpro/devkitARM/bin/../lib/gcc/arm-none-eabi/14.2.0/../../../../arm-none-eabi/lib/armv6k/fpu/libsysbase.a(libsysbase_libsysbase_a-fstat.o)
                0x0011bea8                _fstat_r
 .text._getpid_r
                0x0011bf30       0x14 /opt/devkitpro/devkitARM/bin/../lib/gcc/arm-none-eabi/14.2.0/../../../../arm-none-eabi/lib/armv6k/fpu/libsysbase.a(libsysbase_libsysbase_a-getpid.o)
                0x0011bf30                _getpid_r
 .text.__getreent
                0x0011bf44       0x2c /opt/devkitpro/devkitARM/bin/../lib/gcc/arm-none-eabi/14.2.0/../../../../arm-none-eabi/lib/armv6k/fpu/libsysbase.a(libsysbase_libsysbase_a-getreent.o)
                0x0011bf44                __getreent
 .text.__get_handle
                0x0011bf70       0x3c /opt/devkitpro/devkitARM/bin/../lib/gcc/arm-none-eabi/14.2.0/../../../../arm-none-eabi/lib/armv6k/fpu/libsysbase.a(libsysbase_libsysbase_a-handle_manager.o)
                0x0011bf70                __get_handle
 .text._close_r
                0x0011bfac       0xf4 /opt/devkitpro/devkitARM/bin/../lib/gcc/arm-none-eabi/14.2.0/../../../../arm-none-eabi/lib/armv6k/fpu/libsysbase.a(libsysbase_libsysbase_a-handle_manager.o)
                0x0011bfac                _close_r
 .text.null_write
                0x0011c0a0        0x8 /opt/devkitpro/devkitARM/bin/../lib/gcc/arm-none-eabi/14.2.0/../../../../arm-none-eabi/lib/armv6k/fpu/libsysbase.a(libsysbase_libsysbase_a-iosupport.o)
 .text.setDefaultDevice
                0x0011c0a8       0x18 /opt/devkitpro/devkitARM/bin/../lib/gcc/arm-none-eabi/14.2.0/../../../../arm-none-eabi/lib/armv6k/fpu/libsysbase.a(libsysbase_libsysbase_a-iosupport.o)
                0x0011c0a8                setDefaultDevice
 .text.FindDevice
                0x0011c0c0       0xc8 /opt/devkitpro/devkitARM/bin/../lib/gcc/arm-none-eabi/14.2.0/../../../../arm-none-eabi/lib/armv6k/fpu/libsysbase.a(libsysbase_libsysbase_a-iosupport.o)
                0x0011c0c0                FindDevice
 .text.RemoveDevice
                0x0011c188       0x28 /opt/devkitpro/devkitARM/bin/../lib/gcc/arm-none-eabi/14.2.0/../../../../arm-none-eabi/lib/armv6k/fpu/libsysbase.a(libsysbase_libsysbase_a-iosupport.o)
                0x0011c188                RemoveDevice
 .text.AddDevice
                0x0011c1b0       0x98 /opt/devkitpro/devkitARM/bin/../lib/gcc/arm-none-eabi/14.2.0/../../../../arm-none-eabi/lib/armv6k/fpu/libsysbase.a(libsysbase_libsysbase_a-iosupport.o)
                0x0011c1b0                AddDevice
 .text.GetDeviceOpTab
                0x0011c248       0x20 /opt/devkitpro/devkitARM/bin/../lib/gcc/arm-none-eabi/14.2.0/../../../../arm-none-eabi/lib/armv6k/fpu/libsysbase.a(libsysbase_libsysbase_a-iosupport.o)
                0x0011c248                GetDeviceOpTab
 .text._isatty_r
                0x0011c268        0x8 /opt/devkitpro/devkitARM/bin/../lib/gcc/arm-none-eabi/14.2.0/../../../../arm-none-eabi/lib/armv6k/fpu/libsysbase.a(libsysbase_libsysbase_a-isatty.o)
                0x0011c268                _isatty_r
 .text._kill_r  0x0011c270       0x14 /opt/devkitpro/devkitARM/bin/../lib/gcc/arm-none-eabi/14.2.0/../../../../arm-none-eabi/lib/armv6k/fpu/libsysbase.a(libsysbase_libsysbase_a-kill.o)
                0x0011c270                _kill_r
 .text._lseek_r
                0x0011c284       0x8c /opt/devkitpro/devkitARM/bin/../lib/gcc/arm-none-eabi/14.2.0/../../../../arm-none-eabi/lib/armv6k/fpu/libsysbase.a(libsysbase_libsysbase_a-lseek.o)
                0x0011c284                _lseek_r
 .text._read_r  0x0011c310       0x88 /opt/devkitpro/devkitARM/bin/../lib/gcc/arm-none-eabi/14.2.0/../../../../arm-none-eabi/lib/armv6k/fpu/libsysbase.a(libsysbase_libsysbase_a-read.o)
                0x0011c310                _read_r
 .text._sbrk_r  0x0011c398       0x78 /opt/devkitpro/devkitARM/bin/../lib/gcc/arm-none-eabi/14.2.0/../../../../arm-none-eabi/lib/armv6k/fpu/libsysbase.a(libsysbase_libsysbase_a-sbrk.o)
                0x0011c398                _sbrk_r
 .text.__libc_lock_acquire
                0x0011c410       0x1c /opt/devkitpro/devkitARM/bin/../lib/gcc/arm-none-eabi/14.2.0/../../../../arm-none-eabi/lib/armv6k/fpu/libsysbase.a(libsysbase_libsysbase_a-syscall_support.o)
                0x0011c410                __libc_lock_acquire
 .text.__libc_lock_release
                0x0011c42c       0x1c /opt/devkitpro/devkitARM/bin/../lib/gcc/arm-none-eabi/14.2.0/../../../../arm-none-eabi/lib/armv6k/fpu/libsysbase.a(libsysbase_libsysbase_a-syscall_support.o)
                0x0011c42c                __libc_lock_release
 .text.__libc_lock_acquire_recursive
                0x0011c448       0x1c /opt/devkitpro/devkitARM/bin/../lib/gcc/arm-none-eabi/14.2.0/../../../../arm-none-eabi/lib/armv6k/fpu/libsysbase.a(libsysbase_libsysbase_a-syscall_support.o)
                0x0011c448                __libc_lock_acquire_recursive
 .text.__libc_lock_release_recursive
                0x0011c464       0x1c /opt/devkitpro/devkitARM/bin/../lib/gcc/arm-none-eabi/14.2.0/../../../../arm-none-eabi/lib/armv6k/fpu/libsysbase.a(libsysbase_libsysbase_a-syscall_support.o)
                0x0011c464                __libc_lock_release_recursive
 .text._write_r
                0x0011c480       0x88 /opt/devkitpro/devkitARM/bin/../lib/gcc/arm-none-eabi/14.2.0/../../../../arm-none-eabi/lib/armv6k/fpu/libsysbase.a(libsysbase_libsysbase_a-write.o)
                0x0011c480                _write_r
 .text.strrchr  0x0011c508       0x48 /opt/devkitpro/devkitARM/bin/../lib/gcc/arm-none-eabi/14.2.0/../../../../arm-none-eabi/lib/armv6k/fpu/libg.a(libc_a-strrchr.o)
                0x0011c508                strrchr
 *(.glue_7)
 .glue_7        0x0011c550        0x0 linker stubs
 *(.glue_7t)
 .glue_7t       0x0011c550        0x0 linker stubs
 *(.stub)
 *(.gnu.warning)
 *(.gnu.linkonce.t*)
                0x0011c550                        . = ALIGN (0x4)
 *(.fini)
 .fini          0x0011c550        0xc /opt/devkitpro/devkitARM/bin/../lib/gcc/arm-none-eabi/14.2.0/armv6k/fpu/crti.o
                0x0011c550                _fini
 .fini          0x0011c55c        0xc /opt/devkitpro/devkitARM/bin/../lib/gcc/arm-none-eabi/14.2.0/armv6k/fpu/crtn.o
                0x0011c568                        . = ALIGN (0x4)

.vfp11_veneer   0x0011c568        0x0
 .vfp11_veneer  0x0011c568        0x0 linker stubs

.v4_bx          0x0011c568        0x0
 .v4_bx         0x0011c568        0x0 linker stubs

.iplt           0x0011c568        0x0
 .iplt          0x0011c568        0x0 /opt/devkitpro/devkitARM/bin/../lib/gcc/arm-none-eabi/14.2.0/../../../../arm-none-eabi/lib/armv6k/fpu/3dsx_crt0.o
                0x0011d000                        . = ALIGN (0x1000)

.rodata         0x0011d000     0x1530
 *(.rodata)
 .rodata        0x0011d000        0xc /opt/devkitpro/libctru/lib/libctru.a(archive_dev.o)
 *(.roda)
 *(.rodata.*)
 .rodata.str1.4
                0x0011d00c      0x248 main.o
                                 0x62 (size before relaxing)
 .rodata.C2D_Init.str1.4
                0x0011d254       0x10 /opt/devkitpro/libctru/lib/libcitro2d.a(base.o)
 .rodata.render2d_shbin
                0x0011d254      0x190 /opt/devkitpro/libctru/lib/libcitro2d.a(render2d.shbin.o)
                0x0011d254                render2d_shbin
                0x0011d3e0                render2d_shbin_size
                0x0011d3e0                render2d_shbin_end
 .rodata.depthFmtSizes
                0x0011d3e4        0x4 /opt/devkitpro/libctru/lib/libcitro3d.a(framebuffer.o)
 .rodata.colorFmtSizes
                0x0011d3e8        0x5 /opt/devkitpro/libctru/lib/libcitro3d.a(framebuffer.o)
 *fill*         0x0011d3ed        0x3 
 .rodata.CSWTCH.11
                0x0011d3f0       0x10 /opt/devkitpro/libctru/lib/libcitro3d.a(proctex.o)
 .rodata.consoleHandleColorEsc
                0x0011d400       0x6c /opt/devkitpro/libctru/lib/libctru.a(console.o)
 .rodata.consolePrintChar
                0x0011d46c        0x6 /opt/devkitpro/libctru/lib/libctru.a(console.o)
 .rodata.con_write
                0x0011d472       0x46 /opt/devkitpro/libctru/lib/libctru.a(console.o)
 .rodata.str1.4
                0x0011d4b8       0x10 /opt/devkitpro/libctru/lib/libctru.a(console.o)
 .rodata.dotab_stdout
                0x0011d4b8       0x80 /opt/devkitpro/libctru/lib/libctru.a(console.o)
 .rodata.grayScale
                0x0011d538       0x18 /opt/devkitpro/libctru/lib/libctru.a(console.o)
 .rodata.colorCube
                0x0011d550        0x6 /opt/devkitpro/libctru/lib/libctru.a(console.o)
 *fill*         0x0011d556        0x2 
 .rodata.colorTable
                0x0011d558       0x30 /opt/devkitpro/libctru/lib/libctru.a(console.o)
 .rodata.DVLE_GenerateOutmap.part.0
                0x0011d588        0x9 /opt/devkitpro/libctru/lib/libctru.a(shbin.o)
 .rodata.aptSendCommand.str1.4
                0x0011d591       0x16 /opt/devkitpro/libctru/lib/libctru.a(apt.o)
 .rodata.aptEventHandler
                0x0011d591        0xb /opt/devkitpro/libctru/lib/libctru.a(apt.o)
 .rodata.aptWaitForWakeUp.isra.0
                0x0011d59c       0x11 /opt/devkitpro/libctru/lib/libctru.a(apt.o)
 *fill*         0x0011d5ad        0x3 
 .rodata.morton_y.2
                0x0011d5b0        0x8 /opt/devkitpro/libctru/lib/libctru.a(apt.o)
 .rodata.morton_x.3
                0x0011d5b8        0x8 /opt/devkitpro/libctru/lib/libctru.a(apt.o)
 .rodata.s_sleepWakeEvents.4
                0x0011d5c0        0x8 /opt/devkitpro/libctru/lib/libctru.a(apt.o)
 .rodata.gspInit.str1.4
                0x0011d5c8        0x9 /opt/devkitpro/libctru/lib/libctru.a(gspgpu.o)
 .rodata.hidInit.str1.4
                0x0011d5c8       0x15 /opt/devkitpro/libctru/lib/libctru.a(hid.o)
 .rodata.irrstInit.str1.4
                0x0011d5c8        0x7 /opt/devkitpro/libctru/lib/libctru.a(irrst.o)
 .rodata.ptmSysmInit.str1.4
                0x0011d5c8        0x9 /opt/devkitpro/libctru/lib/libctru.a(ptmsysm.o)
 .rodata.__system_initArgv.str1.4
                0x0011d5c8        0xa /opt/devkitpro/libctru/lib/libctru.a(initArgv.o)
 .rodata.default_font_bin
                0x0011d5c8      0x800 /opt/devkitpro/libctru/lib/libctru.a(default_font.bin.o)
                0x0011d5c8                default_font_bin
                0x0011ddc8                default_font_bin_end
 .rodata.srvInit.str1.4
                0x0011ddc8        0x5 /opt/devkitpro/libctru/lib/libctru.a(srv.o)
 .rodata.archive_utf16path.str1.4
                0x0011ddc8        0x2 /opt/devkitpro/libctru/lib/libctru.a(archive_dev.o)
 .rodata._archiveUnmountDeviceStruct.part.0.str1.4
                0x0011ddc8        0x2 /opt/devkitpro/libctru/lib/libctru.a(archive_dev.o)
 .rodata._archiveMountDevice.str1.4
                0x0011ddc8        0xc /opt/devkitpro/libctru/lib/libctru.a(archive_dev.o)
 .rodata.archiveMountSdmc.str1.4
                0x0011ddc8        0x5 /opt/devkitpro/libctru/lib/libctru.a(archive_dev.o)
 .rodata.error_table
                0x0011ddc8       0x30 /opt/devkitpro/libctru/lib/libctru.a(archive_dev.o)
 .rodata.str1.4
                0x0011ddf8        0x8 /opt/devkitpro/libctru/lib/libctru.a(archive_dev.o)
 .rodata.archive_devoptab
                0x0011ddf8       0x80 /opt/devkitpro/libctru/lib/libctru.a(archive_dev.o)
 .rodata.fsInit.str1.4
                0x0011de78        0x8 /opt/devkitpro/libctru/lib/libctru.a(fs.o)
 .rodata._ctype_
                0x0011de78      0x101 /opt/devkitpro/devkitARM/bin/../lib/gcc/arm-none-eabi/14.2.0/../../../../arm-none-eabi/lib/armv6k/fpu/libg.a(libc_a-ctype_.o)
                0x0011de78                _ctype_
 *fill*         0x0011df79        0x1 
 .rodata.get_arg
                0x0011df7a       0x34 /opt/devkitpro/devkitARM/bin/../lib/gcc/arm-none-eabi/14.2.0/../../../../arm-none-eabi/lib/armv6k/fpu/libg.a(libc_a-vfprintf.o)
 .rodata._vfprintf_r.str1.1
                0x0011dfae       0x3b /opt/devkitpro/devkitARM/bin/../lib/gcc/arm-none-eabi/14.2.0/../../../../arm-none-eabi/lib/armv6k/fpu/libg.a(libc_a-vfprintf.o)
 *fill*         0x0011dfe9        0x1 
 .rodata._vfprintf_r
                0x0011dfea       0xb6 /opt/devkitpro/devkitARM/bin/../lib/gcc/arm-none-eabi/14.2.0/../../../../arm-none-eabi/lib/armv6k/fpu/libg.a(libc_a-vfprintf.o)
 .rodata.zeroes.0
                0x0011e0a0       0x10 /opt/devkitpro/devkitARM/bin/../lib/gcc/arm-none-eabi/14.2.0/../../../../arm-none-eabi/lib/armv6k/fpu/libg.a(libc_a-vfprintf.o)
 .rodata.blanks.1
                0x0011e0b0       0x10 /opt/devkitpro/devkitARM/bin/../lib/gcc/arm-none-eabi/14.2.0/../../../../arm-none-eabi/lib/armv6k/fpu/libg.a(libc_a-vfprintf.o)
 .rodata._dtoa_r.str1.4
                0x0011e0c0       0x6a /opt/devkitpro/devkitARM/bin/../lib/gcc/arm-none-eabi/14.2.0/../../../../arm-none-eabi/lib/armv6k/fpu/libg.a(libc_a-dtoa.o)
 .rodata._dtoa_r
                0x0011e0c0        0x8 /opt/devkitpro/devkitARM/bin/../lib/gcc/arm-none-eabi/14.2.0/../../../../arm-none-eabi/lib/armv6k/fpu/libg.a(libc_a-dtoa.o)
 .rodata.__action_table
                0x0011e0c8       0x6c /opt/devkitpro/devkitARM/bin/../lib/gcc/arm-none-eabi/14.2.0/../../../../arm-none-eabi/lib/armv6k/fpu/libg.a(libc_a-svfiprintf.o)
                0x0011e0c8                __action_table
 .rodata.__state_table
                0x0011e134       0x6c /opt/devkitpro/devkitARM/bin/../lib/gcc/arm-none-eabi/14.2.0/../../../../arm-none-eabi/lib/armv6k/fpu/libg.a(libc_a-svfiprintf.o)
                0x0011e134                __state_table
 .rodata.__chclass
                0x0011e1a0      0x100 /opt/devkitpro/devkitARM/bin/../lib/gcc/arm-none-eabi/14.2.0/../../../../arm-none-eabi/lib/armv6k/fpu/libg.a(libc_a-svfiprintf.o)
                0x0011e1a0                __chclass
 .rodata.__assert_func.str1.4
                0x0011e2a0       0x43 /opt/devkitpro/devkitARM/bin/../lib/gcc/arm-none-eabi/14.2.0/../../../../arm-none-eabi/lib/armv6k/fpu/libg.a(libc_a-assert.o)
 .rodata.__multadd.str1.4
                0x0011e2a0       0x57 /opt/devkitpro/devkitARM/bin/../lib/gcc/arm-none-eabi/14.2.0/../../../../arm-none-eabi/lib/armv6k/fpu/libg.a(libc_a-mprec.o)
 .rodata.p05.0  0x0011e2a0        0xc /opt/devkitpro/devkitARM/bin/../lib/gcc/arm-none-eabi/14.2.0/../../../../arm-none-eabi/lib/armv6k/fpu/libg.a(libc_a-mprec.o)
 *fill*         0x0011e2ac        0x4 
 .rodata.__mprec_bigtens
                0x0011e2b0       0x28 /opt/devkitpro/devkitARM/bin/../lib/gcc/arm-none-eabi/14.2.0/../../../../arm-none-eabi/lib/armv6k/fpu/libg.a(libc_a-mprec.o)
                0x0011e2b0                __mprec_bigtens
 .rodata.__mprec_tens
                0x0011e2d8       0xc8 /opt/devkitpro/devkitARM/bin/../lib/gcc/arm-none-eabi/14.2.0/../../../../arm-none-eabi/lib/armv6k/fpu/libg.a(libc_a-mprec.o)
                0x0011e2d8                __mprec_tens
 .rodata.str1.4
                0x0011e3a0       0x4c /opt/devkitpro/devkitARM/bin/../lib/gcc/arm-none-eabi/14.2.0/../../../../arm-none-eabi/lib/armv6k/fpu/libg.a(libc_a-locale.o)
 .rodata.get_arg
                0x0011e3a0       0x34 /opt/devkitpro/devkitARM/bin/../lib/gcc/arm-none-eabi/14.2.0/../../../../arm-none-eabi/lib/armv6k/fpu/libg.a(libc_a-vfiprintf.o)
 .rodata._vfiprintf_r.str1.1
                0x0011e3d4       0x29 /opt/devkitpro/devkitARM/bin/../lib/gcc/arm-none-eabi/14.2.0/../../../../arm-none-eabi/lib/armv6k/fpu/libg.a(libc_a-vfiprintf.o)
 .rodata._vfiprintf_r
                0x0011e3d4       0xb6 /opt/devkitpro/devkitARM/bin/../lib/gcc/arm-none-eabi/14.2.0/../../../../arm-none-eabi/lib/armv6k/fpu/libg.a(libc_a-vfiprintf.o)
 *fill*         0x0011e48a        0x2 
 .rodata.zeroes.0
                0x0011e48c       0x10 /opt/devkitpro/devkitARM/bin/../lib/gcc/arm-none-eabi/14.2.0/../../../../arm-none-eabi/lib/armv6k/fpu/libg.a(libc_a-vfiprintf.o)
 .rodata.blanks.1
                0x0011e49c       0x10 /opt/devkitpro/devkitARM/bin/../lib/gcc/arm-none-eabi/14.2.0/../../../../arm-none-eabi/lib/armv6k/fpu/libg.a(libc_a-vfiprintf.o)
 .rodata.AddDevice.str1.4
                0x0011e4ac        0x8 /opt/devkitpro/devkitARM/bin/../lib/gcc/arm-none-eabi/14.2.0/../../../../arm-none-eabi/lib/armv6k/fpu/libsysbase.a(libsysbase_libsysbase_a-iosupport.o)
 .rodata.dotab_stdnull
                0x0011e4ac       0x80 /opt/devkitpro/devkitARM/bin/../lib/gcc/arm-none-eabi/14.2.0/../../../../arm-none-eabi/lib/armv6k/fpu/libsysbase.a(libsysbase_libsysbase_a-iosupport.o)
                0x0011e4ac                dotab_stdnull
 *all.rodata*(*)
 *(.gnu.linkonce.r*)
                0x0011e52c                        . = ALIGN (0x4)
                0x0011e52c                        __tdata_align = .
                0x0011e52c        0x4 LONG 0x4 ALIGNOF (.tdata)
                0x0011e530                        . = ALIGN (0x4)

.eh_frame       0x0011e530        0x0
 .eh_frame      0x0011e530        0x0 /opt/devkitpro/devkitARM/bin/../lib/gcc/arm-none-eabi/14.2.0/armv6k/fpu/crtbegin.o

.rel.dyn        0x0011e530        0x0
 .rel.iplt      0x0011e530        0x0 /opt/devkitpro/devkitARM/bin/../lib/gcc/arm-none-eabi/14.2.0/../../../../arm-none-eabi/lib/armv6k/fpu/3dsx_crt0.o
 .rel.got       0x0011e530        0x0 /opt/devkitpro/devkitARM/bin/../lib/gcc/arm-none-eabi/14.2.0/../../../../arm-none-eabi/lib/armv6k/fpu/3dsx_crt0.o

.ARM.extab
 *(.ARM.extab* .gnu.linkonce.armextab.*)