Archive member included to satisfy reference by file (symbol)

/opt/devkitpro/libctru/lib/libcitro2d.a(base.o)
                              main.o (C2D_Init)
/opt/devkitpro/libctru/lib/libcitro2d.a(spritesheet.o)
                              main.o (C2D_SpriteSheetLoad)
/opt/devkitpro/libctru/lib/libcitro2d.a(render2d.shbin.o)
                              /opt/devkitpro/libctru/lib/libcitro2d.a(base.o) (render2d_shbin)
/opt/devkitpro/libctru/lib/libcitro3d.a(attribs.o)
                              /opt/devkitpro/libctru/lib/libcitro2d.a(base.o) (AttrInfo_Init)
/opt/devkitpro/libctru/lib/libcitro3d.a(base.o)
                              /opt/devkitpro/libctru/lib/libcitro3d.a(attribs.o) (__C3D_Context)
/opt/devkitpro/libctru/lib/libcitro3d.a(buffers.o)
                              /opt/devkitpro/libctru/lib/libcitro2d.a(base.o) (BufInfo_Init)
/opt/devkitpro/libctru/lib/libcitro3d.a(drawElements.o)
                              /opt/devkitpro/libctru/lib/libcitro2d.a(base.o) (C3D_DrawElements)
/opt/devkitpro/libctru/lib/libcitro3d.a(effect.o)
                              /opt/devkitpro/libctru/lib/libcitro3d.a(base.o) (C3D_DepthMap)
/opt/devkitpro/libctru/lib/libcitro3d.a(framebuffer.o)
                              /opt/devkitpro/libctru/lib/libcitro3d.a(base.o) (C3Di_FrameBufBind)
/opt/devkitpro/libctru/lib/libcitro3d.a(immediate.o)
                              /opt/devkitpro/libctru/lib/libcitro3d.a(base.o) (C3D_ImmSendAttrib)
/opt/devkitpro/libctru/lib/libcitro3d.a(proctex.o)
                              /opt/devkitpro/libctru/lib/libcitro2d.a(base.o) (C3D_ProcTexInit)
/opt/devkitpro/libctru/lib/libcitro3d.a(renderqueue.o)
                              /opt/devkitpro/libctru/lib/libcitro3d.a(base.o) (C3Di_RenderQueueEnableVBlank)
/opt/devkitpro/libctru/lib/libcitro3d.a(tex3ds.o)
                              /opt/devkitpro/libctru/lib/libcitro2d.a(spritesheet.o) (Tex3DS_TextureImport)
/opt/devkitpro/libctru/lib/libcitro3d.a(texenv.o)
                              /opt/devkitpro/libctru/lib/libcitro2d.a(base.o) (C3D_GetTexEnv)
/opt/devkitpro/libctru/lib/libcitro3d.a(texture.o)
                              /opt/devkitpro/libctru/lib/libcitro3d.a(tex3ds.o) (C3D_TexInitWithParams)
/opt/devkitpro/libctru/lib/libcitro3d.a(uniforms.o)
                              /opt/devkitpro/libctru/lib/libcitro3d.a(base.o) (C3D_UpdateUniforms)
/opt/devkitpro/libctru/lib/libcitro3d.a(mtx_multiply.o)
                              /opt/devkitpro/libctru/lib/libcitro2d.a(base.o) (Mtx_Multiply)
/opt/devkitpro/libctru/lib/libcitro3d.a(mtx_ortho.o)
                              /opt/devkitpro/libctru/lib/libcitro2d.a(base.o) (Mtx_Ortho)
/opt/devkitpro/libctru/lib/libcitro3d.a(mtx_orthotilt.o)
                              /opt/devkitpro/libctru/lib/libcitro2d.a(base.o) (Mtx_OrthoTilt)
/opt/devkitpro/libctru/lib/libcitro3d.a(mtx_rotatez.o)
                              /opt/devkitpro/libctru/lib/libcitro2d.a(base.o) (Mtx_RotateZ)
/opt/devkitpro/libctru/lib/libcitro3d.a(mtx_scale.o)
                              /opt/devkitpro/libctru/lib/libcitro2d.a(base.o) (Mtx_Scale)
/opt/devkitpro/libctru/lib/libcitro3d.a(mtx_translate.o)
                              /opt/devkitpro/libctru/lib/libcitro2d.a(base.o) (Mtx_Translate)
/opt/devkitpro/libctru/lib/libctru.a(linear.o)
                              /opt/devkitpro/libctru/lib/libcitro2d.a(base.o) (linearAlloc)
/opt/devkitpro/libctru/lib/libctru.a(mem_pool.o)
                              /opt/devkitpro/libctru/lib/libctru.a(linear.o) (MemPool::Allocate(MemChunk&, unsigned long, int))
/opt/devkitpro/libctru/lib/libctru.a(vram.o)
                              /opt/devkitpro/libctru/lib/libcitro3d.a(renderqueue.o) (vramAlloc)
/opt/devkitpro/libctru/lib/libctru.a(console.o)
                              main.o (consoleInit)
/opt/devkitpro/libctru/lib/libctru.a(gfx.o)
                              /opt/devkitpro/libctru/lib/libcitro2d.a(base.o) (gfxIsWide)
/opt/devkitpro/libctru/lib/libctru.a(os.o)
                              /opt/devkitpro/libctru/lib/libcitro3d.a(buffers.o) (osConvertVirtToPhys)
/opt/devkitpro/libctru/lib/libctru.a(romfs_dev.o)
                              main.o (romfsMountSelf)
/opt/devkitpro/libctru/lib/libctru.a(gpu.o)
                              /opt/devkitpro/libctru/lib/libcitro3d.a(base.o) (gpuCmdBufOffset)
/opt/devkitpro/libctru/lib/libctru.a(gx.o)
                              /opt/devkitpro/libctru/lib/libcitro3d.a(renderqueue.o) (GX_BindQueue)
/opt/devkitpro/libctru/lib/libctru.a(gxqueue.o)
                              /opt/devkitpro/libctru/lib/libcitro3d.a(renderqueue.o) (gxCmdQueueClear)
/opt/devkitpro/libctru/lib/libctru.a(shaderProgram.o)
                              /opt/devkitpro/libctru/lib/libcitro2d.a(base.o) (shaderInstanceGetUniformLocation)
/opt/devkitpro/libctru/lib/libctru.a(shbin.o)
                              /opt/devkitpro/libctru/lib/libcitro2d.a(base.o) (DVLB_ParseFile)
/opt/devkitpro/libctru/lib/libctru.a(apt.o)
[...]
Memory Configuration

Name             Origin             Length             Attributes
*default*        0x00000000         0xffffffff

Linker script and memory map

                0x00000000                        __sync_synchronize = __sync_synchronize_dmb
                0x00100000                        PROVIDE (__start__ = 0x100000)
                0x00100000                        . = __start__

.text           0x00100000    0x214a8
 *(.crt0)
 .crt0          0x00100000       0x94 /opt/devkitpro/devkitARM/bin/../lib/gcc/arm-none-eabi/14.2.0/../../../../arm-none-eabi/lib/armv6k/fpu/3dsx_crt0.o
                0x00100000                _start
                0x00100008                __service_ptr
                0x0010000c                __apt_appid
                0x00100010                __heap_size
                0x00100014                __linear_heap_size
                0x00100018                __system_arglist
                0x0010001c                __system_runflags
 *(.init)
 .init          0x00100094        0xc /opt/devkitpro/devkitARM/bin/../lib/gcc/arm-none-eabi/14.2.0/armv6k/fpu/crti.o
                0x00100094                _init
 .init          0x001000a0        0xc /opt/devkitpro/devkitARM/bin/../lib/gcc/arm-none-eabi/14.2.0/armv6k/fpu/crtn.o
                0x001000ac                        . = ALIGN (0x4)
 *(.text)
 .text          0x001000ac      0x20c /opt/devkitpro/devkitARM/bin/../lib/gcc/arm-none-eabi/14.2.0/armv6k/fpu/libgcc.a(_udivsi3.o)
                0x001000ac                __udivsi3
                0x001000ac                __aeabi_uidiv
                0x00100298                __aeabi_uidivmod
 .text          0x001002b8      0x240 /opt/devkitpro/devkitARM/bin/../lib/gcc/arm-none-eabi/14.2.0/armv6k/fpu/libgcc.a(_divsi3.o)
                0x001002b8                __aeabi_idiv
                0x001002b8                __divsi3
                0x001004d8                __aeabi_idivmod
 .text          0x001004f8        0x4 /opt/devkitpro/devkitARM/bin/../lib/gcc/arm-none-eabi/14.2.0/armv6k/fpu/libgcc.a(_dvmd_tls.o)
                0x001004f8                __aeabi_ldiv0
                0x001004f8                __aeabi_idiv0
 .text          0x001004fc      0x3c0 /opt/devkitpro/devkitARM/bin/../lib/gcc/arm-none-eabi/14.2.0/armv6k/fpu/libgcc.a(_arm_addsubdf3.o)
                0x001004fc                __aeabi_drsub
                0x00100504                __subdf3
                0x00100504                __aeabi_dsub
                0x00100508                __aeabi_dadd
                0x00100508                __adddf3
                0x001007b4                __aeabi_ui2d
                0x001007b4                __floatunsidf
                0x001007d8                __floatsidf
                0x001007d8                __aeabi_i2d
                0x00100800                __extendsfdf2
                0x00100800                __aeabi_f2d
                0x00100848                __aeabi_ul2d
                0x00100848                __floatundidf
                0x0010085c                __aeabi_l2d
                0x0010085c                __floatdidf
 .text          0x001008bc       0xd4 /opt/devkitpro/devkitARM/bin/../lib/gcc/arm-none-eabi/14.2.0/armv6k/fpu/libgcc.a(_aeabi_ldivmod.o)
                0x001008bc                __aeabi_ldivmod
 .text          0x00100990       0x3c /opt/devkitpro/devkitARM/bin/../lib/gcc/arm-none-eabi/14.2.0/armv6k/fpu/libgcc.a(_aeabi_uldivmod.o)
                0x00100990                __aeabi_uldivmod
 *fill*         0x001009cc       0x14 
 .text          0x001009e0      0x390 /opt/devkitpro/devkitARM/bin/../lib/gcc/arm-none-eabi/14.2.0/../../../../arm-none-eabi/lib/armv6k/fpu/libg.a(libc_a-strcmp.o)
                0x001009e8                strcmp
 *(.text.*)
 .text.__do_global_dtors_aux
                0x00100d70       0x40 /opt/devkitpro/devkitARM/bin/../lib/gcc/arm-none-eabi/14.2.0/armv6k/fpu/crtbegin.o
 .text.frame_dummy
                0x00100db0       0x2c /opt/devkitpro/devkitARM/bin/../lib/gcc/arm-none-eabi/14.2.0/armv6k/fpu/crtbegin.o
 *fill*         0x00100ddc        0x4 
 .text.startup.main
                0x00100de0      0x4b8 main.o
                0x00100de0                main
 .text.C2Di_FrameEndHook
                0x00101298       0x44 /opt/devkitpro/libctru/lib/libcitro2d.a(base.o)
 *fill*         0x001012dc        0x4 
 .text.C2D_Init
                0x001012e0      0x36c /opt/devkitpro/libctru/lib/libcitro2d.a(base.o)
                0x001012e0                C2D_Init
 .text.C2D_Fini
                0x0010164c       0x4c /opt/devkitpro/libctru/lib/libcitro2d.a(base.o)
                0x0010164c                C2D_Fini
 .text.C2D_Prepare
                0x00101698       0xb8 /opt/devkitpro/libctru/lib/libcitro2d.a(base.o)
                0x00101698                C2D_Prepare
 .text.C2D_Flush
                0x00101750       0x48 /opt/devkitpro/libctru/lib/libcitro2d.a(base.o)
                0x00101750                C2D_Flush
 .text.C2D_SceneSize
                0x00101798      0x104 /opt/devkitpro/libctru/lib/libcitro2d.a(base.o)
                0x00101798                C2D_SceneSize
 .text.C2D_CreateScreenTarget
                0x0010189c       0x58 /opt/devkitpro/libctru/lib/libcitro2d.a(base.o)
                0x0010189c                C2D_CreateScreenTarget
 .text.C2D_TargetClear
                0x001018f4       0x64 /opt/devkitpro/libctru/lib/libcitro2d.a(base.o)
                0x001018f4                C2D_TargetClear
 .text.C2Di_CalcQuad
                0x00101958      0x13c /opt/devkitpro/libctru/lib/libcitro2d.a(base.o)
                0x00101958                C2Di_CalcQuad
 .text.C2Di_AppendQuad
                0x00101a94       0x58 /opt/devkitpro/libctru/lib/libcitro2d.a(base.o)
                0x00101a94                C2Di_AppendQuad
 .text.C2Di_Update
                0x00101aec      0x550 /opt/devkitpro/libctru/lib/libcitro2d.a(base.o)
                0x00101aec                C2Di_Update
 .text.C2D_DrawImage
                0x0010203c      0x2b0 /opt/devkitpro/libctru/lib/libcitro2d.a(base.o)
                0x0010203c                C2D_DrawImage
 .text.C2D_SpriteSheetLoadFromHandle
                0x001022ec       0x6c /opt/devkitpro/libctru/lib/libcitro2d.a(spritesheet.o)
                0x001022ec                C2D_SpriteSheetLoadFromHandle
 .text.C2D_SpriteSheetLoad
                0x00102358       0x48 /opt/devkitpro/libctru/lib/libcitro2d.a(spritesheet.o)
                0x00102358                C2D_SpriteSheetLoad
 .text.C2D_SpriteSheetFree
                0x001023a0       0x28 /opt/devkitpro/libctru/lib/libcitro2d.a(spritesheet.o)
                0x001023a0                C2D_SpriteSheetFree
 .text.C2D_SpriteSheetCount
                0x001023c8        0x8 /opt/devkitpro/libctru/lib/libcitro2d.a(spritesheet.o)
                0x001023c8                C2D_SpriteSheetCount
 .text.C2D_SpriteSheetGetImage
                0x001023d0       0x2c /opt/devkitpro/libctru/lib/libcitro2d.a(spritesheet.o)
                0x001023d0                C2D_SpriteSheetGetImage
 .text.AttrInfo_Init
                0x001023fc       0x28 /opt/devkitpro/libctru/lib/libcitro3d.a(attribs.o)
                0x001023fc                AttrInfo_Init
 .text.AttrInfo_AddLoader
                0x00102424       0x94 /opt/devkitpro/libctru/lib/libcitro3d.a(attribs.o)
                0x00102424                AttrInfo_AddLoader
 .text.C3D_SetAttrInfo
                0x001024b8       0x54 /opt/devkitpro/libctru/lib/libcitro3d.a(attribs.o)
                0x001024b8                C3D_SetAttrInfo
 .text.C3Di_AttrInfoBind
                0x0010250c       0x80 /opt/devkitpro/libctru/lib/libcitro3d.a(attribs.o)
                0x0010250c                C3Di_AttrInfoBind
 .text.C3Di_LightEnvUpdate
                0x0010258c        0x4 /opt/devkitpro/libctru/lib/libcitro3d.a(base.o)
                0x0010258c                C3Di_LightEnvUpdate
 .text.C3Di_LightEnvDirty
                0x00102590        0x4 /opt/devkitpro/libctru/lib/libcitro3d.a(base.o)
                0x00102590                C3Di_LightEnvDirty
 .text.C3Di_AptEventHook
                0x00102594       0xb4 /opt/devkitpro/libctru/lib/libcitro3d.a(base.o)
 .text.C3Di_GasUpdate
                0x00102648        0x4 /opt/devkitpro/libctru/lib/libcitro3d.a(base.o)
                0x00102648                C3Di_GasUpdate
 .text.C3D_Init
                0x0010264c      0x1d0 /opt/devkitpro/libctru/lib/libcitro3d.a(base.o)
                0x0010264c                C3D_Init
 .text.C3D_SetViewport
                0x0010281c       0x98 /opt/devkitpro/libctru/lib/libcitro3d.a(base.o)
                0x0010281c                C3D_SetViewport
 .text.C3Di_UpdateContext
                0x001028b4      0x4e8 /opt/devkitpro/libctru/lib/libcitro3d.a(base.o)
                0x001028b4                C3Di_UpdateContext
 .text.C3Di_SplitFrame
                0x00102d9c       0xe0 /opt/devkitpro/libctru/lib/libcitro3d.a(base.o)
                0x00102d9c                C3Di_SplitFrame
 .text.C3D_GetCmdBufUsage
                0x00102e7c       0x10 /opt/devkitpro/libctru/lib/libcitro3d.a(base.o)
                0x00102e7c                C3D_GetCmdBufUsage
 .text.C3D_Fini
                0x00102e8c       0x44 /opt/devkitpro/libctru/lib/libcitro3d.a(base.o)
                0x00102e8c                C3D_Fini
 .text.C3D_BindProgram
                0x00102ed0      0x194 /opt/devkitpro/libctru/lib/libcitro3d.a(base.o)
                0x00102ed0                C3D_BindProgram
 .text.BufInfo_Init
                0x00103064       0x24 /opt/devkitpro/libctru/lib/libcitro3d.a(buffers.o)
                0x00103064                BufInfo_Init
 .text.BufInfo_Add
                0x00103088       0x80 /opt/devkitpro/libctru/lib/libcitro3d.a(buffers.o)
                0x00103088                BufInfo_Add
 .text.C3D_SetBufInfo
                0x00103108       0x3c /opt/devkitpro/libctru/lib/libcitro3d.a(buffers.o)
                0x00103108                C3D_SetBufInfo
 .text.C3Di_BufInfoBind
                0x00103144       0x48 /opt/devkitpro/libctru/lib/libcitro3d.a(buffers.o)
                0x00103144                C3Di_BufInfoBind
 .text.C3D_DrawElements
                0x0010318c      0x21c /opt/devkitpro/libctru/lib/libcitro3d.a(drawElements.o)
                0x0010318c                C3D_DrawElements
 .text.C3D_DepthMap
                0x001033a8       0x40 /opt/devkitpro/libctru/lib/libcitro3d.a(effect.o)
                0x001033a8                C3D_DepthMap
 .text.C3D_CullFace
                0x001033e8       0x1c /opt/devkitpro/libctru/lib/libcitro3d.a(effect.o)
                0x001033e8                C3D_CullFace
 .text.C3D_StencilTest
                0x00103404       0x40 /opt/devkitpro/libctru/lib/libcitro3d.a(effect.o)
                0x00103404                C3D_StencilTest
 .text.C3D_StencilOp
                0x00103444       0x24 /opt/devkitpro/libctru/lib/libcitro3d.a(effect.o)
                0x00103444                C3D_StencilOp
 .text.C3D_BlendingColor
                0x00103468       0x1c /opt/devkitpro/libctru/lib/libcitro3d.a(effect.o)
                0x00103468                C3D_BlendingColor
 .text.C3D_EarlyDepthTest
                0x00103484       0x24 /opt/devkitpro/libctru/lib/libcitro3d.a(effect.o)
                0x00103484                C3D_EarlyDepthTest
 .text.C3D_DepthTest
                0x001034a8       0x2c /opt/devkitpro/libctru/lib/libcitro3d.a(effect.o)
                0x001034a8                C3D_DepthTest
 .text.C3D_AlphaTest
                0x001034d4       0x2c /opt/devkitpro/libctru/lib/libcitro3d.a(effect.o)
                0x001034d4                C3D_AlphaTest
 .text.C3D_AlphaBlend
                0x00103500       0x50 /opt/devkitpro/libctru/lib/libcitro3d.a(effect.o)
                0x00103500                C3D_AlphaBlend
 .text.C3D_FragOpMode
                0x00103550       0x30 /opt/devkitpro/libctru/lib/libcitro3d.a(effect.o)
                0x00103550                C3D_FragOpMode
 .text.C3D_FragOpShadow
                0x00103580       0x44 /opt/devkitpro/libctru/lib/libcitro3d.a(effect.o)
                0x00103580                C3D_FragOpShadow
 .text.C3Di_EffectBind
                0x001035c4      0x1ac /opt/devkitpro/libctru/lib/libcitro3d.a(effect.o)
                0x001035c4                C3Di_EffectBind
 .text.C3D_CalcColorBufSize
                0x00103770       0x1c /opt/devkitpro/libctru/lib/libcitro3d.a(framebuffer.o)
                0x00103770                C3D_CalcColorBufSize
 .text.C3D_CalcDepthBufSize
                0x0010378c       0x1c /opt/devkitpro/libctru/lib/libcitro3d.a(framebuffer.o)
                0x0010378c                C3D_CalcDepthBufSize
 .text.C3D_SetFrameBuf
                0x001037a8       0x44 /opt/devkitpro/libctru/lib/libcitro3d.a(framebuffer.o)
                0x001037a8                C3D_SetFrameBuf
 .text.C3Di_FrameBufBind
                0x001037ec      0x16c /opt/devkitpro/libctru/lib/libcitro3d.a(framebuffer.o)
                0x001037ec                C3Di_FrameBufBind
 .text.C3D_FrameBufClear
                0x00103958       0xc8 /opt/devkitpro/libctru/lib/libcitro3d.a(framebuffer.o)
                0x00103958                C3D_FrameBufClear
 .text.C3D_FrameBufTransfer
                0x00103a20       0x44 /opt/devkitpro/libctru/lib/libcitro3d.a(framebuffer.o)
                0x00103a20                C3D_FrameBufTransfer
 .text.C3D_ImmSendAttrib
                0x00103a64       0xa8 /opt/devkitpro/libctru/lib/libcitro3d.a(immediate.o)
                0x00103a64                C3D_ImmSendAttrib
 .text.C3D_ProcTexInit
                0x00103b0c       0x70 /opt/devkitpro/libctru/lib/libcitro3d.a(proctex.o)
                0x00103b0c                C3D_ProcTexInit
 .text.C3D_ProcTexBind
                0x00103b7c       0x54 /opt/devkitpro/libctru/lib/libcitro3d.a(proctex.o)
                0x00103b7c                C3D_ProcTexBind
 .text.C3D_ProcTexLutBind
                0x00103bd0       0x5c /opt/devkitpro/libctru/lib/libcitro3d.a(proctex.o)
                0x00103bd0                C3D_ProcTexLutBind
 .text.ProcTexLut_FromArray
                0x00103c2c       0xa4 /opt/devkitpro/libctru/lib/libcitro3d.a(proctex.o)
                0x00103c2c                ProcTexLut_FromArray
 .text.C3Di_ProcTexUpdate
                0x00103cd0      0x178 /opt/devkitpro/libctru/lib/libcitro3d.a(proctex.o)
                0x00103cd0                C3Di_ProcTexUpdate
 .text.C3Di_ProcTexDirty
                0x00103e48       0x68 /opt/devkitpro/libctru/lib/libcitro3d.a(proctex.o)
                0x00103e48                C3Di_ProcTexDirty
 .text.onVBlank0
                0x00103eb0       0x4c /opt/devkitpro/libctru/lib/libcitro3d.a(renderqueue.o)
 .text.onVBlank1
                0x00103efc       0x4c /opt/devkitpro/libctru/lib/libcitro3d.a(renderqueue.o)
 .text.C3Di_RenderTargetDestroy
                0x00103f48       0x80 /opt/devkitpro/libctru/lib/libcitro3d.a(renderqueue.o)
 .text.onQueueFinish
                0x00103fc8       0xf4 /opt/devkitpro/libctru/lib/libcitro3d.a(renderqueue.o)
 .text.C3Di_RenderQueueEnableVBlank
                0x001040bc       0x38 /opt/devkitpro/libctru/lib/libcitro3d.a(renderqueue.o)
                0x001040bc                C3Di_RenderQueueEnableVBlank
 .text.C3Di_RenderQueueDisableVBlank
                0x001040f4       0x30 /opt/devkitpro/libctru/lib/libcitro3d.a(renderqueue.o)
                0x001040f4                C3Di_RenderQueueDisableVBlank
 .text.C3Di_RenderQueueInit
                0x00104124       0x60 /opt/devkitpro/libctru/lib/libcitro3d.a(renderqueue.o)
                0x00104124                C3Di_RenderQueueInit
 .text.C3Di_RenderQueueExit
                0x00104184       0xb4 /opt/devkitpro/libctru/lib/libcitro3d.a(renderqueue.o)
                0x00104184                C3Di_RenderQueueExit
 .text.C3Di_RenderQueueWaitDone
                0x00104238       0x34 /opt/devkitpro/libctru/lib/libcitro3d.a(renderqueue.o)
                0x00104238                C3Di_RenderQueueWaitDone
 .text.C3D_FrameBegin
                0x0010426c       0xe8 /opt/devkitpro/libctru/lib/libcitro3d.a(renderqueue.o)
                0x0010426c                C3D_FrameBegin
 .text.C3D_FrameDrawOn
                0x00104354       0x48 /opt/devkitpro/libctru/lib/libcitro3d.a(renderqueue.o)
                0x00104354                C3D_FrameDrawOn
 .text.C3D_FrameSplit
                0x0010439c       0x58 /opt/devkitpro/libctru/lib/libcitro3d.a(renderqueue.o)
                0x0010439c                C3D_FrameSplit
 .text.C3D_FrameEnd
                0x001043f4      0x1d0 /opt/devkitpro/libctru/lib/libcitro3d.a(renderqueue.o)
                0x001043f4                C3D_FrameEnd
 .text.C3D_FrameEndHook
                0x001045c4       0x1c /opt/devkitpro/libctru/lib/libcitro3d.a(renderqueue.o)
                0x001045c4                C3D_FrameEndHook
 .text.C3D_GetDrawingTime
                0x001045e0       0x18 /opt/devkitpro/libctru/lib/libcitro3d.a(renderqueue.o)
                0x001045e0                C3D_GetDrawingTime
 .text.C3D_GetProcessingTime
                0x001045f8       0x18 /opt/devkitpro/libctru/lib/libcitro3d.a(renderqueue.o)
                0x001045f8                C3D_GetProcessingTime
 .text.C3D_RenderTargetCreate
                0x00104610      0x170 /opt/devkitpro/libctru/lib/libcitro3d.a(renderqueue.o)
                0x00104610                C3D_RenderTargetCreate
 .text.C3D_RenderTargetSetOutput
                0x00104780       0xa8 /opt/devkitpro/libctru/lib/libcitro3d.a(renderqueue.o)
                0x00104780                C3D_RenderTargetSetOutput
 .text.C3D_SyncTextureCopy
                0x00104828       0xfc /opt/devkitpro/libctru/lib/libcitro3d.a(renderqueue.o)
                0x00104828                C3D_SyncTextureCopy
 .text.Tex3DSi_ImportCommon
                0x00104924      0x3d8 /opt/devkitpro/libctru/lib/libcitro3d.a(tex3ds.o)
 .text.Tex3DS_TextureImportStdio
                0x00104cfc       0x38 /opt/devkitpro/libctru/lib/libcitro3d.a(tex3ds.o)
                0x00104cfc                Tex3DS_TextureImportStdio
 .text.Tex3DS_GetNumSubTextures
                0x00104d34        0x8 /opt/devkitpro/libctru/lib/libcitro3d.a(tex3ds.o)
                0x00104d34                Tex3DS_GetNumSubTextures
 .text.Tex3DS_GetSubTexture
                0x00104d3c       0x1c /opt/devkitpro/libctru/lib/libcitro3d.a(tex3ds.o)
                0x00104d3c                Tex3DS_GetSubTexture
 .text.Tex3DS_TextureFree
                0x00104d58        0x4 /opt/devkitpro/libctru/lib/libcitro3d.a(tex3ds.o)
                0x00104d58                Tex3DS_TextureFree
 .text.C3D_GetTexEnv
                0x00104d5c       0x34 /opt/devkitpro/libctru/lib/libcitro3d.a(texenv.o)
                0x00104d5c                C3D_GetTexEnv
 .text.C3Di_TexEnvBind
                0x00104d90       0x24 /opt/devkitpro/libctru/lib/libcitro3d.a(texenv.o)
                0x00104d90                C3Di_TexEnvBind
 .text.C3D_TexInitWithParams
                0x00104db4      0x290 /opt/devkitpro/libctru/lib/libcitro3d.a(texture.o)
                0x00104db4                C3D_TexInitWithParams
 .text.C3D_TexLoadImage
                0x00105044       0xc8 /opt/devkitpro/libctru/lib/libcitro3d.a(texture.o)
                0x00105044                C3D_TexLoadImage
 .text.C3D_TexBind
                0x0010510c       0x44 /opt/devkitpro/libctru/lib/libcitro3d.a(texture.o)
                0x0010510c                C3D_TexBind
 .text.C3D_TexDelete
                0x00105150       0x74 /opt/devkitpro/libctru/lib/libcitro3d.a(texture.o)
                0x00105150                C3D_TexDelete
 .text.C3Di_SetTex
                0x001051c4      0x14c /opt/devkitpro/libctru/lib/libcitro3d.a(texture.o)
                0x001051c4                C3Di_SetTex
 .text.C3D_UpdateUniforms
                0x00105310      0x290 /opt/devkitpro/libctru/lib/libcitro3d.a(uniforms.o)
                0x00105310                C3D_UpdateUniforms
 .text.C3Di_DirtyUniforms
                0x001055a0       0xc0 /opt/devkitpro/libctru/lib/libcitro3d.a(uniforms.o)
                0x001055a0                C3Di_DirtyUniforms
 .text.C3Di_LoadShaderUniforms
                0x00105660       0xd8 /opt/devkitpro/libctru/lib/libcitro3d.a(uniforms.o)
                0x00105660                C3Di_LoadShaderUniforms
 .text.C3Di_ClearShaderUniforms
                0x00105738       0x28 /opt/devkitpro/libctru/lib/libcitro3d.a(uniforms.o)
                0x00105738                C3Di_ClearShaderUniforms
 .text.Mtx_Ortho
                0x00105760       0xcc /opt/devkitpro/libctru/lib/libcitro3d.a(mtx_ortho.o)
                0x00105760                Mtx_Ortho
 .text.Mtx_OrthoTilt
                0x0010582c       0xcc /opt/devkitpro/libctru/lib/libcitro3d.a(mtx_orthotilt.o)
                0x0010582c                Mtx_OrthoTilt
 .text._ZL21addrMapNodeComparatorPK11rbtree_nodeS1_
                0x001058f8       0x24 /opt/devkitpro/libctru/lib/libctru.a(linear.o)
 .text._ZL21addrMapNodeDestructorP11rbtree_node
                0x0010591c        0x4 /opt/devkitpro/libctru/lib/libctru.a(linear.o)
 .text.linearMemAlign
                0x00105920      0x120 /opt/devkitpro/libctru/lib/libctru.a(linear.o)
                0x00105920                linearMemAlign
 .text.linearAlloc
                0x00105a40        0x8 /opt/devkitpro/libctru/lib/libctru.a(linear.o)
                0x00105a40                linearAlloc
 .text.linearFree
                0x00105a48       0x5c /opt/devkitpro/libctru/lib/libctru.a(linear.o)
                0x00105a48                linearFree
 .text._ZN7MemPool13CoalesceRightEP8MemBlock
                0x00105aa4       0x84 /opt/devkitpro/libctru/lib/libctru.a(mem_pool.o)
                0x00105aa4                MemPool::CoalesceRight(MemBlock*)
 .text._ZN7MemPool8AllocateER8MemChunkmi
                0x00105b28      0x150 /opt/devkitpro/libctru/lib/libctru.a(mem_pool.o)
                0x00105b28                MemPool::Allocate(MemChunk&, unsigned long, int)
 .text._ZN7MemPool10DeallocateERK8MemChunk
                0x00105c78       0xfc /opt/devkitpro/libctru/lib/libctru.a(mem_pool.o)
                0x00105c78                MemPool::Deallocate(MemChunk const&)
 .text._ZN7MemPool12GetFreeSpaceEv
                0x00105d74       0x30 /opt/devkitpro/libctru/lib/libctru.a(mem_pool.o)
                0x00105d74                MemPool::GetFreeSpace()
 .text._ZL21addrMapNodeComparatorPK11rbtree_nodeS1_
                0x00105da4       0x24 /opt/devkitpro/libctru/lib/libctru.a(vram.o)
 .text._ZL21addrMapNodeDestructorP11rbtree_node
                0x00105dc8        0x4 /opt/devkitpro/libctru/lib/libctru.a(vram.o)
 .text.vramMemAlignAt
                0x00105dcc      0x244 /opt/devkitpro/libctru/lib/libctru.a(vram.o)
                0x00105dcc                vramMemAlignAt
 .text.vramAlloc
                0x00106010        0xc /opt/devkitpro/libctru/lib/libctru.a(vram.o)
                0x00106010                vramAlloc
 .text.vramAllocAt
                0x0010601c        0xc /opt/devkitpro/libctru/lib/libctru.a(vram.o)
                0x0010601c                vramAllocAt
 .text.vramFree
                0x00106028       0x90 /opt/devkitpro/libctru/lib/libctru.a(vram.o)
                0x00106028                vramFree
 .text.consoleHandleColorEsc
                0x001060b8      0x45c /opt/devkitpro/libctru/lib/libctru.a(console.o)
 .text.consoleColorStateShift
                0x00106514       0xb8 /opt/devkitpro/libctru/lib/libctru.a(console.o)
 .text.consoleDrawChar
                0x001065cc      0x1ac /opt/devkitpro/libctru/lib/libctru.a(console.o)
                0x001065cc                consoleDrawChar
 .text.consolePrintChar
                0x00106778      0x11c /opt/devkitpro/libctru/lib/libctru.a(console.o)
                0x00106778                consolePrintChar
 .text.con_write
                0x00106894      0x5ec /opt/devkitpro/libctru/lib/libctru.a(console.o)
                0x00106894                con_write
 .text.newRow   0x00106e80      0x124 /opt/devkitpro/libctru/lib/libctru.a(console.o)
 .text.consoleInit
                0x00106fa4      0x18c /opt/devkitpro/libctru/lib/libctru.a(console.o)
                0x00106fa4                consoleInit
 .text.gfxPresentFramebuffer
                0x00107130       0xd0 /opt/devkitpro/libctru/lib/libctru.a(gfx.o)
 .text.gfxIsWide
                0x00107200       0x1c /opt/devkitpro/libctru/lib/libctru.a(gfx.o)
                0x00107200                gfxIsWide
 .text.gfxSetScreenFormat
                0x0010721c       0xec /opt/devkitpro/libctru/lib/libctru.a(gfx.o)
                0x0010721c                gfxSetScreenFormat
 .text.gfxSetDoubleBuffering
                0x00107308       0x10 /opt/devkitpro/libctru/lib/libctru.a(gfx.o)
                0x00107308                gfxSetDoubleBuffering
 .text.gfxInit  0x00107318       0xd8 /opt/devkitpro/libctru/lib/libctru.a(gfx.o)
                0x00107318                gfxInit
 .text.gfxInitDefault
                0x001073f0       0x10 /opt/devkitpro/libctru/lib/libctru.a(gfx.o)
                0x001073f0                gfxInitDefault
 .text.gfxExit  0x00107400       0xb4 /opt/devkitpro/libctru/lib/libctru.a(gfx.o)
                0x00107400                gfxExit
 .text.gfxGetFramebuffer
                0x001074b4       0xa0 /opt/devkitpro/libctru/lib/libctru.a(gfx.o)
                0x001074b4                gfxGetFramebuffer
 .text.gfxFlushBuffers
                0x00107554      0x100 /opt/devkitpro/libctru/lib/libctru.a(gfx.o)
                0x00107554                gfxFlushBuffers
 .text.gfxScreenSwapBuffers
                0x00107654       0x30 /opt/devkitpro/libctru/lib/libctru.a(gfx.o)
                0x00107654                gfxScreenSwapBuffers
 .text.gfxSwapBuffersGpu
                0x00107684       0x50 /opt/devkitpro/libctru/lib/libctru.a(gfx.o)
                0x00107684                gfxSwapBuffersGpu
 .text.osConvertVirtToPhys
                0x001076d4       0x74 /opt/devkitpro/libctru/lib/libctru.a(os.o)
                0x001076d4                osConvertVirtToPhys
 .text.osGetTimeRef
                0x00107748       0x54 /opt/devkitpro/libctru/lib/libctru.a(os.o)
                0x00107748                osGetTimeRef
 .text.osGetTime
                0x0010779c       0xec /opt/devkitpro/libctru/lib/libctru.a(os.o)
                0x0010779c                osGetTime
 .text.osTickCounterRead
                0x00107888       0x38 /opt/devkitpro/libctru/lib/libctru.a(os.o)
                0x00107888                osTickCounterRead
 .text.__ctru_speedup_config
                0x001078c0       0x34 /opt/devkitpro/libctru/lib/libctru.a(os.o)
                0x001078c0                __ctru_speedup_config
 .text.romfs_close
                0x001078f4        0x8 /opt/devkitpro/libctru/lib/libctru.a(romfs_dev.o)
 .text.romfs_seek
                0x001078fc       0xc4 /opt/devkitpro/libctru/lib/libctru.a(romfs_dev.o)
 .text.romfs_dirreset
                0x001079c0       0x24 /opt/devkitpro/libctru/lib/libctru.a(romfs_dev.o)
 .text.fill_dir
                0x001079e4       0xc8 /opt/devkitpro/libctru/lib/libctru.a(romfs_dev.o)
 .text.romfs_dirnext
                0x00107aac      0x2a8 /opt/devkitpro/libctru/lib/libctru.a(romfs_dev.o)
 .text.romfs_free
                0x00107d54       0x74 /opt/devkitpro/libctru/lib/libctru.a(romfs_dev.o)
 .text.searchForFile.constprop.0
                0x00107dc8       0xd4 /opt/devkitpro/libctru/lib/libctru.a(romfs_dev.o)
 .text.searchForDir.constprop.0
                0x00107e9c       0xd8 /opt/devkitpro/libctru/lib/libctru.a(romfs_dev.o)
 .text.navigateToDir.constprop.0
                0x00107f74      0x1c0 /opt/devkitpro/libctru/lib/libctru.a(romfs_dev.o)
 .text.romfs_open
                0x00108134      0x10c /opt/devkitpro/libctru/lib/libctru.a(romfs_dev.o)
 .text.romfs_chdir
                0x00108240       0x4c /opt/devkitpro/libctru/lib/libctru.a(romfs_dev.o)
 .text.romfs_diropen
                0x0010828c       0x70 /opt/devkitpro/libctru/lib/libctru.a(romfs_dev.o)
 .text.romfs_stat
                0x001082fc      0x174 /opt/devkitpro/libctru/lib/libctru.a(romfs_dev.o)
 .text.romfs_dirclose
                0x00108470        0x8 /opt/devkitpro/libctru/lib/libctru.a(romfs_dev.o)
 .text.romfs_fstat
                0x00108478       0x84 /opt/devkitpro/libctru/lib/libctru.a(romfs_dev.o)
 .text.romfs_read
                0x001084fc       0xd0 /opt/devkitpro/libctru/lib/libctru.a(romfs_dev.o)
 .text.romfsMountFromFile
                0x001085cc      0x28c /opt/devkitpro/libctru/lib/libctru.a(romfs_dev.o)
                0x001085cc                romfsMountFromFile
 .text.romfsMountFromCurrentProcess
                0x00108858       0x98 /opt/devkitpro/libctru/lib/libctru.a(romfs_dev.o)
                0x00108858                romfsMountFromCurrentProcess
 .text.romfsMountSelf
                0x001088f0      0x260 /opt/devkitpro/libctru/lib/libctru.a(romfs_dev.o)
                0x001088f0                romfsMountSelf
 .text.romfsUnmount
                0x00108b50       0xa4 /opt/devkitpro/libctru/lib/libctru.a(romfs_dev.o)
                0x00108b50                romfsUnmount
 .text.GPUCMD_Add
                0x00108bf4      0x13c /opt/devkitpro/libctru/lib/libctru.a(gpu.o)
                0x00108bf4                GPUCMD_Add
 .text.GPUCMD_Split
                0x00108d30       0xb0 /opt/devkitpro/libctru/lib/libctru.a(gpu.o)
                0x00108d30                GPUCMD_Split
 .text.f32tof16
                0x00108de0       0x34 /opt/devkitpro/libctru/lib/libctru.a(gpu.o)
                0x00108de0                f32tof16
 .text.f32tof24
                0x00108e14       0x34 /opt/devkitpro/libctru/lib/libctru.a(gpu.o)
                0x00108e14                f32tof24
 .text.f32tof31
                0x00108e48       0x38 /opt/devkitpro/libctru/lib/libctru.a(gpu.o)
                0x00108e48                f32tof31
 .text.GX_BindQueue
                0x00108e80       0x10 /opt/devkitpro/libctru/lib/libctru.a(gx.o)
                0x00108e80                GX_BindQueue
 .text.GX_ProcessCommandList
                0x00108e90       0x78 /opt/devkitpro/libctru/lib/libctru.a(gx.o)
                0x00108e90                GX_ProcessCommandList
 .text.GX_MemoryFill
                0x00108f08       0x74 /opt/devkitpro/libctru/lib/libctru.a(gx.o)
                0x00108f08                GX_MemoryFill
 .text.GX_DisplayTransfer
                0x00108f7c       0x70 /opt/devkitpro/libctru/lib/libctru.a(gx.o)
                0x00108f7c                GX_DisplayTransfer
 .text.GX_TextureCopy
                0x00108fec       0x74 /opt/devkitpro/libctru/lib/libctru.a(gx.o)
                0x00108fec                GX_TextureCopy
 .text.gxCmdQueueDoCommands.part.0
                0x00109060       0x68 /opt/devkitpro/libctru/lib/libctru.a(gxqueue.o)
 .text.gxCmdQueueInterrupt
                0x001090c8       0xc8 /opt/devkitpro/libctru/lib/libctru.a(gxqueue.o)
                0x001090c8                gxCmdQueueInterrupt
 .text.gxCmdQueueClear
                0x00109190       0x4c /opt/devkitpro/libctru/lib/libctru.a(gxqueue.o)
                0x00109190                gxCmdQueueClear
 .text.gxCmdQueueAdd
                0x001091dc       0xf8 /opt/devkitpro/libctru/lib/libctru.a(gxqueue.o)
                0x001091dc                gxCmdQueueAdd
 .text.gxCmdQueueRun
                0x001092d4       0x80 /opt/devkitpro/libctru/lib/libctru.a(gxqueue.o)
                0x001092d4                gxCmdQueueRun
 .text.gxCmdQueueStop
                0x00109354       0x60 /opt/devkitpro/libctru/lib/libctru.a(gxqueue.o)
                0x00109354                gxCmdQueueStop
 .text.gxCmdQueueWait
                0x001093b4       0x8c /opt/devkitpro/libctru/lib/libctru.a(gxqueue.o)
                0x001093b4                gxCmdQueueWait
 .text.shaderInstanceInit
                0x00109440      0x1d0 /opt/devkitpro/libctru/lib/libctru.a(shaderProgram.o)
                0x00109440                shaderInstanceInit
 .text.shaderInstanceGetUniformLocation
                0x00109610       0x18 /opt/devkitpro/libctru/lib/libctru.a(shaderProgram.o)
                0x00109610                shaderInstanceGetUniformLocation
 .text.shaderProgramInit
                0x00109628       0x1c /opt/devkitpro/libctru/lib/libctru.a(shaderProgram.o)
                0x00109628                shaderProgramInit
 .text.shaderProgramFree
                0x00109644       0x64 /opt/devkitpro/libctru/lib/libctru.a(shaderProgram.o)
                0x00109644                shaderProgramFree
 .text.shaderProgramSetVsh
                0x001096a8       0x80 /opt/devkitpro/libctru/lib/libctru.a(shaderProgram.o)
                0x001096a8                shaderProgramSetVsh
 .text.shaderProgramConfigure
                0x00109728      0x8d0 /opt/devkitpro/libctru/lib/libctru.a(shaderProgram.o)
                0x00109728                shaderProgramConfigure
 .text.DVLE_GenerateOutmap.part.0
                0x00109ff8      0x1dc /opt/devkitpro/libctru/lib/libctru.a(shbin.o)
 .text.DVLB_ParseFile
                0x0010a1d4      0x1b0 /opt/devkitpro/libctru/lib/libctru.a(shbin.o)
                0x0010a1d4                DVLB_ParseFile
 .text.DVLB_Free
                0x0010a384       0x38 /opt/devkitpro/libctru/lib/libctru.a(shbin.o)
                0x0010a384                DVLB_Free
 .text.DVLE_GetUniformRegister
                0x0010a3bc       0x74 /opt/devkitpro/libctru/lib/libctru.a(shbin.o)
                0x0010a3bc                DVLE_GetUniformRegister
 .text.aptConvertScreenForCapture
                0x0010a430      0x1b0 /opt/devkitpro/libctru/lib/libctru.a(apt.o)
 .text.aptDspSleep
                0x0010a5e0        0x8 /opt/devkitpro/libctru/lib/libctru.a(apt.o)
                0x0010a5e0                aptDspSleep
 .text.aptDspWakeup
                0x0010a5e8        0x4 /opt/devkitpro/libctru/lib/libctru.a(apt.o)
                0x0010a5e8                aptDspWakeup
 .text.aptDspCancel
                0x0010a5ec        0x4 /opt/devkitpro/libctru/lib/libctru.a(apt.o)
                0x0010a5ec                aptDspCancel
 .text.aptSendCommand
                0x0010a5f0      0x158 /opt/devkitpro/libctru/lib/libctru.a(apt.o)
                0x0010a5f0                aptSendCommand
 .text.aptExitProcess
                0x0010a748       0x44 /opt/devkitpro/libctru/lib/libctru.a(apt.o)
 .text.aptExit  0x0010a78c      0x380 /opt/devkitpro/libctru/lib/libctru.a(apt.o)
                0x0010a78c                aptExit
 .text.aptHandleSleep
                0x0010ab0c       0xd8 /opt/devkitpro/libctru/lib/libctru.a(apt.o)
                0x0010ab0c                aptHandleSleep
 .text.aptHook  0x0010abe4       0x30 /opt/devkitpro/libctru/lib/libctru.a(apt.o)
                0x0010abe4                aptHook
 .text.aptUnhook
                0x0010ac14       0x30 /opt/devkitpro/libctru/lib/libctru.a(apt.o)
                0x0010ac14                aptUnhook
 .text.APT_SleepIfShellClosed
                0x0010ac44       0x84 /opt/devkitpro/libctru/lib/libctru.a(apt.o)
                0x0010ac44                APT_SleepIfShellClosed
 .text.aptSetSleepAllowed
                0x0010acc8       0x78 /opt/devkitpro/libctru/lib/libctru.a(apt.o)
                0x0010acc8                aptSetSleepAllowed
 .text.APT_UnlockTransition
                0x0010ad40       0x84 /opt/devkitpro/libctru/lib/libctru.a(apt.o)
                0x0010ad40                APT_UnlockTransition
 *fill*         0x0010adc4        0x4 
 .text.aptEventHandler
                0x0010adc8      0x478 /opt/devkitpro/libctru/lib/libctru.a(apt.o)
 .text.APT_ReceiveParameter
                0x0010b240       0xb0 /opt/devkitpro/libctru/lib/libctru.a(apt.o)
                0x0010b240                APT_ReceiveParameter
 .text.aptReceiveParameter.constprop.0
                0x0010b2f0       0xac /opt/devkitpro/libctru/lib/libctru.a(apt.o)
 *fill*         0x0010b39c        0x4 
 .text.aptScreenTransfer
                0x0010b3a0      0x294 /opt/devkitpro/libctru/lib/libctru.a(apt.o)
 .text.aptWaitForWakeUp.isra.0
                0x0010b634      0x2c8 /opt/devkitpro/libctru/lib/libctru.a(apt.o)
 .text.aptJumpToHomeMenu
                0x0010b8fc       0xf4 /opt/devkitpro/libctru/lib/libctru.a(apt.o)
                0x0010b8fc                aptJumpToHomeMenu
 .text.aptMainLoop
                0x0010b9f0       0x48 /opt/devkitpro/libctru/lib/libctru.a(apt.o)
                0x0010b9f0                aptMainLoop
 .text.aptInit  0x0010ba38      0x22c /opt/devkitpro/libctru/lib/libctru.a(apt.o)
                0x0010ba38                aptInit
 .text.APT_CheckNew3DS
                0x0010bc64       0x7c /opt/devkitpro/libctru/lib/libctru.a(apt.o)
                0x0010bc64                APT_CheckNew3DS
 .text.fsInit   0x0010bce0       0xd0 /opt/devkitpro/libctru/lib/libctru.a(fs.o)
                0x0010bce0                fsInit
 .text.fsExit   0x0010bdb0       0x3c /opt/devkitpro/libctru/lib/libctru.a(fs.o)
                0x0010bdb0                fsExit
 .text.fsExemptFromSession
                0x0010bdec       0x60 /opt/devkitpro/libctru/lib/libctru.a(fs.o)
                0x0010bdec                fsExemptFromSession
 .text.fsUnexemptFromSession
                0x0010be4c       0x50 /opt/devkitpro/libctru/lib/libctru.a(fs.o)
                0x0010be4c                fsUnexemptFromSession
 .text.FSUSER_OpenFile
                0x0010be9c       0xcc /opt/devkitpro/libctru/lib/libctru.a(fs.o)
                0x0010be9c                FSUSER_OpenFile
 .text.FSUSER_OpenFileDirectly
                0x0010bf68       0xd4 /opt/devkitpro/libctru/lib/libctru.a(fs.o)
                0x0010bf68                FSUSER_OpenFileDirectly
 .text.FSUSER_DeleteFile
                0x0010c03c       0xbc /opt/devkitpro/libctru/lib/libctru.a(fs.o)
                0x0010c03c                FSUSER_DeleteFile
 .text.FSUSER_RenameFile
                0x0010c0f8       0xf8 /opt/devkitpro/libctru/lib/libctru.a(fs.o)
                0x0010c0f8                FSUSER_RenameFile
 .text.FSUSER_DeleteDirectory
                0x0010c1f0       0xbc /opt/devkitpro/libctru/lib/libctru.a(fs.o)
                0x0010c1f0                FSUSER_DeleteDirectory
 .text.FSUSER_CreateFile
                0x0010c2ac       0xd4 /opt/devkitpro/libctru/lib/libctru.a(fs.o)
                0x0010c2ac                FSUSER_CreateFile
 .text.FSUSER_CreateDirectory
                0x0010c380       0xc4 /opt/devkitpro/libctru/lib/libctru.a(fs.o)
                0x0010c380                FSUSER_CreateDirectory
 .text.FSUSER_RenameDirectory
                0x0010c444       0xf8 /opt/devkitpro/libctru/lib/libctru.a(fs.o)
                0x0010c444                FSUSER_RenameDirectory
 .text.FSUSER_OpenDirectory
                0x0010c53c       0xb4 /opt/devkitpro/libctru/lib/libctru.a(fs.o)
                0x0010c53c                FSUSER_OpenDirectory
 .text.FSUSER_OpenArchive
                0x0010c5f0       0x94 /opt/devkitpro/libctru/lib/libctru.a(fs.o)
                0x0010c5f0                FSUSER_OpenArchive
 .text.FSUSER_CloseArchive
                0x0010c684       0x8c /opt/devkitpro/libctru/lib/libctru.a(fs.o)
                0x0010c684                FSUSER_CloseArchive
 .text.FSUSER_GetSdmcArchiveResource
                0x0010c710       0x74 /opt/devkitpro/libctru/lib/libctru.a(fs.o)
                0x0010c710                FSUSER_GetSdmcArchiveResource
 .text.FSUSER_IsSdmcWritable
                0x0010c784       0x64 /opt/devkitpro/libctru/lib/libctru.a(fs.o)
                0x0010c784                FSUSER_IsSdmcWritable
 .text.FSFILE_Read
                0x0010c7e8       0x58 /opt/devkitpro/libctru/lib/libctru.a(fs.o)
                0x0010c7e8                FSFILE_Read
 .text.FSFILE_Write
                0x0010c840       0x60 /opt/devkitpro/libctru/lib/libctru.a(fs.o)
                0x0010c840                FSFILE_Write
 .text.FSFILE_GetSize
                0x0010c8a0       0x38 /opt/devkitpro/libctru/lib/libctru.a(fs.o)
                0x0010c8a0                FSFILE_GetSize
 .text.FSFILE_SetSize
                0x0010c8d8       0x28 /opt/devkitpro/libctru/lib/libctru.a(fs.o)
                0x0010c8d8                FSFILE_SetSize
 .text.FSFILE_Close
                0x0010c900       0x3c /opt/devkitpro/libctru/lib/libctru.a(fs.o)
                0x0010c900                FSFILE_Close
 .text.FSFILE_Flush
                0x0010c93c       0x24 /opt/devkitpro/libctru/lib/libctru.a(fs.o)
                0x0010c93c                FSFILE_Flush
 .text.FSDIR_Read
                0x0010c960       0x50 /opt/devkitpro/libctru/lib/libctru.a(fs.o)
                0x0010c960                FSDIR_Read
 .text.FSDIR_Close
                0x0010c9b0       0x3c /opt/devkitpro/libctru/lib/libctru.a(fs.o)
                0x0010c9b0                FSDIR_Close
 .text.gspHardwareInit
                0x0010c9ec      0xc70 /opt/devkitpro/libctru/lib/libctru.a(gspgpu.o)
 .text.gspInit  0x0010d65c      0x248 /opt/devkitpro/libctru/lib/libctru.a(gspgpu.o)
                0x0010d65c                gspInit
 .text.gspExit  0x0010d8a4       0xe4 /opt/devkitpro/libctru/lib/libctru.a(gspgpu.o)
                0x0010d8a4                gspExit
 .text.gspHasGpuRight
                0x0010d988       0x10 /opt/devkitpro/libctru/lib/libctru.a(gspgpu.o)
                0x0010d988                gspHasGpuRight
 .text.gspPresentBuffer
                0x0010d998       0xa0 /opt/devkitpro/libctru/lib/libctru.a(gspgpu.o)
                0x0010d998                gspPresentBuffer
 .text.gspSetEventCallback
                0x0010da38       0x30 /opt/devkitpro/libctru/lib/libctru.a(gspgpu.o)
                0x0010da38                gspSetEventCallback
 .text.gspWaitForEvent
                0x0010da68       0x44 /opt/devkitpro/libctru/lib/libctru.a(gspgpu.o)
                0x0010da68                gspWaitForEvent
 .text.gspWaitForAnyEvent
                0x0010daac       0x4c /opt/devkitpro/libctru/lib/libctru.a(gspgpu.o)
                0x0010daac                gspWaitForAnyEvent
 .text.gspEventThreadMain
                0x0010daf8      0x160 /opt/devkitpro/libctru/lib/libctru.a(gspgpu.o)
 .text.gspSubmitGxCommand
                0x0010dc58      0x130 /opt/devkitpro/libctru/lib/libctru.a(gspgpu.o)
                0x0010dc58                gspSubmitGxCommand
 .text.GSPGPU_FlushDataCache
                0x0010dd88       0x50 /opt/devkitpro/libctru/lib/libctru.a(gspgpu.o)
                0x0010dd88                GSPGPU_FlushDataCache
 .text.GSPGPU_SetLcdForceBlack
                0x0010ddd8       0x34 /opt/devkitpro/libctru/lib/libctru.a(gspgpu.o)
                0x0010ddd8                GSPGPU_SetLcdForceBlack
 .text.GSPGPU_AcquireRight
                0x0010de0c       0x68 /opt/devkitpro/libctru/lib/libctru.a(gspgpu.o)
                0x0010de0c                GSPGPU_AcquireRight
 .text.GSPGPU_ReleaseRight
                0x0010de74       0x48 /opt/devkitpro/libctru/lib/libctru.a(gspgpu.o)
                0x0010de74                GSPGPU_ReleaseRight
 .text.GSPGPU_ImportDisplayCaptureInfo
                0x0010debc       0x7c /opt/devkitpro/libctru/lib/libctru.a(gspgpu.o)
                0x0010debc                GSPGPU_ImportDisplayCaptureInfo
 .text.GSPGPU_SaveVramSysArea
                0x0010df38       0x2c /opt/devkitpro/libctru/lib/libctru.a(gspgpu.o)
                0x0010df38                GSPGPU_SaveVramSysArea
 .text.GSPGPU_RestoreVramSysArea
                0x0010df64       0x2c /opt/devkitpro/libctru/lib/libctru.a(gspgpu.o)
                0x0010df64                GSPGPU_RestoreVramSysArea
 .text.hidShouldUseIrrst
                0x0010df90       0x24 /opt/devkitpro/libctru/lib/libctru.a(hid.o)
                0x0010df90                hidShouldUseIrrst
 .text.hidInit  0x0010dfb4      0x18c /opt/devkitpro/libctru/lib/libctru.a(hid.o)
                0x0010dfb4                hidInit
 .text.hidExit  0x0010e140       0xe8 /opt/devkitpro/libctru/lib/libctru.a(hid.o)
                0x0010e140                hidExit
 .text.hidScanInput
                0x0010e228      0x2a4 /opt/devkitpro/libctru/lib/libctru.a(hid.o)
                0x0010e228                hidScanInput
 .text.hidKeysHeld
                0x0010e4cc       0x10 /opt/devkitpro/libctru/lib/libctru.a(hid.o)
                0x0010e4cc                hidKeysHeld
 .text.hidKeysDown
                0x0010e4dc       0x10 /opt/devkitpro/libctru/lib/libctru.a(hid.o)
                0x0010e4dc                hidKeysDown
 .text.irrstInit
                0x0010e4ec      0x160 /opt/devkitpro/libctru/lib/libctru.a(irrst.o)
                0x0010e4ec                irrstInit
 .text.irrstExit
                0x0010e64c       0xcc /opt/devkitpro/libctru/lib/libctru.a(irrst.o)
                0x0010e64c                irrstExit
 .text.irrstScanInput
                0x0010e718       0xb4 /opt/devkitpro/libctru/lib/libctru.a(irrst.o)
                0x0010e718                irrstScanInput
 .text.irrstKeysHeld
                0x0010e7cc       0x24 /opt/devkitpro/libctru/lib/libctru.a(irrst.o)
                0x0010e7cc                irrstKeysHeld
 .text.ptmSysmInit
                0x0010e7f0       0x74 /opt/devkitpro/libctru/lib/libctru.a(ptmsysm.o)
                0x0010e7f0                ptmSysmInit
 .text.ptmSysmExit
                0x0010e864       0x3c /opt/devkitpro/libctru/lib/libctru.a(ptmsysm.o)
                0x0010e864                ptmSysmExit
 .text.PTMSYSM_ConfigureNew3DSCPU
                0x0010e8a0       0x34 /opt/devkitpro/libctru/lib/libctru.a(ptmsysm.o)
                0x0010e8a0                PTMSYSM_ConfigureNew3DSCPU
 .text.buffer_read
                0x0010e8d4       0xe0 /opt/devkitpro/libctru/lib/libctru.a(decompress.o)
 .text.iov_read
                0x0010e9b4       0xcc /opt/devkitpro/libctru/lib/libctru.a(decompress.o)
 .text.iov_memmove
                0x0010ea80      0x148 /opt/devkitpro/libctru/lib/libctru.a(decompress.o)
 .text.decompress_rle
                0x0010ebc8      0x1dc /opt/devkitpro/libctru/lib/libctru.a(decompress.o)
 .text.decompress_lzss
                0x0010eda4      0x26c /opt/devkitpro/libctru/lib/libctru.a(decompress.o)
 .text.decompress_lz11
                0x0010f010      0x42c /opt/devkitpro/libctru/lib/libctru.a(decompress.o)
 .text.decompress_huff
                0x0010f43c      0x36c /opt/devkitpro/libctru/lib/libctru.a(decompress.o)
 .text.decompressCallback_Stdio
                0x0010f7a8       0x10 /opt/devkitpro/libctru/lib/libctru.a(decompress.o)
                0x0010f7a8                decompressCallback_Stdio
 .text.decompressHeader
                0x0010f7b8       0xe4 /opt/devkitpro/libctru/lib/libctru.a(decompress.o)
                0x0010f7b8                decompressHeader
 .text.decompressV
                0x0010f89c      0x200 /opt/devkitpro/libctru/lib/libctru.a(decompress.o)
                0x0010f89c                decompressV
 .text.rbtree_find
                0x0010fa9c       0x74 /opt/devkitpro/libctru/lib/libctru.a(rbtree_find.o)
                0x0010fa9c                rbtree_find
 .text.rbtree_init
                0x0010fb10       0x10 /opt/devkitpro/libctru/lib/libctru.a(rbtree_init.o)
                0x0010fb10                rbtree_init
 .text.do_insert
                0x0010fb20      0x19c /opt/devkitpro/libctru/lib/libctru.a(rbtree_insert.o)
 .text.rbtree_insert
                0x0010fcbc        0x8 /opt/devkitpro/libctru/lib/libctru.a(rbtree_insert.o)
                0x0010fcbc                rbtree_insert
 .text.rbtree_remove
                0x0010fcc4      0x310 /opt/devkitpro/libctru/lib/libctru.a(rbtree_remove.o)
                0x0010fcc4                rbtree_remove
 .text.rbtree_rotate
                0x0010ffd4       0x90 /opt/devkitpro/libctru/lib/libctru.a(rbtree_rotate.o)
                0x0010ffd4                rbtree_rotate
 .text.utf16_to_utf8
                0x00110064       0xe8 /opt/devkitpro/libctru/lib/libctru.a(utf16_to_utf8.o)
                0x00110064                utf16_to_utf8
 .text.utf8_to_utf16
                0x0011014c       0xc0 /opt/devkitpro/libctru/lib/libctru.a(utf8_to_utf16.o)
                0x0011014c                utf8_to_utf16
 *fill*         0x0011020c        0x4 
 .text.__system_allocateHeaps
                0x00110210      0x1e0 /opt/devkitpro/libctru/lib/libctru.a(allocateHeaps.o)
                0x00110210                __system_allocateHeaps
 .text.__libctru_init
                0x001103f0       0x38 /opt/devkitpro/libctru/lib/libctru.a(ctru_init.o)
                0x001103f0                __libctru_init
 .text.__system_initArgv
                0x00110428      0x160 /opt/devkitpro/libctru/lib/libctru.a(initArgv.o)
                0x00110428                __system_initArgv
 .text.__syscall_getreent
                0x00110588       0x30 /opt/devkitpro/libctru/lib/libctru.a(syscalls.o)
                0x00110588                __syscall_getreent
 .text.__syscall_gettod_r
                0x001105b8       0x64 /opt/devkitpro/libctru/lib/libctru.a(syscalls.o)
                0x001105b8                __syscall_gettod_r
 .text.__syscall_lock_acquire
                0x0011061c        0x4 /opt/devkitpro/libctru/lib/libctru.a(syscalls.o)
                0x0011061c                __syscall_lock_acquire
 .text.__syscall_lock_release
                0x00110620        0x4 /opt/devkitpro/libctru/lib/libctru.a(syscalls.o)
                0x00110620                __syscall_lock_release
 .text.__syscall_lock_acquire_recursive
                0x00110624        0x4 /opt/devkitpro/libctru/lib/libctru.a(syscalls.o)
                0x00110624                __syscall_lock_acquire_recursive
 .text.__syscall_lock_release_recursive
                0x00110628        0x4 /opt/devkitpro/libctru/lib/libctru.a(syscalls.o)
                0x00110628                __syscall_lock_release_recursive
 .text.__syscall_exit
                0x0011062c        0x4 /opt/devkitpro/libctru/lib/libctru.a(syscalls.o)
                0x0011062c                __syscall_exit
 .text.initThreadVars
                0x00110630       0x50 /opt/devkitpro/libctru/lib/libctru.a(syscalls.o)
                0x00110630                initThreadVars
 .text.__system_initSyscalls
                0x00110680       0x80 /opt/devkitpro/libctru/lib/libctru.a(syscalls.o)
                0x00110680                __system_initSyscalls
 .text.svcControlMemory
                0x00110700       0x20 /opt/devkitpro/libctru/lib/libctru.a(svc.o)
                0x00110700                svcControlMemory
 .text.svcQueryMemory
                0x00110720       0x30 /opt/devkitpro/libctru/lib/libctru.a(svc.o)
                0x00110720                svcQueryMemory
 .text.svcExitProcess
                0x00110750        0x8 /opt/devkitpro/libctru/lib/libctru.a(svc.o)
                0x00110750                svcExitProcess
 .text.svcCreateThread
                0x00110758       0x20 /opt/devkitpro/libctru/lib/libctru.a(svc.o)
                0x00110758                svcCreateThread
 .text.svcExitThread
                0x00110778        0x8 /opt/devkitpro/libctru/lib/libctru.a(svc.o)
                0x00110778                svcExitThread
 .text.svcSleepThread
                0x00110780        0x8 /opt/devkitpro/libctru/lib/libctru.a(svc.o)
                0x00110780                svcSleepThread
 .text.svcReleaseMutex
                0x00110788        0x8 /opt/devkitpro/libctru/lib/libctru.a(svc.o)
                0x00110788                svcReleaseMutex
 .text.svcCreateEvent
                0x00110790       0x14 /opt/devkitpro/libctru/lib/libctru.a(svc.o)
                0x00110790                svcCreateEvent
 .text.svcSignalEvent
                0x001107a4        0x8 /opt/devkitpro/libctru/lib/libctru.a(svc.o)
                0x001107a4                svcSignalEvent
 .text.svcClearEvent
                0x001107ac        0x8 /opt/devkitpro/libctru/lib/libctru.a(svc.o)
                0x001107ac                svcClearEvent
 .text.svcMapMemoryBlock
                0x001107b4        0x8 /opt/devkitpro/libctru/lib/libctru.a(svc.o)
                0x001107b4                svcMapMemoryBlock
 .text.svcUnmapMemoryBlock
                0x001107bc        0x8 /opt/devkitpro/libctru/lib/libctru.a(svc.o)
                0x001107bc                svcUnmapMemoryBlock
 .text.svcCreateAddressArbiter
                0x001107c4       0x14 /opt/devkitpro/libctru/lib/libctru.a(svc.o)
                0x001107c4                svcCreateAddressArbiter
 .text.svcArbitrateAddressNoTimeout
                0x001107d8        0x8 /opt/devkitpro/libctru/lib/libctru.a(svc.o)
                0x001107d8                svcArbitrateAddressNoTimeout
 .text.svcCloseHandle
                0x001107e0        0x8 /opt/devkitpro/libctru/lib/libctru.a(svc.o)
                0x001107e0                svcCloseHandle
 .text.svcWaitSynchronization
                0x001107e8        0x8 /opt/devkitpro/libctru/lib/libctru.a(svc.o)
                0x001107e8                svcWaitSynchronization
 .text.svcWaitSynchronizationN
                0x001107f0       0x28 /opt/devkitpro/libctru/lib/libctru.a(svc.o)
                0x001107f0                svcWaitSynchronizationN
 .text.svcDuplicateHandle
                0x00110818       0x14 /opt/devkitpro/libctru/lib/libctru.a(svc.o)
                0x00110818                svcDuplicateHandle
 .text.svcGetSystemTick
                0x0011082c        0x8 /opt/devkitpro/libctru/lib/libctru.a(svc.o)
                0x0011082c                svcGetSystemTick
 .text.svcConnectToPort
                0x00110834       0x14 /opt/devkitpro/libctru/lib/libctru.a(svc.o)
                0x00110834                svcConnectToPort
 .text.svcSendSyncRequest
                0x00110848        0x8 /opt/devkitpro/libctru/lib/libctru.a(svc.o)
                0x00110848                svcSendSyncRequest
 .text.svcGetResourceLimit
                0x00110850       0x14 /opt/devkitpro/libctru/lib/libctru.a(svc.o)
                0x00110850                svcGetResourceLimit
 .text.svcGetResourceLimitLimitValues
                0x00110864        0x8 /opt/devkitpro/libctru/lib/libctru.a(svc.o)
                0x00110864                svcGetResourceLimitLimitValues
 .text.svcGetResourceLimitCurrentValues
                0x0011086c        0x8 /opt/devkitpro/libctru/lib/libctru.a(svc.o)
                0x0011086c                svcGetResourceLimitCurrentValues
 .text.svcBreak
                0x00110874        0x8 /opt/devkitpro/libctru/lib/libctru.a(svc.o)
                0x00110874                svcBreak
 .text.__aeabi_read_tp
                0x0011087c        0xc /opt/devkitpro/libctru/lib/libctru.a(readtp.o)
                0x0011087c                __aeabi_read_tp
 .text.initSystem
                0x00110888       0x50 /opt/devkitpro/libctru/lib/libctru.a(stack_adjust.o)
                0x00110888                initSystem
 .text.__ctru_exit
                0x001108d8       0x14 /opt/devkitpro/libctru/lib/libctru.a(stack_adjust.o)
                0x001108d8                __ctru_exit
 .text.envGetHandle
                0x001108ec       0x84 /opt/devkitpro/libctru/lib/libctru.a(env.o)
                0x001108ec                envGetHandle
 .text.envDestroyHandles
                0x00110970       0x50 /opt/devkitpro/libctru/lib/libctru.a(env.o)
                0x00110970                envDestroyHandles
 .text.srvInit  0x001109c0      0x12c /opt/devkitpro/libctru/lib/libctru.a(srv.o)
                0x001109c0                srvInit
 .text.srvExit  0x00110aec       0x58 /opt/devkitpro/libctru/lib/libctru.a(srv.o)
                0x00110aec                srvExit
 .text.srvEnableNotification
                0x00110b44       0x60 /opt/devkitpro/libctru/lib/libctru.a(srv.o)
                0x00110b44                srvEnableNotification
 .text.srvGetServiceHandleDirect
                0x00110ba4       0xa0 /opt/devkitpro/libctru/lib/libctru.a(srv.o)
                0x00110ba4                srvGetServiceHandleDirect
 .text.srvGetServiceHandle
                0x00110c44       0x38 /opt/devkitpro/libctru/lib/libctru.a(srv.o)
                0x00110c44                srvGetServiceHandle
 .text.srvSubscribe
                0x00110c7c       0x34 /opt/devkitpro/libctru/lib/libctru.a(srv.o)
                0x00110c7c                srvSubscribe
 .text.srvReceiveNotification
                0x00110cb0       0x60 /opt/devkitpro/libctru/lib/libctru.a(srv.o)
                0x00110cb0                srvReceiveNotification
 .text.srvPublishToSubscriber
                0x00110d10       0x38 /opt/devkitpro/libctru/lib/libctru.a(srv.o)
                0x00110d10                srvPublishToSubscriber
 .text.__sync_init
                0x00110d48        0xc /opt/devkitpro/libctru/lib/libctru.a(synchronization.o)
                0x00110d48                __sync_init
 .text.__sync_fini
                0x00110d54       0x18 /opt/devkitpro/libctru/lib/libctru.a(synchronization.o)
                0x00110d54                __sync_fini
 .text.syncArbitrateAddress
                0x00110d6c       0x2c /opt/devkitpro/libctru/lib/libctru.a(synchronization.o)
                0x00110d6c                syncArbitrateAddress
 .text.LightLock_Lock
                0x00110d98       0xb0 /opt/devkitpro/libctru/lib/libctru.a(synchronization.o)
                0x00110d98                LightLock_Lock
 .text.LightLock_Unlock
                0x00110e48       0x40 /opt/devkitpro/libctru/lib/libctru.a(synchronization.o)
                0x00110e48                LightLock_Unlock
 .text.RecursiveLock_Lock
                0x00110e88       0x30 /opt/devkitpro/libctru/lib/libctru.a(synchronization.o)
                0x00110e88                RecursiveLock_Lock
 .text.RecursiveLock_Unlock
                0x00110eb8       0x54 /opt/devkitpro/libctru/lib/libctru.a(synchronization.o)
                0x00110eb8                RecursiveLock_Unlock
 .text.LightEvent_Init
                0x00110f0c       0x40 /opt/devkitpro/libctru/lib/libctru.a(synchronization.o)
                0x00110f0c                LightEvent_Init
 .text.LightEvent_Clear
                0x00110f4c       0xa4 /opt/devkitpro/libctru/lib/libctru.a(synchronization.o)
                0x00110f4c                LightEvent_Clear
 .text.LightEvent_Signal
                0x00110ff0       0xc8 /opt/devkitpro/libctru/lib/libctru.a(synchronization.o)
                0x00110ff0                LightEvent_Signal
 .text.LightEvent_TryWait
                0x001110b8       0x50 /opt/devkitpro/libctru/lib/libctru.a(synchronization.o)
                0x001110b8                LightEvent_TryWait
 .text.LightEvent_Wait
                0x00111108       0xa0 /opt/devkitpro/libctru/lib/libctru.a(synchronization.o)
                0x00111108                LightEvent_Wait
 .text.threadCreate
                0x001111a8      0x1d4 /opt/devkitpro/libctru/lib/libctru.a(thread.o)
                0x001111a8                threadCreate
 .text.threadFree
                0x0011137c       0x2c /opt/devkitpro/libctru/lib/libctru.a(thread.o)
                0x0011137c                threadFree
 .text.threadJoin
                0x001113a8       0x24 /opt/devkitpro/libctru/lib/libctru.a(thread.o)
                0x001113a8                threadJoin
 .text.threadGetCurrent
                0x001113cc       0x30 /opt/devkitpro/libctru/lib/libctru.a(thread.o)
                0x001113cc                threadGetCurrent
 .text.threadExit
                0x001113fc       0x40 /opt/devkitpro/libctru/lib/libctru.a(thread.o)
                0x001113fc                threadExit
 .text._thread_begin
                0x0011143c       0x20 /opt/devkitpro/libctru/lib/libctru.a(thread.o)
 .text.mappableFindAddressWithin
                0x0011145c       0x90 /opt/devkitpro/libctru/lib/libctru.a(mappable.o)
 .text.mappableInit
                0x001114ec       0x28 /opt/devkitpro/libctru/lib/libctru.a(mappable.o)
                0x001114ec                mappableInit
 .text.mappableAlloc
                0x00111514       0x80 /opt/devkitpro/libctru/lib/libctru.a(mappable.o)
                0x00111514                mappableAlloc
 .text.mappableFree
                0x00111594        0x4 /opt/devkitpro/libctru/lib/libctru.a(mappable.o)
                0x00111594                mappableFree
 .text.srvPmGetSessionHandle
                0x00111598        0xc /opt/devkitpro/libctru/lib/libctru.a(srvpm.o)
                0x00111598                srvPmGetSessionHandle
 .text.rbtree_node_next
                0x001115a4       0x5c /opt/devkitpro/libctru/lib/libctru.a(rbtree_iterator.o)
                0x001115a4                rbtree_node_next
 .text.decode_utf16
                0x00111600       0x64 /opt/devkitpro/libctru/lib/libctru.a(decode_utf16.o)
                0x00111600                decode_utf16
 .text.decode_utf8
                0x00111664      0x13c /opt/devkitpro/libctru/lib/libctru.a(decode_utf8.o)
                0x00111664                decode_utf8
 .text.encode_utf16
                0x001117a0       0x54 /opt/devkitpro/libctru/lib/libctru.a(encode_utf16.o)
                0x001117a0                encode_utf16
 .text.encode_utf8
                0x001117f4       0xe0 /opt/devkitpro/libctru/lib/libctru.a(encode_utf8.o)
                0x001117f4                encode_utf8
 .text.__appExit
                0x001118d4       0x30 /opt/devkitpro/libctru/lib/libctru.a(appExit.o)
                0x001118d4                __appExit
 .text.__appInit
                0x00111904       0x30 /opt/devkitpro/libctru/lib/libctru.a(appInit.o)
                0x00111904                __appInit
 .text.__libctru_exit
                0x00111934       0x90 /opt/devkitpro/libctru/lib/libctru.a(ctru_exit.o)
                0x00111934                __libctru_exit
 .text.archive_link
                0x001119c4       0x14 /opt/devkitpro/libctru/lib/libctru.a(archive_dev.o)
 .text.archive_dirreset
                0x001119d8       0x14 /opt/devkitpro/libctru/lib/libctru.a(archive_dev.o)
 .text.archive_chmod
                0x001119ec       0x14 /opt/devkitpro/libctru/lib/libctru.a(archive_dev.o)
 .text.error_cmp
                0x00111a00       0x24 /opt/devkitpro/libctru/lib/libctru.a(archive_dev.o)
 .text.archive_translate_error
                0x00111a24       0x50 /opt/devkitpro/libctru/lib/libctru.a(archive_dev.o)
 .text.archive_seek
                0x00111a74       0xc4 /opt/devkitpro/libctru/lib/libctru.a(archive_dev.o)
 .text._archiveInit.part.0
                0x00111b38       0x78 /opt/devkitpro/libctru/lib/libctru.a(archive_dev.o)
 .text.archiveFindDevice.part.0
                0x00111bb0       0xc4 /opt/devkitpro/libctru/lib/libctru.a(archive_dev.o)
 .text.archive_utf16path
                0x00111c74      0x290 /opt/devkitpro/libctru/lib/libctru.a(archive_dev.o)
 .text._archiveUnmountDeviceStruct.part.0
                0x00111f04       0x9c /opt/devkitpro/libctru/lib/libctru.a(archive_dev.o)
 .text.archive_statvfs
                0x00111fa0       0x14 /opt/devkitpro/libctru/lib/libctru.a(archive_dev.o)
 .text.archive_fchmod
                0x00111fb4       0x14 /opt/devkitpro/libctru/lib/libctru.a(archive_dev.o)
 .text._archiveMountDevice
                0x00111fc8      0x168 /opt/devkitpro/libctru/lib/libctru.a(archive_dev.o)
 .text.archive_diropen
                0x00112130       0xe8 /opt/devkitpro/libctru/lib/libctru.a(archive_dev.o)
 .text.archive_fstat
                0x00112218       0xa4 /opt/devkitpro/libctru/lib/libctru.a(archive_dev.o)
 .text.archive_fsync
                0x001122bc       0x6c /opt/devkitpro/libctru/lib/libctru.a(archive_dev.o)
 .text.archive_close
                0x00112328       0x6c /opt/devkitpro/libctru/lib/libctru.a(archive_dev.o)
 .text.archive_dirclose
                0x00112394       0x70 /opt/devkitpro/libctru/lib/libctru.a(archive_dev.o)
 .text.sdmc_statvfs
                0x00112404       0xe4 /opt/devkitpro/libctru/lib/libctru.a(archive_dev.o)
 .text.archive_chdir
                0x001124e8       0xec /opt/devkitpro/libctru/lib/libctru.a(archive_dev.o)
 .text.archive_ftruncate
                0x001125d4       0x7c /opt/devkitpro/libctru/lib/libctru.a(archive_dev.o)
 .text.archive_read
                0x00112650       0xac /opt/devkitpro/libctru/lib/libctru.a(archive_dev.o)
 .text.archive_unlink
                0x001126fc       0xa4 /opt/devkitpro/libctru/lib/libctru.a(archive_dev.o)
 .text.archive_rmdir
                0x001127a0       0xbc /opt/devkitpro/libctru/lib/libctru.a(archive_dev.o)
 .text.archive_mkdir
                0x0011285c       0xdc /opt/devkitpro/libctru/lib/libctru.a(archive_dev.o)
 .text.archive_stat
                0x00112938      0x194 /opt/devkitpro/libctru/lib/libctru.a(archive_dev.o)
 .text.archive_dirnext
                0x00112acc      0x15c /opt/devkitpro/libctru/lib/libctru.a(archive_dev.o)
 .text.archive_write
                0x00112c28      0x124 /opt/devkitpro/libctru/lib/libctru.a(archive_dev.o)
 *fill*         0x00112d4c        0x4 
 .text.archive_open
                0x00112d50      0x210 /opt/devkitpro/libctru/lib/libctru.a(archive_dev.o)
 .text.archive_rename
                0x00112f60      0x268 /opt/devkitpro/libctru/lib/libctru.a(archive_dev.o)
 .text.archiveMountSdmc
                0x001131c8      0x19c /opt/devkitpro/libctru/lib/libctru.a(archive_dev.o)
                0x001131c8                archiveMountSdmc
 .text.archiveUnmountAll
                0x00113364       0x54 /opt/devkitpro/libctru/lib/libctru.a(archive_dev.o)
                0x00113364                archiveUnmountAll
 .text.sinf     0x001133b8      0x25c /opt/devkitpro/devkitARM/bin/../lib/gcc/arm-none-eabi/14.2.0/../../../../arm-none-eabi/lib/armv6k/fpu/libm.a(libm_a-sinf.o)
                0x001133b8                sinf
 .text.with_errnof
                0x00113614       0x24 /opt/devkitpro/devkitARM/bin/../lib/gcc/arm-none-eabi/14.2.0/../../../../arm-none-eabi/lib/armv6k/fpu/libm.a(libm_a-math_errf.o)
 .text.__math_invalidf
                0x00113638       0x1c /opt/devkitpro/devkitARM/bin/../lib/gcc/arm-none-eabi/14.2.0/../../../../arm-none-eabi/lib/armv6k/fpu/libm.a(libm_a-math_errf.o)
                0x00113638                __math_invalidf
 *fill*         0x00113654        0x4 
 .text.cosf     0x00113658      0x21c /opt/devkitpro/devkitARM/bin/../lib/gcc/arm-none-eabi/14.2.0/../../../../arm-none-eabi/lib/armv6k/fpu/libm.a(libm_a-cosf.o)
                0x00113658                cosf
 .text.__udivmoddi4
                0x00113874      0x120 /opt/devkitpro/devkitARM/bin/../lib/gcc/arm-none-eabi/14.2.0/armv6k/fpu/libgcc.a(_udivmoddi4.o)
                0x00113874                __udivmoddi4
 .text.strncmp  0x00113994       0xd8 /opt/devkitpro/devkitARM/bin/../lib/gcc/arm-none-eabi/14.2.0/../../../../arm-none-eabi/lib/armv6k/fpu/libg.a(libc_a-strncmp.o)
                0x00113994                strncmp
 .text.strchr   0x00113a6c      0x130 /opt/devkitpro/devkitARM/bin/../lib/gcc/arm-none-eabi/14.2.0/../../../../arm-none-eabi/lib/armv6k/fpu/libg.a(libc_a-strchr.o)
                0x00113a6c                strchr
 .text.srand    0x00113b9c       0x1c /opt/devkitpro/devkitARM/bin/../lib/gcc/arm-none-eabi/14.2.0/../../../../arm-none-eabi/lib/armv6k/fpu/libg.a(libc_a-rand.o)
                0x00113b9c                srand
 .text.rand     0x00113bb8       0x44 /opt/devkitpro/devkitARM/bin/../lib/gcc/arm-none-eabi/14.2.0/../../../../arm-none-eabi/lib/armv6k/fpu/libg.a(libc_a-rand.o)
                0x00113bb8                rand
 .text.strlen   0x00113bfc       0x5c /opt/devkitpro/devkitARM/bin/../lib/gcc/arm-none-eabi/14.2.0/../../../../arm-none-eabi/lib/armv6k/fpu/libg.a(libc_a-strlen-stub.o)
                0x00113bfc                strlen
 .text.memcmp   0x00113c58       0xd4 /opt/devkitpro/devkitARM/bin/../lib/gcc/arm-none-eabi/14.2.0/../../../../arm-none-eabi/lib/armv6k/fpu/libg.a(libc_a-memcmp.o)
                0x00113c58                memcmp
 .text._strtoul_l.isra.0
                0x00113d2c      0x1e4 /opt/devkitpro/devkitARM/bin/../lib/gcc/arm-none-eabi/14.2.0/../../../../arm-none-eabi/lib/armv6k/fpu/libg.a(libc_a-strtoul.o)
 .text.strtoul  0x00113f10       0x34 /opt/devkitpro/devkitARM/bin/../lib/gcc/arm-none-eabi/14.2.0/../../../../arm-none-eabi/lib/armv6k/fpu/libg.a(libc_a-strtoul.o)
                0x00113f10                strtoul
 .text.strncat  0x00113f44       0xe4 /opt/devkitpro/devkitARM/bin/../lib/gcc/arm-none-eabi/14.2.0/../../../../arm-none-eabi/lib/armv6k/fpu/libg.a(libc_a-strncat.o)
                0x00113f44                strncat
 .text.bsearch  0x00114028       0x78 /opt/devkitpro/devkitARM/bin/../lib/gcc/arm-none-eabi/14.2.0/../../../../arm-none-eabi/lib/armv6k/fpu/libg.a(libc_a-bsearch.o)
                0x00114028                bsearch
 .text._fread_r
                0x001140a0      0x344 /opt/devkitpro/devkitARM/bin/../lib/gcc/arm-none-eabi/14.2.0/../../../../arm-none-eabi/lib/armv6k/fpu/libg.a(libc_a-fread.o)
                0x001140a0                _fread_r
 .text.fread    0x001143e4       0x38 /opt/devkitpro/devkitARM/bin/../lib/gcc/arm-none-eabi/14.2.0/../../../../arm-none-eabi/lib/armv6k/fpu/libg.a(libc_a-fread.o)
                0x001143e4                fread
 .text.calloc   0x0011441c       0x20 /opt/devkitpro/devkitARM/bin/../lib/gcc/arm-none-eabi/14.2.0/../../../../arm-none-eabi/lib/armv6k/fpu/libg.a(libc_a-calloc.o)
                0x0011441c                calloc
 .text.lflush   0x0011443c       0x38 /opt/devkitpro/devkitARM/bin/../lib/gcc/arm-none-eabi/14.2.0/../../../../arm-none-eabi/lib/armv6k/fpu/libg.a(libc_a-refill.o)
 .text.__srefill_r
                0x00114474      0x19c /opt/devkitpro/devkitARM/bin/../lib/gcc/arm-none-eabi/14.2.0/../../../../arm-none-eabi/lib/armv6k/fpu/libg.a(libc_a-refill.o)
                0x00114474                __srefill_r
 .text._fclose_r
                0x00114610      0x148 /opt/devkitpro/devkitARM/bin/../lib/gcc/arm-none-eabi/14.2.0/../../../../arm-none-eabi/lib/armv6k/fpu/libg.a(libc_a-fclose.o)
                0x00114610                _fclose_r
 .text.fclose   0x00114758       0x18 /opt/devkitpro/devkitARM/bin/../lib/gcc/arm-none-eabi/14.2.0/../../../../arm-none-eabi/lib/armv6k/fpu/libg.a(libc_a-fclose.o)
                0x00114758                fclose
 .text._calloc_r
                0x00114770       0xc0 /opt/devkitpro/devkitARM/bin/../lib/gcc/arm-none-eabi/14.2.0/../../../../arm-none-eabi/lib/armv6k/fpu/libg.a(libc_a-callocr.o)
                0x00114770                _calloc_r
 .text.__smakebuf_r
                0x00114830      0x144 /opt/devkitpro/devkitARM/bin/../lib/gcc/arm-none-eabi/14.2.0/../../../../arm-none-eabi/lib/armv6k/fpu/libg.a(libc_a-makebuf.o)
                0x00114830                __smakebuf_r
 .text.__swhatbuf_r
                0x00114974       0x8c /opt/devkitpro/devkitARM/bin/../lib/gcc/arm-none-eabi/14.2.0/../../../../arm-none-eabi/lib/armv6k/fpu/libg.a(libc_a-makebuf.o)
                0x00114974                __swhatbuf_r
 .text.memalign
                0x00114a00       0x20 /opt/devkitpro/devkitARM/bin/../lib/gcc/arm-none-eabi/14.2.0/../../../../arm-none-eabi/lib/armv6k/fpu/libg.a(libc_a-malign.o)
                0x00114a00                memalign
 .text.stdio_exit_handler
                0x00114a20       0x1c /opt/devkitpro/devkitARM/bin/../lib/gcc/arm-none-eabi/14.2.0/../../../../arm-none-eabi/lib/armv6k/fpu/libg.a(libc_a-findfp.o)
 .text.cleanup_stdio
                0x00114a3c       0x5c /opt/devkitpro/devkitARM/bin/../lib/gcc/arm-none-eabi/14.2.0/../../../../arm-none-eabi/lib/armv6k/fpu/libg.a(libc_a-findfp.o)
 .text.global_stdio_init.part.0
                0x00114a98      0x154 /opt/devkitpro/devkitARM/bin/../lib/gcc/arm-none-eabi/14.2.0/../../../../arm-none-eabi/lib/armv6k/fpu/libg.a(libc_a-findfp.o)
 .text.__sfp    0x00114bec      0x134 /opt/devkitpro/devkitARM/bin/../lib/gcc/arm-none-eabi/14.2.0/../../../../arm-none-eabi/lib/armv6k/fpu/libg.a(libc_a-findfp.o)
                0x00114bec                __sfp
 .text.__sinit  0x00114d20       0x5c /opt/devkitpro/devkitARM/bin/../lib/gcc/arm-none-eabi/14.2.0/../../../../arm-none-eabi/lib/armv6k/fpu/libg.a(libc_a-findfp.o)
                0x00114d20                __sinit
 .text.__sfp_lock_acquire
                0x00114d7c        0xc /opt/devkitpro/devkitARM/bin/../lib/gcc/arm-none-eabi/14.2.0/../../../../arm-none-eabi/lib/armv6k/fpu/libg.a(libc_a-findfp.o)
                0x00114d7c                __sfp_lock_acquire
 .text.__sfp_lock_release
                0x00114d88        0xc /opt/devkitpro/devkitARM/bin/../lib/gcc/arm-none-eabi/14.2.0/../../../../arm-none-eabi/lib/armv6k/fpu/libg.a(libc_a-findfp.o)
                0x00114d88                __sfp_lock_release
 .text._malloc_r
                0x00114d94      0x7e8 /opt/devkitpro/devkitARM/bin/../lib/gcc/arm-none-eabi/14.2.0/../../../../arm-none-eabi/lib/armv6k/fpu/libg.a(libc_a-mallocr.o)
                0x00114d94                _malloc_r
 .text._malloc_trim_r
                0x0011557c       0xf8 /opt/devkitpro/devkitARM/bin/../lib/gcc/arm-none-eabi/14.2.0/../../../../arm-none-eabi/lib/armv6k/fpu/libg.a(libc_a-freer.o)
                0x0011557c                _malloc_trim_r
 .text._free_r  0x00115674      0x300 /opt/devkitpro/devkitARM/bin/../lib/gcc/arm-none-eabi/14.2.0/../../../../arm-none-eabi/lib/armv6k/fpu/libg.a(libc_a-freer.o)
                0x00115674                _free_r
 .text.setvbuf  0x00115974      0x294 /opt/devkitpro/devkitARM/bin/../lib/gcc/arm-none-eabi/14.2.0/../../../../arm-none-eabi/lib/armv6k/fpu/libg.a(libc_a-setvbuf.o)
                0x00115974                setvbuf
 .text.strnlen  0x00115c08       0x4c /opt/devkitpro/devkitARM/bin/../lib/gcc/arm-none-eabi/14.2.0/../../../../arm-none-eabi/lib/armv6k/fpu/libg.a(libc_a-strnlen.o)
                0x00115c08                strnlen
 .text.__errno  0x00115c54        0xc /opt/devkitpro/devkitARM/bin/../lib/gcc/arm-none-eabi/14.2.0/../../../../arm-none-eabi/lib/armv6k/fpu/libg.a(libc_a-errno.o)
                0x00115c54                __errno
 .text.malloc   0x00115c60       0x34 /opt/devkitpro/devkitARM/bin/../lib/gcc/arm-none-eabi/14.2.0/../../../../arm-none-eabi/lib/armv6k/fpu/libg.a(libc_a-malloc.o)
                0x00115c60                malloc
 .text.free     0x00115c94       0x18 /opt/devkitpro/devkitARM/bin/../lib/gcc/arm-none-eabi/14.2.0/../../../../arm-none-eabi/lib/armv6k/fpu/libg.a(libc_a-malloc.o)
                0x00115c94                free
 .text.memcpy   0x00115cac      0x130 /opt/devkitpro/devkitARM/bin/../lib/gcc/arm-none-eabi/14.2.0/../../../../arm-none-eabi/lib/armv6k/fpu/libg.a(libc_a-memcpy-stub.o)
                0x00115cac                memcpy
 .text.printf   0x00115ddc       0x34 /opt/devkitpro/devkitARM/bin/../lib/gcc/arm-none-eabi/14.2.0/../../../../arm-none-eabi/lib/armv6k/fpu/libg.a(libc_a-printf.o)
                0x00115ddc                printf
 .text._fopen_r
                0x00115e10      0x134 /opt/devkitpro/devkitARM/bin/../lib/gcc/arm-none-eabi/14.2.0/../../../../arm-none-eabi/lib/armv6k/fpu/libg.a(libc_a-fopen.o)
                0x00115e10                _fopen_r
 .text.fopen    0x00115f44       0x20 /opt/devkitpro/devkitARM/bin/../lib/gcc/arm-none-eabi/14.2.0/../../../../arm-none-eabi/lib/armv6k/fpu/libg.a(libc_a-fopen.o)
                0x00115f44                fopen
 .text.time     0x00115f64       0x4c /opt/devkitpro/devkitARM/bin/../lib/gcc/arm-none-eabi/14.2.0/../../../../arm-none-eabi/lib/armv6k/fpu/libg.a(libc_a-time.o)
                0x00115f64                time
 .text.memset   0x00115fb0       0xe8 /opt/devkitpro/devkitARM/bin/../lib/gcc/arm-none-eabi/14.2.0/../../../../arm-none-eabi/lib/armv6k/fpu/libg.a(libc_a-memset.o)
                0x00115fb0                memset
 .text._fwalk_sglue
                0x00116098       0x70 /opt/devkitpro/devkitARM/bin/../lib/gcc/arm-none-eabi/14.2.0/../../../../arm-none-eabi/lib/armv6k/fpu/libg.a(libc_a-fwalk.o)
                0x00116098                _fwalk_sglue
 .text.__malloc_lock
                0x00116108        0xc /opt/devkitpro/devkitARM/bin/../lib/gcc/arm-none-eabi/14.2.0/../../../../arm-none-eabi/lib/armv6k/fpu/libg.a(libc_a-mlock.o)
                0x00116108                __malloc_lock
 .text.__malloc_unlock
                0x00116114        0xc /opt/devkitpro/devkitARM/bin/../lib/gcc/arm-none-eabi/14.2.0/../../../../arm-none-eabi/lib/armv6k/fpu/libg.a(libc_a-mlock.o)
                0x00116114                __malloc_unlock
 .text.__call_exitprocs
                0x00116120        0x4 /opt/devkitpro/devkitARM/bin/../lib/gcc/arm-none-eabi/14.2.0/../../../../arm-none-eabi/lib/armv6k/fpu/libg.a(libc_a-exit.o)
                0x00116120                __call_exitprocs
 .text.exit     0x00116124       0x30 /opt/devkitpro/devkitARM/bin/../lib/gcc/arm-none-eabi/14.2.0/../../../../arm-none-eabi/lib/armv6k/fpu/libg.a(libc_a-exit.o)
                0x00116124                exit
 .text._fseek_r
                0x00116154       0x1c /opt/devkitpro/devkitARM/bin/../lib/gcc/arm-none-eabi/14.2.0/../../../../arm-none-eabi/lib/armv6k/fpu/libg.a(libc_a-fseek.o)
                0x00116154                _fseek_r
 .text.strncpy  0x00116170       0xc4 /opt/devkitpro/devkitARM/bin/../lib/gcc/arm-none-eabi/14.2.0/../../../../arm-none-eabi/lib/armv6k/fpu/libg.a(libc_a-strncpy.o)
                0x00116170                strncpy
 .text.__sflags
                0x00116234       0xb4 /opt/devkitpro/devkitARM/bin/../lib/gcc/arm-none-eabi/14.2.0/../../../../arm-none-eabi/lib/armv6k/fpu/libg.a(libc_a-flags.o)
                0x00116234                __sflags
 .text.__libc_init_array
                0x001162e8       0x84 /opt/devkitpro/devkitARM/bin/../lib/gcc/arm-none-eabi/14.2.0/../../../../arm-none-eabi/lib/armv6k/fpu/libg.a(libc_a-init.o)
                0x001162e8                __libc_init_array
 .text.__sflush_r
                0x0011636c      0x228 /opt/devkitpro/devkitARM/bin/../lib/gcc/arm-none-eabi/14.2.0/../../../../arm-none-eabi/lib/armv6k/fpu/libg.a(libc_a-fflush.o)
                0x0011636c                __sflush_r
 .text._fflush_r
                0x00116594       0x94 /opt/devkitpro/devkitARM/bin/../lib/gcc/arm-none-eabi/14.2.0/../../../../arm-none-eabi/lib/armv6k/fpu/libg.a(libc_a-fflush.o)
                0x00116594                _fflush_r
 .text._memalign_r
                0x00116628      0x150 /opt/devkitpro/devkitARM/bin/../lib/gcc/arm-none-eabi/14.2.0/../../../../arm-none-eabi/lib/armv6k/fpu/libg.a(libc_a-malignr.o)
                0x00116628                _memalign_r
 .text.__libc_fini_array
                0x00116778       0x3c /opt/devkitpro/devkitARM/bin/../lib/gcc/arm-none-eabi/14.2.0/../../../../arm-none-eabi/lib/armv6k/fpu/libg.a(libc_a-fini.o)
                0x00116778                __libc_fini_array
 .text._fseeko_r
                0x001167b4      0x58c /opt/devkitpro/devkitARM/bin/../lib/gcc/arm-none-eabi/14.2.0/../../../../arm-none-eabi/lib/armv6k/fpu/libg.a(libc_a-fseeko.o)
                0x001167b4                _fseeko_r
 .text.__sread  0x00116d40       0x44 /opt/devkitpro/devkitARM/bin/../lib/gcc/arm-none-eabi/14.2.0/../../../../arm-none-eabi/lib/armv6k/fpu/libg.a(libc_a-stdio.o)
                0x00116d40                __sread
 .text.__swrite
                0x00116d84       0x68 /opt/devkitpro/devkitARM/bin/../lib/gcc/arm-none-eabi/14.2.0/../../../../arm-none-eabi/lib/armv6k/fpu/libg.a(libc_a-stdio.o)
                0x00116d84                __swrite
 .text.__sseek  0x00116dec       0x40 /opt/devkitpro/devkitARM/bin/../lib/gcc/arm-none-eabi/14.2.0/../../../../arm-none-eabi/lib/armv6k/fpu/libg.a(libc_a-stdio.o)
                0x00116dec                __sseek
 .text.__sclose
                0x00116e2c        0x8 /opt/devkitpro/devkitARM/bin/../lib/gcc/arm-none-eabi/14.2.0/../../../../arm-none-eabi/lib/armv6k/fpu/libg.a(libc_a-stdio.o)
                0x00116e2c                __sclose
 .text.get_arg  0x00116e34      0x5e4 /opt/devkitpro/devkitARM/bin/../lib/gcc/arm-none-eabi/14.2.0/../../../../arm-none-eabi/lib/armv6k/fpu/libg.a(libc_a-vfprintf.o)
 .text._vfprintf_r
                0x00117418     0x342c /opt/devkitpro/devkitARM/bin/../lib/gcc/arm-none-eabi/14.2.0/../../../../arm-none-eabi/lib/armv6k/fpu/libg.a(libc_a-vfprintf.o)
                0x00117418                _vfprintf_r
 .text.__sbprintf
                0x0011a844       0xb8 /opt/devkitpro/devkitARM/bin/../lib/gcc/arm-none-eabi/14.2.0/../../../../arm-none-eabi/lib/armv6k/fpu/libg.a(libc_a-vfprintf.o)
 .text.quorem   0x0011a8fc      0x1b4 /opt/devkitpro/devkitARM/bin/../lib/gcc/arm-none-eabi/14.2.0/../../../../arm-none-eabi/lib/armv6k/fpu/libg.a(libc_a-dtoa.o)
 .text._dtoa_r  0x0011aab0     0x1370 /opt/devkitpro/devkitARM/bin/../lib/gcc/arm-none-eabi/14.2.0/../../../../arm-none-eabi/lib/armv6k/fpu/libg.a(libc_a-dtoa.o)
                0x0011aab0                _dtoa_r
 .text._wcrtomb_r
                0x0011be20       0xa0 /opt/devkitpro/devkitARM/bin/../lib/gcc/arm-none-eabi/14.2.0/../../../../arm-none-eabi/lib/armv6k/fpu/libg.a(libc_a-wcrtomb.o)
                0x0011be20                _wcrtomb_r
 .text._wcsrtombs_r
                0x0011bec0       0x28 /opt/devkitpro/devkitARM/bin/../lib/gcc/arm-none-eabi/14.2.0/../../../../arm-none-eabi/lib/armv6k/fpu/libg.a(libc_a-wcsrtombs.o)
                0x0011bec0                _wcsrtombs_r
 .text.__swsetup_r
                0x0011bee8      0x194 /opt/devkitpro/devkitARM/bin/../lib/gcc/arm-none-eabi/14.2.0/../../../../arm-none-eabi/lib/armv6k/fpu/libg.a(libc_a-wsetup.o)
                0x0011bee8                __swsetup_r
 *fill*         0x0011c07c        0x4 
 .text.frexp    0x0011c080       0x88 /opt/devkitpro/devkitARM/bin/../lib/gcc/arm-none-eabi/14.2.0/../../../../arm-none-eabi/lib/armv6k/fpu/libg.a(libm_a-s_frexp.o)
                0x0011c080                frexp
 .text.__assert_func
                0x0011c108       0x5c /opt/devkitpro/devkitARM/bin/../lib/gcc/arm-none-eabi/14.2.0/../../../../arm-none-eabi/lib/armv6k/fpu/libg.a(libc_a-assert.o)
                0x0011c108                __assert_func
 .text._Balloc  0x0011c164       0x88 /opt/devkitpro/devkitARM/bin/../lib/gcc/arm-none-eabi/14.2.0/../../../../arm-none-eabi/lib/armv6k/fpu/libg.a(libc_a-mprec.o)
                0x0011c164                _Balloc
 .text._Bfree   0x0011c1ec       0x1c /opt/devkitpro/devkitARM/bin/../lib/gcc/arm-none-eabi/14.2.0/../../../../arm-none-eabi/lib/armv6k/fpu/libg.a(libc_a-mprec.o)
                0x0011c1ec                _Bfree
 .text.__multadd
                0x0011c208       0xf4 /opt/devkitpro/devkitARM/bin/../lib/gcc/arm-none-eabi/14.2.0/../../../../arm-none-eabi/lib/armv6k/fpu/libg.a(libc_a-mprec.o)
                0x0011c208                __multadd
 .text.__hi0bits
                0x0011c2fc       0x80 /opt/devkitpro/devkitARM/bin/../lib/gcc/arm-none-eabi/14.2.0/../../../../arm-none-eabi/lib/armv6k/fpu/libg.a(libc_a-mprec.o)
                0x0011c2fc                __hi0bits
 .text.__lo0bits
                0x0011c37c       0xf4 /opt/devkitpro/devkitARM/bin/../lib/gcc/arm-none-eabi/14.2.0/../../../../arm-none-eabi/lib/armv6k/fpu/libg.a(libc_a-mprec.o)
                0x0011c37c                __lo0bits
 .text.__i2b    0x0011c470       0xa4 /opt/devkitpro/devkitARM/bin/../lib/gcc/arm-none-eabi/14.2.0/../../../../arm-none-eabi/lib/armv6k/fpu/libg.a(libc_a-mprec.o)
                0x0011c470                __i2b
 .text.__multiply
                0x0011c514      0x208 /opt/devkitpro/devkitARM/bin/../lib/gcc/arm-none-eabi/14.2.0/../../../../arm-none-eabi/lib/armv6k/fpu/libg.a(libc_a-mprec.o)
                0x0011c514                __multiply
 .text.__pow5mult
                0x0011c71c      0x130 /opt/devkitpro/devkitARM/bin/../lib/gcc/arm-none-eabi/14.2.0/../../../../arm-none-eabi/lib/armv6k/fpu/libg.a(libc_a-mprec.o)
                0x0011c71c                __pow5mult
 .text.__lshift
                0x0011c84c      0x138 /opt/devkitpro/devkitARM/bin/../lib/gcc/arm-none-eabi/14.2.0/../../../../arm-none-eabi/lib/armv6k/fpu/libg.a(libc_a-mprec.o)
                0x0011c84c                __lshift
 .text.__mcmp   0x0011c984       0x58 /opt/devkitpro/devkitARM/bin/../lib/gcc/arm-none-eabi/14.2.0/../../../../arm-none-eabi/lib/armv6k/fpu/libg.a(libc_a-mprec.o)
                0x0011c984                __mcmp
 .text.__mdiff  0x0011c9dc      0x1f0 /opt/devkitpro/devkitARM/bin/../lib/gcc/arm-none-eabi/14.2.0/../../../../arm-none-eabi/lib/armv6k/fpu/libg.a(libc_a-mprec.o)
                0x0011c9dc                __mdiff
 .text.__d2b    0x0011cbcc      0x120 /opt/devkitpro/devkitARM/bin/../lib/gcc/arm-none-eabi/14.2.0/../../../../arm-none-eabi/lib/armv6k/fpu/libg.a(libc_a-mprec.o)
                0x0011cbcc                __d2b
 .text.__locale_mb_cur_max
                0x0011ccec       0x24 /opt/devkitpro/devkitARM/bin/../lib/gcc/arm-none-eabi/14.2.0/../../../../arm-none-eabi/lib/armv6k/fpu/libg.a(libc_a-locale.o)
                0x0011ccec                __locale_mb_cur_max
 .text.fiprintf
                0x0011cd10       0x3c /opt/devkitpro/devkitARM/bin/../lib/gcc/arm-none-eabi/14.2.0/../../../../arm-none-eabi/lib/armv6k/fpu/libg.a(libc_a-fiprintf.o)
                0x0011cd10                fiprintf
 .text.memchr   0x0011cd4c       0xe0 /opt/devkitpro/devkitARM/bin/../lib/gcc/arm-none-eabi/14.2.0/../../../../arm-none-eabi/lib/armv6k/fpu/libg.a(libc_a-memchr-stub.o)
                0x0011cd4c                memchr
 .text._wcsnrtombs_l
                0x0011ce2c      0x160 /opt/devkitpro/devkitARM/bin/../lib/gcc/arm-none-eabi/14.2.0/../../../../arm-none-eabi/lib/armv6k/fpu/libg.a(libc_a-wcsnrtombs.o)
                0x0011ce2c                _wcsnrtombs_l
 .text._wcsnrtombs_r
                0x0011cf8c       0x64 /opt/devkitpro/devkitARM/bin/../lib/gcc/arm-none-eabi/14.2.0/../../../../arm-none-eabi/lib/armv6k/fpu/libg.a(libc_a-wcsnrtombs.o)
                0x0011cf8c                _wcsnrtombs_r
 .text.__utf8_mbtowc
                0x0011cff0      0x324 /opt/devkitpro/devkitARM/bin/../lib/gcc/arm-none-eabi/14.2.0/../../../../arm-none-eabi/lib/armv6k/fpu/libg.a(libc_a-mbtowc_r.o)
                0x0011cff0                __utf8_mbtowc
 .text.__sprint_r
                0x0011d314       0x30 /opt/devkitpro/devkitARM/bin/../lib/gcc/arm-none-eabi/14.2.0/../../../../arm-none-eabi/lib/armv6k/fpu/libg.a(libc_a-sprint_r.o)
                0x0011d314                __sprint_r
 .text.abort    0x0011d344       0x14 /opt/devkitpro/devkitARM/bin/../lib/gcc/arm-none-eabi/14.2.0/../../../../arm-none-eabi/lib/armv6k/fpu/libg.a(libc_a-abort.o)
                0x0011d344                abort
 .text._localeconv_r
                0x0011d358       0x24 /opt/devkitpro/devkitARM/bin/../lib/gcc/arm-none-eabi/14.2.0/../../../../arm-none-eabi/lib/armv6k/fpu/libg.a(libc_a-localeconv.o)
                0x0011d358                _localeconv_r
 .text.__utf8_wctomb
                0x0011d37c       0xf0 /opt/devkitpro/devkitARM/bin/../lib/gcc/arm-none-eabi/14.2.0/../../../../arm-none-eabi/lib/armv6k/fpu/libg.a(libc_a-wctomb_r.o)
                0x0011d37c                __utf8_wctomb
 .text.memmove  0x0011d46c      0x160 /opt/devkitpro/devkitARM/bin/../lib/gcc/arm-none-eabi/14.2.0/../../../../arm-none-eabi/lib/armv6k/fpu/libg.a(libc_a-memmove.o)
                0x0011d46c                memmove
 .text._raise_r
                0x0011d5cc       0x90 /opt/devkitpro/devkitARM/bin/../lib/gcc/arm-none-eabi/14.2.0/../../../../arm-none-eabi/lib/armv6k/fpu/libg.a(libc_a-signal.o)
                0x0011d5cc                _raise_r
 .text.raise    0x0011d65c       0x18 /opt/devkitpro/devkitARM/bin/../lib/gcc/arm-none-eabi/14.2.0/../../../../arm-none-eabi/lib/armv6k/fpu/libg.a(libc_a-signal.o)
                0x0011d65c                raise
 .text.__sfvwrite_r
                0x0011d674      0x480 /opt/devkitpro/devkitARM/bin/../lib/gcc/arm-none-eabi/14.2.0/../../../../arm-none-eabi/lib/armv6k/fpu/libg.a(libc_a-fvwrite.o)
                0x0011d674                __sfvwrite_r
 .text.get_arg  0x0011daf4      0x5e4 /opt/devkitpro/devkitARM/bin/../lib/gcc/arm-none-eabi/14.2.0/../../../../arm-none-eabi/lib/armv6k/fpu/libg.a(libc_a-vfiprintf.o)
 .text._vfiprintf_r
                0x0011e0d8     0x2264 /opt/devkitpro/devkitARM/bin/../lib/gcc/arm-none-eabi/14.2.0/../../../../arm-none-eabi/lib/armv6k/fpu/libg.a(libc_a-vfiprintf.o)
                0x0011e0d8                _vfiprintf_r
 .text.__sbprintf
                0x0012033c       0xb8 /opt/devkitpro/devkitARM/bin/../lib/gcc/arm-none-eabi/14.2.0/../../../../arm-none-eabi/lib/armv6k/fpu/libg.a(libc_a-vfiprintf.o)
 .text._realloc_r
                0x001203f4      0x4a4 /opt/devkitpro/devkitARM/bin/../lib/gcc/arm-none-eabi/14.2.0/../../../../arm-none-eabi/lib/armv6k/fpu/libg.a(libc_a-reallocr.o)
                0x001203f4                _realloc_r
 .text._exit    0x00120898       0x20 /opt/devkitpro/devkitARM/bin/../lib/gcc/arm-none-eabi/14.2.0/../../../../arm-none-eabi/lib/armv6k/fpu/libsysbase.a(libsysbase_libsysbase_a-_exit.o)
                0x00120898                _exit
 .text.chdir    0x001208b8      0x13c /opt/devkitpro/devkitARM/bin/../lib/gcc/arm-none-eabi/14.2.0/../../../../arm-none-eabi/lib/armv6k/fpu/libsysbase.a(libsysbase_libsysbase_a-chdir.o)
                0x001208b8                chdir
 .text._concatenate_path
                0x001209f4      0x1cc /opt/devkitpro/devkitARM/bin/../lib/gcc/arm-none-eabi/14.2.0/../../../../arm-none-eabi/lib/armv6k/fpu/libsysbase.a(libsysbase_libsysbase_a-concatenate.o)
                0x001209f4                _concatenate_path
 .text._fstat_r
                0x00120bc0       0x88 /opt/devkitpro/devkitARM/bin/../lib/gcc/arm-none-eabi/14.2.0/../../../../arm-none-eabi/lib/armv6k/fpu/libsysbase.a(libsysbase_libsysbase_a-fstat.o)
                0x00120bc0                _fstat_r
 .text._getpid_r
                0x00120c48       0x14 /opt/devkitpro/devkitARM/bin/../lib/gcc/arm-none-eabi/14.2.0/../../../../arm-none-eabi/lib/armv6k/fpu/libsysbase.a(libsysbase_libsysbase_a-getpid.o)
                0x00120c48                _getpid_r
 .text.__getreent
                0x00120c5c       0x2c /opt/devkitpro/devkitARM/bin/../lib/gcc/arm-none-eabi/14.2.0/../../../../arm-none-eabi/lib/armv6k/fpu/libsysbase.a(libsysbase_libsysbase_a-getreent.o)
                0x00120c5c                __getreent
 .text._gettimeofday_r
                0x00120c88       0x30 /opt/devkitpro/devkitARM/bin/../lib/gcc/arm-none-eabi/14.2.0/../../../../arm-none-eabi/lib/armv6k/fpu/libsysbase.a(libsysbase_libsysbase_a-gettod.o)
                0x00120c88                _gettimeofday_r
 .text.__release_handle
                0x00120cb8       0x8c /opt/devkitpro/devkitARM/bin/../lib/gcc/arm-none-eabi/14.2.0/../../../../arm-none-eabi/lib/armv6k/fpu/libsysbase.a(libsysbase_libsysbase_a-handle_manager.o)
                0x00120cb8                __release_handle
 .text.__alloc_handle
                0x00120d44       0xb0 /opt/devkitpro/devkitARM/bin/../lib/gcc/arm-none-eabi/14.2.0/../../../../arm-none-eabi/lib/armv6k/fpu/libsysbase.a(libsysbase_libsysbase_a-handle_manager.o)
                0x00120d44                __alloc_handle
 .text.__get_handle
                0x00120df4       0x3c /opt/devkitpro/devkitARM/bin/../lib/gcc/arm-none-eabi/14.2.0/../../../../arm-none-eabi/lib/armv6k/fpu/libsysbase.a(libsysbase_libsysbase_a-handle_manager.o)
                0x00120df4                __get_handle
 .text._close_r
                0x00120e30       0xf4 /opt/devkitpro/devkitARM/bin/../lib/gcc/arm-none-eabi/14.2.0/../../../../arm-none-eabi/lib/armv6k/fpu/libsysbase.a(libsysbase_libsysbase_a-handle_manager.o)
                0x00120e30                _close_r
 .text.null_write
                0x00120f24        0x8 /opt/devkitpro/devkitARM/bin/../lib/gcc/arm-none-eabi/14.2.0/../../../../arm-none-eabi/lib/armv6k/fpu/libsysbase.a(libsysbase_libsysbase_a-iosupport.o)
 .text.setDefaultDevice
                0x00120f2c       0x18 /opt/devkitpro/devkitARM/bin/../lib/gcc/arm-none-eabi/14.2.0/../../../../arm-none-eabi/lib/armv6k/fpu/libsysbase.a(libsysbase_libsysbase_a-iosupport.o)
                0x00120f2c                setDefaultDevice
 .text.FindDevice
                0x00120f44       0xc8 /opt/devkitpro/devkitARM/bin/../lib/gcc/arm-none-eabi/14.2.0/../../../../arm-none-eabi/lib/armv6k/fpu/libsysbase.a(libsysbase_libsysbase_a-iosupport.o)
                0x00120f44                FindDevice
 .text.RemoveDevice
                0x0012100c       0x28 /opt/devkitpro/devkitARM/bin/../lib/gcc/arm-none-eabi/14.2.0/../../../../arm-none-eabi/lib/armv6k/fpu/libsysbase.a(libsysbase_libsysbase_a-iosupport.o)
                0x0012100c                RemoveDevice
 .text.AddDevice
                0x00121034       0x98 /opt/devkitpro/devkitARM/bin/../lib/gcc/arm-none-eabi/14.2.0/../../../../arm-none-eabi/lib/armv6k/fpu/libsysbase.a(libsysbase_libsysbase_a-iosupport.o)
                0x00121034                AddDevice
 .text.GetDeviceOpTab
                0x001210cc       0x20 /opt/devkitpro/devkitARM/bin/../lib/gcc/arm-none-eabi/14.2.0/../../../../arm-none-eabi/lib/armv6k/fpu/libsysbase.a(libsysbase_libsysbase_a-iosupport.o)
                0x001210cc                GetDeviceOpTab
 .text._isatty_r
                0x001210ec        0x8 /opt/devkitpro/devkitARM/bin/../lib/gcc/arm-none-eabi/14.2.0/../../../../arm-none-eabi/lib/armv6k/fpu/libsysbase.a(libsysbase_libsysbase_a-isatty.o)
                0x001210ec                _isatty_r
 .text._kill_r  0x001210f4       0x14 /opt/devkitpro/devkitARM/bin/../lib/gcc/arm-none-eabi/14.2.0/../../../../arm-none-eabi/lib/armv6k/fpu/libsysbase.a(libsysbase_libsysbase_a-kill.o)
                0x001210f4                _kill_r
 .text._lseek_r
                0x00121108       0x8c /opt/devkitpro/devkitARM/bin/../lib/gcc/arm-none-eabi/14.2.0/../../../../arm-none-eabi/lib/armv6k/fpu/libsysbase.a(libsysbase_libsysbase_a-lseek.o)
                0x00121108                _lseek_r
 .text._open_r  0x00121194       0xbc /opt/devkitpro/devkitARM/bin/../lib/gcc/arm-none-eabi/14.2.0/../../../../arm-none-eabi/lib/armv6k/fpu/libsysbase.a(libsysbase_libsysbase_a-open.o)
                0x00121194                _open_r
 .text._read_r  0x00121250       0x88 /opt/devkitpro/devkitARM/bin/../lib/gcc/arm-none-eabi/14.2.0/../../../../arm-none-eabi/lib/armv6k/fpu/libsysbase.a(libsysbase_libsysbase_a-read.o)
                0x00121250                _read_r